smoke-test	Set up job	﻿2025-12-26T03:48:10.5278381Z Current runner version: '2.330.0'
smoke-test	Set up job	2025-12-26T03:48:10.5303413Z ##[group]Runner Image Provisioner
smoke-test	Set up job	2025-12-26T03:48:10.5304314Z Hosted Compute Agent
smoke-test	Set up job	2025-12-26T03:48:10.5305211Z Version: 20251211.462
smoke-test	Set up job	2025-12-26T03:48:10.5305789Z Commit: 6cbad8c2bb55d58165063d031ccabf57e2d2db61
smoke-test	Set up job	2025-12-26T03:48:10.5306556Z Build Date: 2025-12-11T16:28:49Z
smoke-test	Set up job	2025-12-26T03:48:10.5307154Z Worker ID: {86a52983-1493-4162-9fd9-9f61d7bbb96d}
smoke-test	Set up job	2025-12-26T03:48:10.5307836Z ##[endgroup]
smoke-test	Set up job	2025-12-26T03:48:10.5308398Z ##[group]Operating System
smoke-test	Set up job	2025-12-26T03:48:10.5308955Z Ubuntu
smoke-test	Set up job	2025-12-26T03:48:10.5309392Z 24.04.3
smoke-test	Set up job	2025-12-26T03:48:10.5309885Z LTS
smoke-test	Set up job	2025-12-26T03:48:10.5310293Z ##[endgroup]
smoke-test	Set up job	2025-12-26T03:48:10.5310798Z ##[group]Runner Image
smoke-test	Set up job	2025-12-26T03:48:10.5311384Z Image: ubuntu-24.04
smoke-test	Set up job	2025-12-26T03:48:10.5311844Z Version: 20251215.174.1
smoke-test	Set up job	2025-12-26T03:48:10.5312855Z Included Software: https://github.com/actions/runner-images/blob/ubuntu24/20251215.174/images/ubuntu/Ubuntu2404-Readme.md
smoke-test	Set up job	2025-12-26T03:48:10.5314216Z Image Release: https://github.com/actions/runner-images/releases/tag/ubuntu24%2F20251215.174
smoke-test	Set up job	2025-12-26T03:48:10.5315638Z ##[endgroup]
smoke-test	Set up job	2025-12-26T03:48:10.5316908Z ##[group]GITHUB_TOKEN Permissions
smoke-test	Set up job	2025-12-26T03:48:10.5318729Z Contents: write
smoke-test	Set up job	2025-12-26T03:48:10.5319346Z Issues: write
smoke-test	Set up job	2025-12-26T03:48:10.5319807Z Metadata: read
smoke-test	Set up job	2025-12-26T03:48:10.5320328Z Packages: write
smoke-test	Set up job	2025-12-26T03:48:10.5320770Z ##[endgroup]
smoke-test	Set up job	2025-12-26T03:48:10.5322900Z Secret source: Actions
smoke-test	Set up job	2025-12-26T03:48:10.5323618Z Prepare workflow directory
smoke-test	Set up job	2025-12-26T03:48:10.5665220Z Prepare all required actions
smoke-test	Set up job	2025-12-26T03:48:10.5702983Z Getting action download info
smoke-test	Set up job	2025-12-26T03:48:10.8540690Z Download action repository 'actions/checkout@08c6903cd8c0fde910a37f88322edcfb5dd907a8' (SHA:08c6903cd8c0fde910a37f88322edcfb5dd907a8)
smoke-test	Set up job	2025-12-26T03:48:11.2021271Z Complete job name: smoke-test
smoke-test	Checkout	﻿2025-12-26T03:48:11.2848878Z ##[group]Run actions/checkout@08c6903cd8c0fde910a37f88322edcfb5dd907a8
smoke-test	Checkout	2025-12-26T03:48:11.2849905Z with:
smoke-test	Checkout	2025-12-26T03:48:11.2850322Z   ref: f568d81e1a9d21e0fed857d76de67a913f4924c4
smoke-test	Checkout	2025-12-26T03:48:11.2850878Z   fetch-depth: 0
smoke-test	Checkout	2025-12-26T03:48:11.2851348Z   repository: Prof-Harita/terminaI
smoke-test	Checkout	2025-12-26T03:48:11.2852029Z   token: ***
smoke-test	Checkout	2025-12-26T03:48:11.2852412Z   ssh-strict: true
smoke-test	Checkout	2025-12-26T03:48:11.2852786Z   ssh-user: git
smoke-test	Checkout	2025-12-26T03:48:11.2853176Z   persist-credentials: true
smoke-test	Checkout	2025-12-26T03:48:11.2853599Z   clean: true
smoke-test	Checkout	2025-12-26T03:48:11.2853978Z   sparse-checkout-cone-mode: true
smoke-test	Checkout	2025-12-26T03:48:11.2854441Z   fetch-tags: false
smoke-test	Checkout	2025-12-26T03:48:11.2854978Z   show-progress: true
smoke-test	Checkout	2025-12-26T03:48:11.2855374Z   lfs: false
smoke-test	Checkout	2025-12-26T03:48:11.2855724Z   submodules: false
smoke-test	Checkout	2025-12-26T03:48:11.2856111Z   set-safe-directory: true
smoke-test	Checkout	2025-12-26T03:48:11.2856817Z ##[endgroup]
smoke-test	Checkout	2025-12-26T03:48:11.3781405Z Syncing repository: Prof-Harita/terminaI
smoke-test	Checkout	2025-12-26T03:48:11.3783166Z ##[group]Getting Git version info
smoke-test	Checkout	2025-12-26T03:48:11.3783922Z Working directory is '/home/runner/work/terminaI/terminaI'
smoke-test	Checkout	2025-12-26T03:48:11.3785137Z [command]/usr/bin/git version
smoke-test	Checkout	2025-12-26T03:48:11.3860795Z git version 2.52.0
smoke-test	Checkout	2025-12-26T03:48:11.3883099Z ##[endgroup]
smoke-test	Checkout	2025-12-26T03:48:11.3898764Z Temporarily overriding HOME='/home/runner/work/_temp/328b05ad-abc6-4678-87d1-0e7cc823bbc9' before making global git config changes
smoke-test	Checkout	2025-12-26T03:48:11.3900231Z Adding repository directory to the temporary git global config as a safe directory
smoke-test	Checkout	2025-12-26T03:48:11.3904080Z [command]/usr/bin/git config --global --add safe.directory /home/runner/work/terminaI/terminaI
smoke-test	Checkout	2025-12-26T03:48:11.3957177Z Deleting the contents of '/home/runner/work/terminaI/terminaI'
smoke-test	Checkout	2025-12-26T03:48:11.3961038Z ##[group]Initializing the repository
smoke-test	Checkout	2025-12-26T03:48:11.3966119Z [command]/usr/bin/git init /home/runner/work/terminaI/terminaI
smoke-test	Checkout	2025-12-26T03:48:11.4085330Z hint: Using 'master' as the name for the initial branch. This default branch name
smoke-test	Checkout	2025-12-26T03:48:11.4086503Z hint: will change to "main" in Git 3.0. To configure the initial branch name
smoke-test	Checkout	2025-12-26T03:48:11.4087495Z hint: to use in all of your new repositories, which will suppress this warning,
smoke-test	Checkout	2025-12-26T03:48:11.4088473Z hint: call:
smoke-test	Checkout	2025-12-26T03:48:11.4089090Z hint:
smoke-test	Checkout	2025-12-26T03:48:11.4089575Z hint: 	git config --global init.defaultBranch <name>
smoke-test	Checkout	2025-12-26T03:48:11.4090145Z hint:
smoke-test	Checkout	2025-12-26T03:48:11.4090669Z hint: Names commonly chosen instead of 'master' are 'main', 'trunk' and
smoke-test	Checkout	2025-12-26T03:48:11.4091540Z hint: 'development'. The just-created branch can be renamed via this command:
smoke-test	Checkout	2025-12-26T03:48:11.4092227Z hint:
smoke-test	Checkout	2025-12-26T03:48:11.4092593Z hint: 	git branch -m <name>
smoke-test	Checkout	2025-12-26T03:48:11.4093331Z hint:
smoke-test	Checkout	2025-12-26T03:48:11.4094271Z hint: Disable this message with "git config set advice.defaultBranchName false"
smoke-test	Checkout	2025-12-26T03:48:11.4095639Z Initialized empty Git repository in /home/runner/work/terminaI/terminaI/.git/
smoke-test	Checkout	2025-12-26T03:48:11.4106812Z [command]/usr/bin/git remote add origin https://github.com/Prof-Harita/terminaI
smoke-test	Checkout	2025-12-26T03:48:11.4145070Z ##[endgroup]
smoke-test	Checkout	2025-12-26T03:48:11.4145817Z ##[group]Disabling automatic garbage collection
smoke-test	Checkout	2025-12-26T03:48:11.4149398Z [command]/usr/bin/git config --local gc.auto 0
smoke-test	Checkout	2025-12-26T03:48:11.4179360Z ##[endgroup]
smoke-test	Checkout	2025-12-26T03:48:11.4180053Z ##[group]Setting up auth
smoke-test	Checkout	2025-12-26T03:48:11.4186885Z [command]/usr/bin/git config --local --name-only --get-regexp core\.sshCommand
smoke-test	Checkout	2025-12-26T03:48:11.4218847Z [command]/usr/bin/git submodule foreach --recursive sh -c "git config --local --name-only --get-regexp 'core\.sshCommand' && git config --local --unset-all 'core.sshCommand' || :"
smoke-test	Checkout	2025-12-26T03:48:11.4606170Z [command]/usr/bin/git config --local --name-only --get-regexp http\.https\:\/\/github\.com\/\.extraheader
smoke-test	Checkout	2025-12-26T03:48:11.4638674Z [command]/usr/bin/git submodule foreach --recursive sh -c "git config --local --name-only --get-regexp 'http\.https\:\/\/github\.com\/\.extraheader' && git config --local --unset-all 'http.https://github.com/.extraheader' || :"
smoke-test	Checkout	2025-12-26T03:48:11.4867908Z [command]/usr/bin/git config --local http.https://github.com/.extraheader AUTHORIZATION: basic ***
smoke-test	Checkout	2025-12-26T03:48:11.4905370Z ##[endgroup]
smoke-test	Checkout	2025-12-26T03:48:11.4906698Z ##[group]Fetching the repository
smoke-test	Checkout	2025-12-26T03:48:11.4916261Z [command]/usr/bin/git -c protocol.version=2 fetch --prune --no-recurse-submodules origin +refs/heads/*:refs/remotes/origin/* +refs/tags/*:refs/tags/*
smoke-test	Checkout	2025-12-26T03:48:13.9333326Z From https://github.com/Prof-Harita/terminaI
smoke-test	Checkout	2025-12-26T03:48:13.9335635Z  * [new branch]        dependabot/npm_and_yarn/jws-4.0.1 -> origin/dependabot/npm_and_yarn/jws-4.0.1
smoke-test	Checkout	2025-12-26T03:48:13.9338352Z  * [new branch]        dependabot/npm_and_yarn/modelcontextprotocol/sdk-1.24.0 -> origin/dependabot/npm_and_yarn/modelcontextprotocol/sdk-1.24.0
smoke-test	Checkout	2025-12-26T03:48:13.9340542Z  * [new branch]        main       -> origin/main
smoke-test	Checkout	2025-12-26T03:48:13.9386684Z [command]/usr/bin/git rev-parse --verify --quiet f568d81e1a9d21e0fed857d76de67a913f4924c4^{object}
smoke-test	Checkout	2025-12-26T03:48:13.9411792Z f568d81e1a9d21e0fed857d76de67a913f4924c4
smoke-test	Checkout	2025-12-26T03:48:13.9418774Z ##[endgroup]
smoke-test	Checkout	2025-12-26T03:48:13.9420143Z ##[group]Determining the checkout info
smoke-test	Checkout	2025-12-26T03:48:13.9422236Z ##[endgroup]
smoke-test	Checkout	2025-12-26T03:48:13.9426897Z [command]/usr/bin/git sparse-checkout disable
smoke-test	Checkout	2025-12-26T03:48:13.9473323Z [command]/usr/bin/git config --local --unset-all extensions.worktreeConfig
smoke-test	Checkout	2025-12-26T03:48:13.9503530Z ##[group]Checking out the ref
smoke-test	Checkout	2025-12-26T03:48:13.9509018Z [command]/usr/bin/git checkout --progress --force f568d81e1a9d21e0fed857d76de67a913f4924c4
smoke-test	Checkout	2025-12-26T03:48:14.1008196Z Note: switching to 'f568d81e1a9d21e0fed857d76de67a913f4924c4'.
smoke-test	Checkout	2025-12-26T03:48:14.1009110Z 
smoke-test	Checkout	2025-12-26T03:48:14.1009676Z You are in 'detached HEAD' state. You can look around, make experimental
smoke-test	Checkout	2025-12-26T03:48:14.1010852Z changes and commit them, and you can discard any commits you make in this
smoke-test	Checkout	2025-12-26T03:48:14.1012020Z state without impacting any branches by switching back to a branch.
smoke-test	Checkout	2025-12-26T03:48:14.1012712Z 
smoke-test	Checkout	2025-12-26T03:48:14.1013189Z If you want to create a new branch to retain commits you create, you may
smoke-test	Checkout	2025-12-26T03:48:14.1014335Z do so (now or later) by using -c with the switch command. Example:
smoke-test	Checkout	2025-12-26T03:48:14.1015679Z 
smoke-test	Checkout	2025-12-26T03:48:14.1016028Z   git switch -c <new-branch-name>
smoke-test	Checkout	2025-12-26T03:48:14.1016574Z 
smoke-test	Checkout	2025-12-26T03:48:14.1016892Z Or undo this operation with:
smoke-test	Checkout	2025-12-26T03:48:14.1017373Z 
smoke-test	Checkout	2025-12-26T03:48:14.1017643Z   git switch -
smoke-test	Checkout	2025-12-26T03:48:14.1018013Z 
smoke-test	Checkout	2025-12-26T03:48:14.1018617Z Turn off this advice by setting config variable advice.detachedHead to false
smoke-test	Checkout	2025-12-26T03:48:14.1019472Z 
smoke-test	Checkout	2025-12-26T03:48:14.1020159Z HEAD is now at f568d81e fix(test): suppress unhandled msw requests in integration tests
smoke-test	Checkout	2025-12-26T03:48:14.1025485Z ##[endgroup]
smoke-test	Checkout	2025-12-26T03:48:14.1064191Z [command]/usr/bin/git log -1 --format=%H
smoke-test	Checkout	2025-12-26T03:48:14.1089087Z f568d81e1a9d21e0fed857d76de67a913f4924c4
smoke-test	Install Dependencies	﻿2025-12-26T03:48:14.1306985Z ##[group]Run npm ci
smoke-test	Install Dependencies	2025-12-26T03:48:14.1308161Z [36;1mnpm ci[0m
smoke-test	Install Dependencies	2025-12-26T03:48:14.1346166Z shell: /usr/bin/bash -e {0}
smoke-test	Install Dependencies	2025-12-26T03:48:14.1347364Z ##[endgroup]
smoke-test	Install Dependencies	2025-12-26T03:48:21.2538181Z npm warn deprecated node-domexception@1.0.0: Use your platform's native DOMException instead
smoke-test	Install Dependencies	2025-12-26T03:48:37.3493608Z 
smoke-test	Install Dependencies	2025-12-26T03:48:37.3494303Z > terminai-monorepo@0.21.0 prepare
smoke-test	Install Dependencies	2025-12-26T03:48:37.3494986Z > husky && npm run bundle
smoke-test	Install Dependencies	2025-12-26T03:48:37.3495173Z 
smoke-test	Install Dependencies	2025-12-26T03:48:37.4987736Z 
smoke-test	Install Dependencies	2025-12-26T03:48:37.4988260Z > terminai-monorepo@0.21.0 bundle
smoke-test	Install Dependencies	2025-12-26T03:48:37.4989092Z > npm run generate && node esbuild.config.js && node scripts/copy_bundle_assets.js
smoke-test	Install Dependencies	2025-12-26T03:48:37.4989682Z 
smoke-test	Install Dependencies	2025-12-26T03:48:37.6077476Z 
smoke-test	Install Dependencies	2025-12-26T03:48:37.6078054Z > terminai-monorepo@0.21.0 generate
smoke-test	Install Dependencies	2025-12-26T03:48:37.6078714Z > node scripts/generate-git-commit-info.js
smoke-test	Install Dependencies	2025-12-26T03:48:37.6079122Z 
smoke-test	Install Dependencies	2025-12-26T03:48:40.2683427Z Copied 5 policy files to bundle/policies/
smoke-test	Install Dependencies	2025-12-26T03:48:40.2897202Z Copied docs to bundle/docs/
smoke-test	Install Dependencies	2025-12-26T03:48:40.2898270Z Assets copied to bundle/
smoke-test	Install Dependencies	2025-12-26T03:48:40.3197901Z 
smoke-test	Install Dependencies	2025-12-26T03:48:40.3198506Z added 1439 packages, and audited 1449 packages in 26s
smoke-test	Install Dependencies	2025-12-26T03:48:40.3198972Z 
smoke-test	Install Dependencies	2025-12-26T03:48:40.3199154Z 367 packages are looking for funding
smoke-test	Install Dependencies	2025-12-26T03:48:40.3199725Z   run `npm fund` for details
smoke-test	Install Dependencies	2025-12-26T03:48:40.3225248Z 
smoke-test	Install Dependencies	2025-12-26T03:48:40.3225542Z 2 high severity vulnerabilities
smoke-test	Install Dependencies	2025-12-26T03:48:40.3225885Z 
smoke-test	Install Dependencies	2025-12-26T03:48:40.3226052Z To address all issues, run:
smoke-test	Install Dependencies	2025-12-26T03:48:40.3226414Z   npm audit fix
smoke-test	Install Dependencies	2025-12-26T03:48:40.3226612Z 
smoke-test	Install Dependencies	2025-12-26T03:48:40.3226761Z Run `npm audit` for details.
smoke-test	Build project	﻿2025-12-26T03:48:40.3680312Z ##[group]Run npm run build
smoke-test	Build project	2025-12-26T03:48:40.3680642Z [36;1mnpm run build[0m
smoke-test	Build project	2025-12-26T03:48:40.3714493Z shell: /usr/bin/bash -e {0}
smoke-test	Build project	2025-12-26T03:48:40.3714947Z ##[endgroup]
smoke-test	Build project	2025-12-26T03:48:40.4819682Z 
smoke-test	Build project	2025-12-26T03:48:40.4820241Z > terminai-monorepo@0.21.0 build
smoke-test	Build project	2025-12-26T03:48:40.4820724Z > node scripts/build.js
smoke-test	Build project	2025-12-26T03:48:40.4820885Z 
smoke-test	Build project	2025-12-26T03:48:40.6232166Z 
smoke-test	Build project	2025-12-26T03:48:40.6232663Z > terminai-monorepo@0.21.0 generate
smoke-test	Build project	2025-12-26T03:48:40.6233244Z > node scripts/generate-git-commit-info.js
smoke-test	Build project	2025-12-26T03:48:40.6233607Z 
smoke-test	Build project	2025-12-26T03:48:40.8456079Z 
smoke-test	Build project	2025-12-26T03:48:40.8456841Z > @terminai/a2a-server@0.21.0 build
smoke-test	Build project	2025-12-26T03:48:40.8457231Z > node ../../scripts/build_package.js
smoke-test	Build project	2025-12-26T03:48:40.8457423Z 
smoke-test	Build project	2025-12-26T03:48:48.6214474Z Successfully copied files.
smoke-test	Build project	2025-12-26T03:48:48.6301913Z Copied web-client to dist/web-client
smoke-test	Build project	2025-12-26T03:48:48.6347466Z 
smoke-test	Build project	2025-12-26T03:48:48.6347649Z > @terminai/cli@0.21.0 build
smoke-test	Build project	2025-12-26T03:48:48.6347974Z > node ../../scripts/build_package.js
smoke-test	Build project	2025-12-26T03:48:48.6348238Z 
smoke-test	Build project	2025-12-26T03:49:16.0734355Z Successfully copied files.
smoke-test	Build project	2025-12-26T03:49:16.0817543Z 
smoke-test	Build project	2025-12-26T03:49:16.0817780Z > @terminai/cloud-relay@0.1.0 build
smoke-test	Build project	2025-12-26T03:49:16.0818188Z > tsc
smoke-test	Build project	2025-12-26T03:49:16.0818339Z 
smoke-test	Build project	2025-12-26T03:49:18.0855589Z 
smoke-test	Build project	2025-12-26T03:49:18.0856081Z > @terminai/core@0.21.0 build
smoke-test	Build project	2025-12-26T03:49:18.4179033Z > node ../../scripts/build_package.js
smoke-test	Build project	2025-12-26T03:49:18.4179434Z 
smoke-test	Build project	2025-12-26T03:49:18.4179590Z Successfully copied files.
smoke-test	Build project	2025-12-26T03:49:18.4482542Z Copied documentation to dist/docs
smoke-test	Build project	2025-12-26T03:49:18.4530394Z 
smoke-test	Build project	2025-12-26T03:49:18.4530807Z > @terminai/desktop@0.1.0 build
smoke-test	Build project	2025-12-26T03:49:18.4531659Z > tsc && vite build
smoke-test	Build project	2025-12-26T03:49:18.4531789Z 
smoke-test	Build project	2025-12-26T03:49:21.2639429Z [36mvite v7.2.2 [32mbuilding client environment for production...[36m[39m
smoke-test	Build project	2025-12-26T03:49:21.5347032Z transforming...
smoke-test	Build project	2025-12-26T03:49:23.3466054Z [32m✓[39m 74 modules transformed.
smoke-test	Build project	2025-12-26T03:49:23.5846872Z rendering chunks...
smoke-test	Build project	2025-12-26T03:49:23.5933407Z computing gzip size...
smoke-test	Build project	2025-12-26T03:49:23.6090721Z [2mdist/[22m[32mindex.html                 [39m[1m[2m  0.47 kB[22m[1m[22m[2m │ gzip:   0.31 kB[22m
smoke-test	Build project	2025-12-26T03:49:23.6092065Z [2mdist/[22m[2massets/[22m[35mindex-BzwqD5pR.css  [39m[1m[2m 10.74 kB[22m[1m[22m[2m │ gzip:   2.76 kB[22m
smoke-test	Build project	2025-12-26T03:49:23.6093158Z [2mdist/[22m[2massets/[22m[36mindex-KOswhHCa.js   [39m[1m[33m532.94 kB[39m[22m[2m │ gzip: 148.74 kB[22m
smoke-test	Build project	2025-12-26T03:49:23.6094224Z [33m
smoke-test	Build project	2025-12-26T03:49:23.6095066Z (!) Some chunks are larger than 500 kB after minification. Consider:
smoke-test	Build project	2025-12-26T03:49:23.6095914Z - Using dynamic import() to code-split the application
smoke-test	Build project	2025-12-26T03:49:23.6096634Z [32m✓ built in 2.32s[39m
smoke-test	Build project	2025-12-26T03:49:23.6097598Z - Use build.rollupOptions.output.manualChunks to improve chunking: https://rollupjs.org/configuration-options/#output-manualchunks
smoke-test	Build project	2025-12-26T03:49:23.6098915Z - Adjust chunk size limit for this warning via build.chunkSizeWarningLimit.[39m
smoke-test	Build project	2025-12-26T03:49:23.6376647Z 
smoke-test	Build project	2025-12-26T03:49:23.6377147Z > @terminai/cli-wrapper@0.21.0 build
smoke-test	Build project	2025-12-26T03:49:23.6377572Z > node ../../scripts/build_package.js && cp system.md dist/system.md
smoke-test	Build project	2025-12-26T03:49:23.6377836Z 
smoke-test	Build project	2025-12-26T03:49:24.8669211Z Successfully copied files.
smoke-test	Build project	2025-12-26T03:49:24.8762418Z 
smoke-test	Build project	2025-12-26T03:49:24.8762914Z > @terminai/test-utils@0.21.0 build
smoke-test	Build project	2025-12-26T03:49:24.8763414Z > node ../../scripts/build_package.js
smoke-test	Build project	2025-12-26T03:49:24.8763710Z 
smoke-test	Build project	2025-12-26T03:49:26.1275226Z Successfully copied files.
smoke-test	Build project	2025-12-26T03:49:26.1375378Z 
smoke-test	Build project	2025-12-26T03:49:26.1375790Z > @terminai/vscode-ide-companion@0.21.0 build
smoke-test	Build project	2025-12-26T03:49:26.1376197Z > npm run build:dev
smoke-test	Build project	2025-12-26T03:49:26.1376356Z 
smoke-test	Build project	2025-12-26T03:49:26.2757798Z 
smoke-test	Build project	2025-12-26T03:49:26.2758475Z > @terminai/vscode-ide-companion@0.21.0 build:dev
smoke-test	Build project	2025-12-26T03:49:26.2759061Z > npm run check-types && npm run lint && node esbuild.js
smoke-test	Build project	2025-12-26T03:49:26.2759398Z 
smoke-test	Build project	2025-12-26T03:49:26.4160923Z 
smoke-test	Build project	2025-12-26T03:49:26.4161394Z > @terminai/vscode-ide-companion@0.21.0 check-types
smoke-test	Build project	2025-12-26T03:49:26.4162521Z > tsc --noEmit
smoke-test	Build project	2025-12-26T03:49:26.4162693Z 
smoke-test	Build project	2025-12-26T03:49:29.3231234Z 
smoke-test	Build project	2025-12-26T03:49:29.3231829Z > @terminai/vscode-ide-companion@0.21.0 lint
smoke-test	Build project	2025-12-26T03:49:29.3232174Z > eslint src
smoke-test	Build project	2025-12-26T03:49:29.3232298Z 
smoke-test	Build project	2025-12-26T03:49:33.4646651Z [watch] build started
smoke-test	Build project	2025-12-26T03:49:33.6567153Z [watch] build finished
smoke-test	Build project	2025-12-26T03:49:33.6685321Z 
smoke-test	Build project	2025-12-26T03:49:33.6685750Z > @terminai/web-client@0.1.0 build
smoke-test	Build project	2025-12-26T03:49:33.6686251Z > echo 'No build needed for static web client'
smoke-test	Build project	2025-12-26T03:49:33.6686571Z 
smoke-test	Build project	2025-12-26T03:49:33.6706380Z No build needed for static web client
smoke-test	Run Tests	﻿2025-12-26T03:49:34.8835337Z ##[group]Run npm run test:ci
smoke-test	Run Tests	2025-12-26T03:49:34.8835681Z [36;1mnpm run test:ci[0m
smoke-test	Run Tests	2025-12-26T03:49:34.8868238Z shell: /usr/bin/bash -e {0}
smoke-test	Run Tests	2025-12-26T03:49:34.8868465Z env:
smoke-test	Run Tests	2025-12-26T03:49:34.8868617Z   NO_COLOR: true
smoke-test	Run Tests	2025-12-26T03:49:34.8868795Z ##[endgroup]
smoke-test	Run Tests	2025-12-26T03:49:34.9967799Z 
smoke-test	Run Tests	2025-12-26T03:49:34.9968355Z > terminai-monorepo@0.21.0 test:ci
smoke-test	Run Tests	2025-12-26T03:49:34.9969067Z > npm run test:ci --workspaces --if-present && npm run test:scripts
smoke-test	Run Tests	2025-12-26T03:49:34.9969438Z 
smoke-test	Run Tests	2025-12-26T03:49:35.1333971Z 
smoke-test	Run Tests	2025-12-26T03:49:35.1334540Z > @terminai/a2a-server@0.21.0 test:ci
smoke-test	Run Tests	2025-12-26T03:49:35.1335230Z > vitest run --coverage
smoke-test	Run Tests	2025-12-26T03:49:35.1335423Z 
smoke-test	Run Tests	2025-12-26T03:49:35.5991123Z 
smoke-test	Run Tests	2025-12-26T03:49:35.5992838Z  RUN  v3.2.4 /home/runner/work/terminaI/terminaI/packages/a2a-server
smoke-test	Run Tests	2025-12-26T03:49:35.5993449Z       Coverage enabled with v8
smoke-test	Run Tests	2025-12-26T03:49:35.5993694Z 
smoke-test	Run Tests	2025-12-26T03:49:36.1164416Z  ✓ src/config/settings.test.ts (6 tests) 18ms
smoke-test	Run Tests	2025-12-26T03:49:36.3796395Z  ✓ src/persistence/gcs.test.ts (12 tests) 42ms
smoke-test	Run Tests	2025-12-26T03:49:36.5619231Z  ✓ src/http/relay.test.ts (12 tests) 24ms
smoke-test	Run Tests	2025-12-26T03:49:40.0008758Z  ✓ src/commands/init.test.ts (5 tests) 26ms
smoke-test	Run Tests	2025-12-26T03:49:40.0240556Z  ✓ src/commands/restore.test.ts (6 tests) 11ms
smoke-test	Run Tests	2025-12-26T03:49:40.0577836Z  ✓ src/agent/task.test.ts (15 tests) 53ms
smoke-test	Run Tests	2025-12-26T03:49:42.6520874Z  ✓ src/commands/extensions.test.ts (8 tests) 11ms
smoke-test	Run Tests	2025-12-26T03:49:42.8811492Z  ✓ src/http/cors.test.ts (4 tests) 37ms
smoke-test	Run Tests	2025-12-26T03:49:42.8992882Z  ✓ src/http/replay.test.ts (2 tests) 48ms
smoke-test	Run Tests	2025-12-26T03:49:44.6185527Z  ✓ src/http/auth.test.ts (3 tests) 33ms
smoke-test	Run Tests	2025-12-26T03:49:45.0089914Z 
smoke-test	Run Tests	2025-12-26T03:49:45.0093105Z  Test Files  10 passed (10)
smoke-test	Run Tests	2025-12-26T03:49:45.0094197Z       Tests  73 passed (73)
smoke-test	Run Tests	2025-12-26T03:49:45.0094848Z    Start at  03:49:35
smoke-test	Run Tests	2025-12-26T03:49:45.0098664Z    Duration  9.41s (transform 1.85s, setup 0ms, collect 19.21s, tests 302ms, environment 3ms, prepare 1.08s)
smoke-test	Run Tests	2025-12-26T03:49:45.0099253Z 
smoke-test	Run Tests	2025-12-26T03:49:45.0423347Z JUNIT report written to /home/runner/work/terminaI/terminaI/packages/a2a-server/junit.xml
smoke-test	Run Tests	2025-12-26T03:49:45.0433816Z  % Coverage report from v8
smoke-test	Run Tests	2025-12-26T03:49:45.1751276Z 
smoke-test	Run Tests	2025-12-26T03:49:45.1751759Z > @terminai/cli@0.21.0 test:ci
smoke-test	Run Tests	2025-12-26T03:49:45.1752167Z > vitest run
smoke-test	Run Tests	2025-12-26T03:49:45.1752304Z 
smoke-test	Run Tests	2025-12-26T03:49:45.6003034Z 
smoke-test	Run Tests	2025-12-26T03:49:45.6005285Z  RUN  v3.2.4 /home/runner/work/terminaI/terminaI/packages/cli
smoke-test	Run Tests	2025-12-26T03:49:45.6005919Z       Coverage enabled with v8
smoke-test	Run Tests	2025-12-26T03:49:45.6006186Z 
smoke-test	Run Tests	2025-12-26T03:49:50.3946418Z stderr | src/config/settings.test.ts > Settings Loading and Merging > migrateDeprecatedSettings > should migrate disabled extensions from user and workspace settings
smoke-test	Run Tests	2025-12-26T03:49:50.3948050Z [WARN] Skipping unreadable directory: /mock/workspace (ENOENT: no such file or directory, stat '/mock/workspace')
smoke-test	Run Tests	2025-12-26T03:49:50.3948762Z 
smoke-test	Run Tests	2025-12-26T03:49:50.3949636Z stdout | src/config/settings.test.ts > Settings Loading and Merging > migrateDeprecatedSettings > should migrate disabled extensions from user and workspace settings
smoke-test	Run Tests	2025-12-26T03:49:50.3951040Z Migrating deprecated extensions.disabled settings from User settings...
smoke-test	Run Tests	2025-12-26T03:49:50.3951889Z Migrating deprecated extensions.disabled settings from Workspace settings...
smoke-test	Run Tests	2025-12-26T03:49:50.3952723Z 
smoke-test	Run Tests	2025-12-26T03:49:50.3990734Z stderr | src/config/settings.test.ts > Settings Loading and Merging > migrateDeprecatedSettings > should not do anything if there are no deprecated settings
smoke-test	Run Tests	2025-12-26T03:49:50.3996007Z [WARN] Skipping unreadable directory: /mock/workspace (ENOENT: no such file or directory, stat '/mock/workspace')
smoke-test	Run Tests	2025-12-26T03:49:50.4000293Z 
smoke-test	Run Tests	2025-12-26T03:49:50.6073467Z  ✓ src/config/settings.test.ts (81 tests) 115ms
smoke-test	Run Tests	2025-12-26T03:49:51.2310637Z  ✓ src/ui/components/shared/text-buffer.test.ts (166 tests) 329ms
smoke-test	Run Tests	2025-12-26T03:49:52.7269875Z  ✓ src/ui/components/InputPrompt.test.tsx (115 tests) 1624ms
smoke-test	Run Tests	2025-12-26T03:49:54.1422296Z  ✓ src/config/extension.test.ts (73 tests) 406ms
smoke-test	Run Tests	2025-12-26T03:49:55.7608833Z stdout | src/ui/AppContainer.test.tsx > AppContainer State Management > Basic Rendering > renders without crashing with minimal props
smoke-test	Run Tests	2025-12-26T03:49:55.7615007Z [SessionSummary] No chats directory found
smoke-test	Run Tests	2025-12-26T03:49:55.7617639Z 
smoke-test	Run Tests	2025-12-26T03:49:55.7709190Z stdout | src/ui/AppContainer.test.tsx > AppContainer State Management > Basic Rendering > renders with startup warnings
smoke-test	Run Tests	2025-12-26T03:49:55.7718541Z [SessionSummary] No chats directory found
smoke-test	Run Tests	2025-12-26T03:49:55.7719341Z 
smoke-test	Run Tests	2025-12-26T03:49:55.7765679Z stdout | src/ui/AppContainer.test.tsx > AppContainer State Management > State Initialization > initializes with theme error from initialization result
smoke-test	Run Tests	2025-12-26T03:49:55.7767135Z [SessionSummary] No chats directory found
smoke-test	Run Tests	2025-12-26T03:49:55.7767640Z 
smoke-test	Run Tests	2025-12-26T03:49:55.9094575Z stdout | src/ui/AppContainer.test.tsx > AppContainer State Management > Context Providers > provides AppContext with correct values
smoke-test	Run Tests	2025-12-26T03:49:55.9095772Z [SessionSummary] No chats directory found
smoke-test	Run Tests	2025-12-26T03:49:55.9099825Z 
smoke-test	Run Tests	2025-12-26T03:49:55.9206072Z stdout | src/ui/AppContainer.test.tsx > AppContainer State Management > Context Providers > provides UIStateContext with state management
smoke-test	Run Tests	2025-12-26T03:49:55.9207555Z [SessionSummary] No chats directory found
smoke-test	Run Tests	2025-12-26T03:49:55.9207885Z 
smoke-test	Run Tests	2025-12-26T03:49:55.9286903Z stdout | src/ui/AppContainer.test.tsx > AppContainer State Management > Context Providers > provides UIActionsContext with action handlers
smoke-test	Run Tests	2025-12-26T03:49:55.9287983Z [SessionSummary] No chats directory found
smoke-test	Run Tests	2025-12-26T03:49:55.9288314Z 
smoke-test	Run Tests	2025-12-26T03:49:55.9368545Z stdout | src/ui/AppContainer.test.tsx > AppContainer State Management > Context Providers > provides ConfigContext with config object
smoke-test	Run Tests	2025-12-26T03:49:55.9369299Z [SessionSummary] No chats directory found
smoke-test	Run Tests	2025-12-26T03:49:55.9453595Z 
smoke-test	Run Tests	2025-12-26T03:49:55.9454899Z stdout | src/ui/AppContainer.test.tsx > AppContainer State Management > Settings Integration > handles settings with all display options disabled
smoke-test	Run Tests	2025-12-26T03:49:55.9456168Z [SessionSummary] No chats directory found
smoke-test	Run Tests	2025-12-26T03:49:55.9456580Z 
smoke-test	Run Tests	2025-12-26T03:49:55.9578263Z stdout | src/ui/AppContainer.test.tsx > AppContainer State Management > Settings Integration > handles settings with memory usage enabled
smoke-test	Run Tests	2025-12-26T03:49:55.9579554Z [SessionSummary] No chats directory found
smoke-test	Run Tests	2025-12-26T03:49:55.9580001Z 
smoke-test	Run Tests	2025-12-26T03:49:55.9647014Z stdout | src/ui/AppContainer.test.tsx > AppContainer State Management > Version Handling > handles version format: 1.0.0
smoke-test	Run Tests	2025-12-26T03:49:55.9648890Z [SessionSummary] No chats directory found
smoke-test	Run Tests	2025-12-26T03:49:55.9649187Z 
smoke-test	Run Tests	2025-12-26T03:49:55.9718039Z stdout | src/ui/AppContainer.test.tsx > AppContainer State Management > Version Handling > handles version format: 2.1.3-beta
smoke-test	Run Tests	2025-12-26T03:49:55.9719013Z [SessionSummary] No chats directory found
smoke-test	Run Tests	2025-12-26T03:49:55.9719345Z 
smoke-test	Run Tests	2025-12-26T03:49:55.9773253Z stdout | src/ui/AppContainer.test.tsx > AppContainer State Management > Version Handling > handles version format: 3.0.0-nightly
smoke-test	Run Tests	2025-12-26T03:49:55.9878575Z [SessionSummary] No chats directory found
smoke-test	Run Tests	2025-12-26T03:49:55.9879077Z 
smoke-test	Run Tests	2025-12-26T03:49:56.0738996Z stdout | src/ui/AppContainer.test.tsx > AppContainer State Management > Error Handling > handles undefined settings gracefully
smoke-test	Run Tests	2025-12-26T03:49:56.0740415Z [SessionSummary] No chats directory found
smoke-test	Run Tests	2025-12-26T03:49:56.0740924Z 
smoke-test	Run Tests	2025-12-26T03:49:56.0916517Z stdout | src/ui/AppContainer.test.tsx > AppContainer State Management > Session Resumption > handles resumed session data correctly
smoke-test	Run Tests	2025-12-26T03:49:56.0917513Z [SessionSummary] No chats directory found
smoke-test	Run Tests	2025-12-26T03:49:56.0917822Z 
smoke-test	Run Tests	2025-12-26T03:49:56.0936211Z stdout | src/ui/AppContainer.test.tsx > AppContainer State Management > Session Resumption > handles resumed session data correctly
smoke-test	Run Tests	2025-12-26T03:49:56.0937468Z [SessionSummary] No chats directory found
smoke-test	Run Tests	2025-12-26T03:49:56.0938038Z 
smoke-test	Run Tests	2025-12-26T03:49:56.1049657Z stdout | src/ui/AppContainer.test.tsx > AppContainer State Management > Session Resumption > renders without resumed session data
smoke-test	Run Tests	2025-12-26T03:49:56.1053768Z [SessionSummary] No chats directory found
smoke-test	Run Tests	2025-12-26T03:49:56.1062161Z 
smoke-test	Run Tests	2025-12-26T03:49:56.3477749Z  ✓ src/nonInteractiveCli.test.ts (34 tests) 589ms
smoke-test	Run Tests	2025-12-26T03:49:56.3478821Z    ✓ runNonInteractive > should handle cancellation (Ctrl+C)  408ms
smoke-test	Run Tests	2025-12-26T03:49:56.3887999Z stdout | src/ui/AppContainer.test.tsx > AppContainer State Management > Quota and Fallback Integration > passes a null proQuotaRequest to UIStateContext by default
smoke-test	Run Tests	2025-12-26T03:49:56.3889208Z [SessionSummary] No chats directory found
smoke-test	Run Tests	2025-12-26T03:49:56.3889525Z 
smoke-test	Run Tests	2025-12-26T03:49:56.3998476Z stdout | src/ui/AppContainer.test.tsx > AppContainer State Management > Quota and Fallback Integration > passes a valid proQuotaRequest to UIStateContext when provided by the hook
smoke-test	Run Tests	2025-12-26T03:49:56.4003098Z [SessionSummary] No chats directory found
smoke-test	Run Tests	2025-12-26T03:49:56.4005811Z 
smoke-test	Run Tests	2025-12-26T03:49:56.4095881Z stdout | src/ui/AppContainer.test.tsx > AppContainer State Management > Quota and Fallback Integration > passes the handleProQuotaChoice function to UIActionsContext
smoke-test	Run Tests	2025-12-26T03:49:56.4101228Z [SessionSummary] No chats directory found
smoke-test	Run Tests	2025-12-26T03:49:56.4101574Z 
smoke-test	Run Tests	2025-12-26T03:49:56.4674064Z stdout | src/ui/AppContainer.test.tsx > AppContainer State Management > Queue Error Message > should set and clear the queue error message after a timeout
smoke-test	Run Tests	2025-12-26T03:49:56.4675475Z [SessionSummary] No chats directory found
smoke-test	Run Tests	2025-12-26T03:49:56.4675817Z 
smoke-test	Run Tests	2025-12-26T03:49:56.4676592Z stdout | src/ui/AppContainer.test.tsx > AppContainer State Management > Queue Error Message > should set and clear the queue error message after a timeout
smoke-test	Run Tests	2025-12-26T03:49:56.4703472Z [SessionSummary] No chats directory found
smoke-test	Run Tests	2025-12-26T03:49:56.4703846Z 
smoke-test	Run Tests	2025-12-26T03:49:56.4704584Z stdout | src/ui/AppContainer.test.tsx > AppContainer State Management > Queue Error Message > should set and clear the queue error message after a timeout
smoke-test	Run Tests	2025-12-26T03:49:56.4705912Z [SessionSummary] No chats directory found
smoke-test	Run Tests	2025-12-26T03:49:56.4706245Z 
smoke-test	Run Tests	2025-12-26T03:49:56.4707008Z stdout | src/ui/AppContainer.test.tsx > AppContainer State Management > Queue Error Message > should set and clear the queue error message after a timeout
smoke-test	Run Tests	2025-12-26T03:49:56.4708134Z [SessionSummary] No chats directory found
smoke-test	Run Tests	2025-12-26T03:49:56.4708476Z 
smoke-test	Run Tests	2025-12-26T03:49:56.4709221Z stdout | src/ui/AppContainer.test.tsx > AppContainer State Management > Queue Error Message > should set and clear the queue error message after a timeout
smoke-test	Run Tests	2025-12-26T03:49:56.4710308Z [SessionSummary] No chats directory found
smoke-test	Run Tests	2025-12-26T03:49:56.4710652Z 
smoke-test	Run Tests	2025-12-26T03:49:56.4711405Z stdout | src/ui/AppContainer.test.tsx > AppContainer State Management > Queue Error Message > should set and clear the queue error message after a timeout
smoke-test	Run Tests	2025-12-26T03:49:56.4712515Z [SessionSummary] No chats directory found
smoke-test	Run Tests	2025-12-26T03:49:56.4712844Z 
smoke-test	Run Tests	2025-12-26T03:49:56.4713624Z stdout | src/ui/AppContainer.test.tsx > AppContainer State Management > Queue Error Message > should set and clear the queue error message after a timeout
smoke-test	Run Tests	2025-12-26T03:49:56.4714960Z [SessionSummary] No chats directory found
smoke-test	Run Tests	2025-12-26T03:49:56.4715337Z 
smoke-test	Run Tests	2025-12-26T03:49:56.4716106Z stdout | src/ui/AppContainer.test.tsx > AppContainer State Management > Queue Error Message > should set and clear the queue error message after a timeout
smoke-test	Run Tests	2025-12-26T03:49:56.4717218Z [SessionSummary] No chats directory found
smoke-test	Run Tests	2025-12-26T03:49:56.4717552Z 
smoke-test	Run Tests	2025-12-26T03:49:56.4718299Z stdout | src/ui/AppContainer.test.tsx > AppContainer State Management > Queue Error Message > should set and clear the queue error message after a timeout
smoke-test	Run Tests	2025-12-26T03:49:56.4719388Z [SessionSummary] No chats directory found
smoke-test	Run Tests	2025-12-26T03:49:56.4719724Z 
smoke-test	Run Tests	2025-12-26T03:49:56.4836196Z stdout | src/ui/AppContainer.test.tsx > AppContainer State Management > Queue Error Message > should reset the timer if a new error message is set
smoke-test	Run Tests	2025-12-26T03:49:56.4865671Z [SessionSummary] No chats directory found
smoke-test	Run Tests	2025-12-26T03:49:56.4866500Z 
smoke-test	Run Tests	2025-12-26T03:49:56.5125846Z stdout | src/ui/AppContainer.test.tsx > AppContainer State Management > Keyboard Input Handling (CTRL+C / CTRL+D) > CTRL+C > should cancel ongoing request on first press
smoke-test	Run Tests	2025-12-26T03:49:56.5131310Z [SessionSummary] No chats directory found
smoke-test	Run Tests	2025-12-26T03:49:56.5135417Z 
smoke-test	Run Tests	2025-12-26T03:49:56.5141079Z stdout | src/ui/AppContainer.test.tsx > AppContainer State Management > Keyboard Input Handling (CTRL+C / CTRL+D) > CTRL+C > should cancel ongoing request on first press
smoke-test	Run Tests	2025-12-26T03:49:56.5147613Z [SessionSummary] No chats directory found
smoke-test	Run Tests	2025-12-26T03:49:56.5147967Z 
smoke-test	Run Tests	2025-12-26T03:49:56.5255843Z stdout | src/ui/AppContainer.test.tsx > AppContainer State Management > Keyboard Input Handling (CTRL+C / CTRL+D) > CTRL+C > should quit on second press
smoke-test	Run Tests	2025-12-26T03:49:56.5285491Z [SessionSummary] No chats directory found
smoke-test	Run Tests	2025-12-26T03:49:56.5287500Z 
smoke-test	Run Tests	2025-12-26T03:49:56.5488016Z stdout | src/ui/AppContainer.test.tsx > AppContainer State Management > Keyboard Input Handling (CTRL+C / CTRL+D) > CTRL+C > should reset press count after a timeout
smoke-test	Run Tests	2025-12-26T03:49:56.5492594Z [SessionSummary] No chats directory found
smoke-test	Run Tests	2025-12-26T03:49:56.5495933Z 
smoke-test	Run Tests	2025-12-26T03:49:56.5698423Z stdout | src/ui/AppContainer.test.tsx > AppContainer State Management > Keyboard Input Handling (CTRL+C / CTRL+D) > CTRL+D > should do nothing if text buffer is not empty
smoke-test	Run Tests	2025-12-26T03:49:56.5708795Z [SessionSummary] No chats directory found
smoke-test	Run Tests	2025-12-26T03:49:56.5709133Z 
smoke-test	Run Tests	2025-12-26T03:49:56.5803543Z stdout | src/ui/AppContainer.test.tsx > AppContainer State Management > Keyboard Input Handling (CTRL+C / CTRL+D) > CTRL+D > should quit on second press if buffer is empty
smoke-test	Run Tests	2025-12-26T03:49:56.5806294Z [SessionSummary] No chats directory found
smoke-test	Run Tests	2025-12-26T03:49:56.5807856Z 
smoke-test	Run Tests	2025-12-26T03:49:56.5957224Z stdout | src/ui/AppContainer.test.tsx > AppContainer State Management > Keyboard Input Handling (CTRL+C / CTRL+D) > CTRL+D > should reset press count after a timeout
smoke-test	Run Tests	2025-12-26T03:49:56.5958818Z [SessionSummary] No chats directory found
smoke-test	Run Tests	2025-12-26T03:49:56.5960612Z 
smoke-test	Run Tests	2025-12-26T03:49:56.6197152Z stdout | src/ui/AppContainer.test.tsx > AppContainer State Management > Copy Mode (CTRL+S) > 'Normal Mode' > should NOT toggle mouse off when Ctrl+S is pressed
smoke-test	Run Tests	2025-12-26T03:49:56.6198698Z [SessionSummary] No chats directory found
smoke-test	Run Tests	2025-12-26T03:49:56.6200873Z 
smoke-test	Run Tests	2025-12-26T03:49:56.6279178Z stdout | src/ui/AppContainer.test.tsx > AppContainer State Management > Copy Mode (CTRL+S) > 'Alternate Buffer Mode' > should toggle mouse off when Ctrl+S is pressed
smoke-test	Run Tests	2025-12-26T03:49:56.6281116Z [SessionSummary] No chats directory found
smoke-test	Run Tests	2025-12-26T03:49:56.6281320Z 
smoke-test	Run Tests	2025-12-26T03:49:56.6447986Z stdout | src/ui/AppContainer.test.tsx > AppContainer State Management > Copy Mode (CTRL+S) > 'Alternate Buffer Mode' > should toggle mouse back on when Ctrl+S is pressed again
smoke-test	Run Tests	2025-12-26T03:49:56.6478268Z [SessionSummary] No chats directory found
smoke-test	Run Tests	2025-12-26T03:49:56.6478683Z 
smoke-test	Run Tests	2025-12-26T03:49:56.6809782Z stdout | src/ui/AppContainer.test.tsx > AppContainer State Management > Copy Mode (CTRL+S) > 'Alternate Buffer Mode' > should exit copy mode on any key press
smoke-test	Run Tests	2025-12-26T03:49:56.6813057Z [SessionSummary] No chats directory found
smoke-test	Run Tests	2025-12-26T03:49:56.6813421Z 
smoke-test	Run Tests	2025-12-26T03:49:56.6814197Z stdout | src/ui/AppContainer.test.tsx > AppContainer State Management > Model Dialog Integration > should provide isModelDialogOpen in the UIStateContext
smoke-test	Run Tests	2025-12-26T03:49:56.6815456Z [SessionSummary] No chats directory found
smoke-test	Run Tests	2025-12-26T03:49:56.6815758Z 
smoke-test	Run Tests	2025-12-26T03:49:56.6899570Z stdout | src/ui/AppContainer.test.tsx > AppContainer State Management > Model Dialog Integration > should provide model dialog actions in the UIActionsContext
smoke-test	Run Tests	2025-12-26T03:49:56.6902746Z [SessionSummary] No chats directory found
smoke-test	Run Tests	2025-12-26T03:49:56.6906713Z 
smoke-test	Run Tests	2025-12-26T03:49:56.7094290Z stdout | src/ui/AppContainer.test.tsx > AppContainer State Management > CoreEvents Integration > subscribes to UserFeedback and drains backlog on mount
smoke-test	Run Tests	2025-12-26T03:49:56.7097766Z [SessionSummary] No chats directory found
smoke-test	Run Tests	2025-12-26T03:49:56.7098441Z 
smoke-test	Run Tests	2025-12-26T03:49:56.7099244Z stdout | src/ui/AppContainer.test.tsx > AppContainer State Management > CoreEvents Integration > adds history item when UserFeedback event is received
smoke-test	Run Tests	2025-12-26T03:49:56.7100726Z [SessionSummary] No chats directory found
smoke-test	Run Tests	2025-12-26T03:49:56.7117078Z 
smoke-test	Run Tests	2025-12-26T03:49:56.7117923Z stdout | src/ui/AppContainer.test.tsx > AppContainer State Management > CoreEvents Integration > adds history item when UserFeedback event is received
smoke-test	Run Tests	2025-12-26T03:49:56.7119051Z [SessionSummary] No chats directory found
smoke-test	Run Tests	2025-12-26T03:49:56.7119390Z 
smoke-test	Run Tests	2025-12-26T03:49:56.7182442Z stdout | src/ui/AppContainer.test.tsx > AppContainer State Management > CoreEvents Integration > updates currentModel when ModelChanged event is received
smoke-test	Run Tests	2025-12-26T03:49:56.7184107Z [SessionSummary] No chats directory found
smoke-test	Run Tests	2025-12-26T03:49:56.7184647Z 
smoke-test	Run Tests	2025-12-26T03:49:56.7386256Z stdout | src/ui/AppContainer.test.tsx > AppContainer State Management > Shell Interaction > should not crash if resizing the pty fails
smoke-test	Run Tests	2025-12-26T03:49:56.7391463Z [SessionSummary] No chats directory found
smoke-test	Run Tests	2025-12-26T03:49:56.7395856Z 
smoke-test	Run Tests	2025-12-26T03:49:56.7400018Z stdout | src/ui/AppContainer.test.tsx > AppContainer State Management > Banner Text > should render placeholder banner text for USE_GEMINI auth type
smoke-test	Run Tests	2025-12-26T03:49:56.7405211Z [SessionSummary] No chats directory found
smoke-test	Run Tests	2025-12-26T03:49:56.7409174Z 
smoke-test	Run Tests	2025-12-26T03:49:56.7472629Z stdout | src/ui/AppContainer.test.tsx > AppContainer State Management > onCancelSubmit Behavior > clears the prompt when onCancelSubmit is called with shouldRestorePrompt=false
smoke-test	Run Tests	2025-12-26T03:49:56.7478411Z [SessionSummary] No chats directory found
smoke-test	Run Tests	2025-12-26T03:49:56.7478802Z 
smoke-test	Run Tests	2025-12-26T03:49:56.7631680Z stdout | src/ui/AppContainer.test.tsx > AppContainer State Management > onCancelSubmit Behavior > restores the prompt when onCancelSubmit is called with shouldRestorePrompt=true (or undefined)
smoke-test	Run Tests	2025-12-26T03:49:56.7632883Z [SessionSummary] No chats directory found
smoke-test	Run Tests	2025-12-26T03:49:56.7633088Z 
smoke-test	Run Tests	2025-12-26T03:49:56.7770144Z stdout | src/ui/AppContainer.test.tsx > AppContainer State Management > onCancelSubmit Behavior > input history is independent from conversation history (survives /clear)
smoke-test	Run Tests	2025-12-26T03:49:56.7773937Z [SessionSummary] No chats directory found
smoke-test	Run Tests	2025-12-26T03:49:56.7775926Z 
smoke-test	Run Tests	2025-12-26T03:49:56.7935668Z stdout | src/ui/AppContainer.test.tsx > AppContainer State Management > Regression Tests > does not refresh static on startup if banner text is empty
smoke-test	Run Tests	2025-12-26T03:49:56.7940787Z [SessionSummary] No chats directory found
smoke-test	Run Tests	2025-12-26T03:49:56.7945277Z 
smoke-test	Run Tests	2025-12-26T03:49:56.8075990Z  ✓ src/utils/sessionCleanup.test.ts (70 tests) 98ms
smoke-test	Run Tests	2025-12-26T03:49:57.1959969Z  ✓ src/ui/AppContainer.test.tsx (61 tests) 1176ms
smoke-test	Run Tests	2025-12-26T03:49:59.8317020Z (node:3311) MaxListenersExceededWarning: Possible EventTarget memory leak detected. 11 abort listeners added to [AbortSignal]. MaxListeners is 10. Use events.setMaxListeners() to increase limit
smoke-test	Run Tests	2025-12-26T03:49:59.8320094Z (Use `node --trace-warnings ...` to show where the warning was created)
smoke-test	Run Tests	2025-12-26T03:50:00.2045933Z  ✓ src/services/FileCommandLoader.test.ts (40 tests) 248ms
smoke-test	Run Tests	2025-12-26T03:50:00.8945257Z  ✓ src/ui/hooks/vim.test.tsx (87 tests) 473ms
smoke-test	Run Tests	2025-12-26T03:50:01.9117961Z stdout | src/gemini.test.tsx > gemini.tsx main function > verifies that we dont load the config before relaunchAppInChildProcess
smoke-test	Run Tests	2025-12-26T03:50:01.9125163Z [DEBUG] CLI: main() called
smoke-test	Run Tests	2025-12-26T03:50:01.9125456Z 
smoke-test	Run Tests	2025-12-26T03:50:02.9154274Z  ✓ src/ui/components/shared/vim-buffer-actions.test.ts (74 tests) 42ms
smoke-test	Run Tests	2025-12-26T03:50:03.5775039Z  ✓ src/utils/settingsUtils.test.ts (73 tests) 48ms
smoke-test	Run Tests	2025-12-26T03:50:05.8116214Z  ✓ src/ui/hooks/slashCommandProcessor.test.tsx (37 tests) 315ms
smoke-test	Run Tests	2025-12-26T03:50:05.9736596Z stderr | src/gemini.test.tsx > gemini.tsx main function kitty protocol > should call setRawMode and detectCapabilities when isInteractive is true
smoke-test	Run Tests	2025-12-26T03:50:05.9745521Z [DEBUG] CLI: main() called
smoke-test	Run Tests	2025-12-26T03:50:05.9746112Z 
smoke-test	Run Tests	2025-12-26T03:50:06.4227365Z  ✓ src/ui/hooks/useToolScheduler.test.ts (23 tests) 159ms
smoke-test	Run Tests	2025-12-26T03:50:08.9462232Z  ✓ src/ui/hooks/useSlashCompletion.test.ts (25 tests) 510ms
smoke-test	Run Tests	2025-12-26T03:50:09.0842673Z  ✓ src/ui/hooks/useSelectionList.test.tsx (45 tests) 90ms
smoke-test	Run Tests	2025-12-26T03:50:10.9800028Z stderr | src/gemini.test.tsx > gemini.tsx main function kitty protocol > should handle --'listExtensions' flag
smoke-test	Run Tests	2025-12-26T03:50:10.9805848Z [DEBUG] CLI: main() called
smoke-test	Run Tests	2025-12-26T03:50:10.9813810Z [STARTUP] Cannot start phase 'cli_startup': phase is already active. Call end() before starting again.
smoke-test	Run Tests	2025-12-26T03:50:10.9814464Z 
smoke-test	Run Tests	2025-12-26T03:50:10.9825720Z stderr | src/gemini.test.tsx > gemini.tsx main function kitty protocol > should handle --'listSessions' flag
smoke-test	Run Tests	2025-12-26T03:50:10.9827459Z [DEBUG] CLI: main() called
smoke-test	Run Tests	2025-12-26T03:50:10.9828689Z [STARTUP] Cannot start phase 'cli_startup': phase is already active. Call end() before starting again.
smoke-test	Run Tests	2025-12-26T03:50:10.9829628Z 
smoke-test	Run Tests	2025-12-26T03:50:10.9850362Z stderr | src/gemini.test.tsx > gemini.tsx main function kitty protocol > should handle --'deleteSession' flag
smoke-test	Run Tests	2025-12-26T03:50:10.9851908Z [DEBUG] CLI: main() called
smoke-test	Run Tests	2025-12-26T03:50:10.9855742Z [STARTUP] Cannot start phase 'cli_startup': phase is already active. Call end() before starting again.
smoke-test	Run Tests	2025-12-26T03:50:10.9857131Z 
smoke-test	Run Tests	2025-12-26T03:50:10.9879852Z stderr | src/gemini.test.tsx > gemini.tsx main function kitty protocol > should handle sandbox activation
smoke-test	Run Tests	2025-12-26T03:50:10.9881038Z [DEBUG] CLI: main() called
smoke-test	Run Tests	2025-12-26T03:50:10.9883514Z [STARTUP] Cannot start phase 'cli_startup': phase is already active. Call end() before starting again.
smoke-test	Run Tests	2025-12-26T03:50:10.9885172Z 
smoke-test	Run Tests	2025-12-26T03:50:10.9925933Z stderr | src/gemini.test.tsx > gemini.tsx main function kitty protocol > should log warning when theme is not found
smoke-test	Run Tests	2025-12-26T03:50:10.9927088Z [DEBUG] CLI: main() called
smoke-test	Run Tests	2025-12-26T03:50:10.9929070Z 
smoke-test	Run Tests	2025-12-26T03:50:10.9964650Z stderr | src/gemini.test.tsx > gemini.tsx main function kitty protocol > should handle session selector error
smoke-test	Run Tests	2025-12-26T03:50:10.9966781Z [DEBUG] CLI: main() called
smoke-test	Run Tests	2025-12-26T03:50:10.9967650Z 
smoke-test	Run Tests	2025-12-26T03:50:11.4460307Z  ✓ src/ui/commands/extensionsCommand.test.ts (38 tests) 56ms
smoke-test	Run Tests	2025-12-26T03:50:11.6796254Z  ✓ src/ui/contexts/KeypressContext.test.tsx (87 tests) 150ms
smoke-test	Run Tests	2025-12-26T03:50:13.6474581Z  ✓ src/services/prompt-processors/shellProcessor.test.ts (33 tests) 49ms
smoke-test	Run Tests	2025-12-26T03:50:14.4107728Z  ✓ src/ui/hooks/shellCommandProcessor.test.tsx (20 tests) 79ms
smoke-test	Run Tests	2025-12-26T03:50:15.9361063Z  ✓ src/config/extensions/extensionSettings.test.ts (23 tests) 74ms
smoke-test	Run Tests	2025-12-26T03:50:16.0055937Z stderr | src/gemini.test.tsx > gemini.tsx main function kitty protocol > should read from stdin in non-interactive mode
smoke-test	Run Tests	2025-12-26T03:50:16.0057213Z [DEBUG] CLI: main() called
smoke-test	Run Tests	2025-12-26T03:50:16.0059244Z [STARTUP] Cannot start phase 'cli_startup': phase is already active. Call end() before starting again.
smoke-test	Run Tests	2025-12-26T03:50:16.0059985Z 
smoke-test	Run Tests	2025-12-26T03:50:16.0062516Z stderr | src/gemini.test.tsx > gemini.tsx main function exit codes > should exit with 42 for invalid input combination (prompt-interactive with non-TTY)
smoke-test	Run Tests	2025-12-26T03:50:16.0063657Z [DEBUG] CLI: main() called
smoke-test	Run Tests	2025-12-26T03:50:16.0065345Z 
smoke-test	Run Tests	2025-12-26T03:50:16.0065952Z Error: The --prompt-interactive flag cannot be used when input is piped from stdin.
smoke-test	Run Tests	2025-12-26T03:50:16.0067223Z stderr | src/gemini.test.tsx > gemini.tsx main function exit codes > should exit with 41 for auth failure during sandbox setup
smoke-test	Run Tests	2025-12-26T03:50:16.0069853Z [DEBUG] CLI: main() called
smoke-test	Run Tests	2025-12-26T03:50:16.0070785Z [STARTUP] Cannot start phase 'cli_startup': phase is already active. Call end() before starting again.
smoke-test	Run Tests	2025-12-26T03:50:16.0072402Z 
smoke-test	Run Tests	2025-12-26T03:50:16.0088199Z stderr | src/gemini.test.tsx > gemini.tsx main function exit codes > should exit with 42 for session resume failure
smoke-test	Run Tests	2025-12-26T03:50:16.0089334Z [DEBUG] CLI: main() called
smoke-test	Run Tests	2025-12-26T03:50:16.0090735Z [STARTUP] Cannot start phase 'cli_startup': phase is already active. Call end() before starting again.
smoke-test	Run Tests	2025-12-26T03:50:16.0091584Z 
smoke-test	Run Tests	2025-12-26T03:50:16.0137278Z stderr | src/gemini.test.tsx > gemini.tsx main function exit codes > should exit with 42 for no input provided
smoke-test	Run Tests	2025-12-26T03:50:16.0138442Z [DEBUG] CLI: main() called
smoke-test	Run Tests	2025-12-26T03:50:16.0141575Z [STARTUP] Cannot start phase 'cli_startup': phase is already active. Call end() before starting again.
smoke-test	Run Tests	2025-12-26T03:50:16.0147903Z 
smoke-test	Run Tests	2025-12-26T03:50:16.3628281Z ]2;TerminaI - root[?7l]2;TerminaI - root[?7l]2;TerminaI - root[?7l]2;TerminaI - root[?7l]2;TerminaI - root[?7l]2;TerminaI - root[?7l ❯ src/gemini.test.tsx (33 tests | 2 failed | 1 skipped) 14137ms
smoke-test	Run Tests	2025-12-26T03:50:16.3638201Z    ✓ gemini.tsx main function > verifies that we dont load the config before relaunchAppInChildProcess  4047ms
smoke-test	Run Tests	2025-12-26T03:50:16.3639436Z    ✓ gemini.tsx main function > should log unhandled promise rejections and open debug console on first error 18ms
smoke-test	Run Tests	2025-12-26T03:50:16.3640550Z    ✓ setWindowTitle > should set window title when hideWindowTitle is false 0ms
smoke-test	Run Tests	2025-12-26T03:50:16.3641654Z    ✓ initializeOutputListenersAndFlush > should flush backlogs and setup listeners if no listeners exist 1ms
smoke-test	Run Tests	2025-12-26T03:50:16.3642819Z    ✓ getNodeMemoryArgs > should return empty array if GEMINI_CLI_NO_RELAUNCH is set 1ms
smoke-test	Run Tests	2025-12-26T03:50:16.3644242Z    ✓ getNodeMemoryArgs > should return empty array if current heap limit is sufficient 1ms
smoke-test	Run Tests	2025-12-26T03:50:16.3645547Z    ✓ getNodeMemoryArgs > should return memory args if current heap limit is insufficient 1ms
smoke-test	Run Tests	2025-12-26T03:50:16.3646576Z    ✓ getNodeMemoryArgs > should log debug info when isDebugMode is true 1ms
smoke-test	Run Tests	2025-12-26T03:50:16.3647741Z    × gemini.tsx main function kitty protocol > should call setRawMode and detectCapabilities when isInteractive is true 5007ms
smoke-test	Run Tests	2025-12-26T03:50:16.3648775Z      → Test timed out in 5000ms.
smoke-test	Run Tests	2025-12-26T03:50:16.3649610Z If this is a long-running test, pass a timeout value as the last argument or configure it globally with "testTimeout".
smoke-test	Run Tests	2025-12-26T03:50:16.3650842Z    ✓ gemini.tsx main function kitty protocol > should handle --'listExtensions' flag 3ms
smoke-test	Run Tests	2025-12-26T03:50:16.3651872Z    ✓ gemini.tsx main function kitty protocol > should handle --'listSessions' flag 3ms
smoke-test	Run Tests	2025-12-26T03:50:16.3652852Z    ✓ gemini.tsx main function kitty protocol > should handle --'deleteSession' flag 2ms
smoke-test	Run Tests	2025-12-26T03:50:16.3653770Z    ✓ gemini.tsx main function kitty protocol > should handle sandbox activation 3ms
smoke-test	Run Tests	2025-12-26T03:50:16.3654922Z    ✓ gemini.tsx main function kitty protocol > should log warning when theme is not found 6ms
smoke-test	Run Tests	2025-12-26T03:50:16.3655900Z    × gemini.tsx main function kitty protocol > should handle session selector error 5002ms
smoke-test	Run Tests	2025-12-26T03:50:16.3656614Z      → Test timed out in 5000ms.
smoke-test	Run Tests	2025-12-26T03:50:16.3657335Z If this is a long-running test, pass a timeout value as the last argument or configure it globally with "testTimeout".
smoke-test	Run Tests	2025-12-26T03:50:16.3658440Z    ↓ gemini.tsx main function kitty protocol > should log error when cleanupExpiredSessions fails
smoke-test	Run Tests	2025-12-26T03:50:16.3659457Z    ✓ gemini.tsx main function kitty protocol > should read from stdin in non-interactive mode 4ms
smoke-test	Run Tests	2025-12-26T03:50:16.3660676Z    ✓ gemini.tsx main function exit codes > should exit with 42 for invalid input combination (prompt-interactive with non-TTY) 2ms
smoke-test	Run Tests	2025-12-26T03:50:16.3661910Z    ✓ gemini.tsx main function exit codes > should exit with 41 for auth failure during sandbox setup 4ms
smoke-test	Run Tests	2025-12-26T03:50:16.3662958Z    ✓ gemini.tsx main function exit codes > should exit with 42 for session resume failure 5ms
smoke-test	Run Tests	2025-12-26T03:50:16.3663919Z    ✓ gemini.tsx main function exit codes > should exit with 42 for no input provided 4ms
smoke-test	Run Tests	2025-12-26T03:50:16.3665040Z    ✓ validateDnsResolutionOrder > should return "ipv4first" when the input is "ipv4first" 1ms
smoke-test	Run Tests	2025-12-26T03:50:16.3666061Z    ✓ validateDnsResolutionOrder > should return "verbatim" when the input is "verbatim" 1ms
smoke-test	Run Tests	2025-12-26T03:50:16.3667171Z    ✓ validateDnsResolutionOrder > should return the default "ipv4first" when the input is undefined 1ms
smoke-test	Run Tests	2025-12-26T03:50:16.3668372Z    ✓ validateDnsResolutionOrder > should return the default "ipv4first" and log a warning for an invalid string 1ms
smoke-test	Run Tests	2025-12-26T03:50:16.3669548Z    ✓ startInteractiveUI > should render the UI with proper React context and exitOnCtrlC disabled 4ms
smoke-test	Run Tests	2025-12-26T03:50:16.3671083Z    ✓ startInteractiveUI > should enable mouse events when alternate buffer is enabled 1ms
smoke-test	Run Tests	2025-12-26T03:50:16.3671835Z    ✓ startInteractiveUI > should patch console 1ms
smoke-test	Run Tests	2025-12-26T03:50:16.3672557Z    ✓ startInteractiveUI > should perform all startup tasks in correct order 3ms
smoke-test	Run Tests	2025-12-26T03:50:16.3673480Z    ✓ startInteractiveUI > should not recordSlowRender when less than threshold 1ms
smoke-test	Run Tests	2025-12-26T03:50:16.3674368Z    ✓ startInteractiveUI > should call recordSlowRender when more than threshold 4ms
smoke-test	Run Tests	2025-12-26T03:50:16.3675452Z    ✓ startInteractiveUI > 'should not disable line wrapping in s…' 1ms
smoke-test	Run Tests	2025-12-26T03:50:16.3676309Z    ✓ startInteractiveUI > 'should disable line wrapping when not…' 1ms
smoke-test	Run Tests	2025-12-26T03:50:17.3420731Z  ✓ src/ui/commands/chatCommand.test.ts (30 tests) 78ms
smoke-test	Run Tests	2025-12-26T03:50:18.6206993Z  ✓ src/utils/sessions.test.ts (17 tests) 28ms
smoke-test	Run Tests	2025-12-26T03:50:19.0265982Z stdout | src/zed-integration/zedIntegration.test.ts > GeminiAgent > should create a new session
smoke-test	Run Tests	2025-12-26T03:50:19.0273054Z [STARTUP] StartupProfiler.flush() called with 0 phases
smoke-test	Run Tests	2025-12-26T03:50:19.0273454Z 
smoke-test	Run Tests	2025-12-26T03:50:19.0279849Z stdout | src/zed-integration/zedIntegration.test.ts > GeminiAgent > should create a new session with mcp servers
smoke-test	Run Tests	2025-12-26T03:50:19.0282727Z [STARTUP] StartupProfiler.flush() called with 0 phases
smoke-test	Run Tests	2025-12-26T03:50:19.0283144Z 
smoke-test	Run Tests	2025-12-26T03:50:19.0312385Z stdout | src/zed-integration/zedIntegration.test.ts > GeminiAgent > should handle authentication failure gracefully
smoke-test	Run Tests	2025-12-26T03:50:19.0314275Z [STARTUP] StartupProfiler.flush() called with 0 phases
smoke-test	Run Tests	2025-12-26T03:50:19.0317041Z 
smoke-test	Run Tests	2025-12-26T03:50:19.0331218Z stdout | src/zed-integration/zedIntegration.test.ts > GeminiAgent > should initialize file system service if client supports it
smoke-test	Run Tests	2025-12-26T03:50:19.0333115Z [STARTUP] StartupProfiler.flush() called with 0 phases
smoke-test	Run Tests	2025-12-26T03:50:19.0335982Z 
smoke-test	Run Tests	2025-12-26T03:50:19.0341159Z stdout | src/zed-integration/zedIntegration.test.ts > GeminiAgent > should cancel a session
smoke-test	Run Tests	2025-12-26T03:50:19.0342586Z [STARTUP] StartupProfiler.flush() called with 0 phases
smoke-test	Run Tests	2025-12-26T03:50:19.0343369Z 
smoke-test	Run Tests	2025-12-26T03:50:19.0363688Z stdout | src/zed-integration/zedIntegration.test.ts > GeminiAgent > should delegate prompt to session
smoke-test	Run Tests	2025-12-26T03:50:19.0365195Z [STARTUP] StartupProfiler.flush() called with 0 phases
smoke-test	Run Tests	2025-12-26T03:50:19.0366173Z 
smoke-test	Run Tests	2025-12-26T03:50:19.0520365Z TEST: calling prompt
smoke-test	Run Tests	2025-12-26T03:50:19.0522339Z TEST: waiting for streamStarted
smoke-test	Run Tests	2025-12-26T03:50:19.0525920Z TEST: asyncStream started
smoke-test	Run Tests	2025-12-26T03:50:19.0585356Z TEST: waiting for read
smoke-test	Run Tests	2025-12-26T03:50:19.0586190Z TEST: streamStarted
smoke-test	Run Tests	2025-12-26T03:50:19.0586918Z TEST: cancelled
smoke-test	Run Tests	2025-12-26T03:50:19.0646089Z TEST: stream closed
smoke-test	Run Tests	2025-12-26T03:50:19.0646942Z TEST: read returned done=true
smoke-test	Run Tests	2025-12-26T03:50:19.0647357Z TEST: releasing lock
smoke-test	Run Tests	2025-12-26T03:50:19.0778178Z TEST: result received {"stopReason":"cancelled"}
smoke-test	Run Tests	2025-12-26T03:50:19.0913076Z stderr | src/zed-integration/zedIntegration.test.ts > Session > should ignore files based on configuration
smoke-test	Run Tests	2025-12-26T03:50:19.0918453Z Path ignored.txt is ignored and will be skipped.
smoke-test	Run Tests	2025-12-26T03:50:19.0922981Z No valid file paths found in @ commands to read.
smoke-test	Run Tests	2025-12-26T03:50:19.0930321Z 
smoke-test	Run Tests	2025-12-26T03:50:19.3212290Z  ✓ src/zed-integration/zedIntegration.test.ts (20 tests) 81ms
smoke-test	Run Tests	2025-12-26T03:50:20.1224655Z (node:3732) MaxListenersExceededWarning: Possible EventEmitter memory leak detected. 11 error listeners added to [EventEmitter]. MaxListeners is 10. Use emitter.setMaxListeners() to increase limit
smoke-test	Run Tests	2025-12-26T03:50:20.1227083Z (Use `node --trace-warnings ...` to show where the warning was created)
smoke-test	Run Tests	2025-12-26T03:50:20.2983150Z  ✓ src/config/extensions/github.test.ts (33 tests) 155ms
smoke-test	Run Tests	2025-12-26T03:50:21.8948449Z  ✓ src/ui/hooks/useAutoAcceptIndicator.test.ts (17 tests) 82ms
smoke-test	Run Tests	2025-12-26T03:50:22.0770828Z  ✓ src/config/extensions/extensionEnablement.test.ts (48 tests) 76ms
smoke-test	Run Tests	2025-12-26T03:50:23.0653028Z  ✓ src/utils/sessionUtils.test.ts (20 tests) 32ms
smoke-test	Run Tests	2025-12-26T03:50:24.5879502Z  ✓ src/services/McpPromptLoader.test.ts (31 tests) 20ms
smoke-test	Run Tests	2025-12-26T03:50:25.7340381Z  ✓ src/ui/commands/hooksCommand.test.ts (24 tests) 44ms
smoke-test	Run Tests	2025-12-26T03:50:27.1371627Z  ✓ src/ui/hooks/useAtCompletion.test.ts (15 tests) 1804ms
smoke-test	Run Tests	2025-12-26T03:50:28.0018553Z  ✓ src/ui/hooks/useCommandCompletion.test.tsx (21 tests) 157ms
smoke-test	Run Tests	2025-12-26T03:50:28.0327044Z stderr | ../../node_modules/react-reconciler/cjs/react-reconciler.development.js:13614:19
smoke-test	Run Tests	2025-12-26T03:50:28.0328163Z An update to TestComponent inside a test was not wrapped in act(...).
smoke-test	Run Tests	2025-12-26T03:50:28.0330515Z 
smoke-test	Run Tests	2025-12-26T03:50:28.0331090Z When testing, code that causes React state updates should be wrapped into act(...):
smoke-test	Run Tests	2025-12-26T03:50:28.0333355Z 
smoke-test	Run Tests	2025-12-26T03:50:28.0334657Z act(() => {
smoke-test	Run Tests	2025-12-26T03:50:28.0335349Z   /* fire events that update state */
smoke-test	Run Tests	2025-12-26T03:50:28.0336892Z });
smoke-test	Run Tests	2025-12-26T03:50:28.0337315Z /* assert on the output */
smoke-test	Run Tests	2025-12-26T03:50:28.0337925Z 
smoke-test	Run Tests	2025-12-26T03:50:28.0339621Z This ensures that you're testing the behavior the user would see in the browser. Learn more at https://react.dev/link/wrap-tests-with-act
smoke-test	Run Tests	2025-12-26T03:50:28.0341188Z An update to TestComponent inside a test was not wrapped in act(...).
smoke-test	Run Tests	2025-12-26T03:50:28.0341625Z 
smoke-test	Run Tests	2025-12-26T03:50:28.0341983Z When testing, code that causes React state updates should be wrapped into act(...):
smoke-test	Run Tests	2025-12-26T03:50:28.0342473Z 
smoke-test	Run Tests	2025-12-26T03:50:28.0342588Z act(() => {
smoke-test	Run Tests	2025-12-26T03:50:28.0342896Z   /* fire events that update state */
smoke-test	Run Tests	2025-12-26T03:50:28.0343264Z });
smoke-test	Run Tests	2025-12-26T03:50:28.0343539Z /* assert on the output */
smoke-test	Run Tests	2025-12-26T03:50:28.0343764Z 
smoke-test	Run Tests	2025-12-26T03:50:28.0344362Z This ensures that you're testing the behavior the user would see in the browser. Learn more at https://react.dev/link/wrap-tests-with-act
smoke-test	Run Tests	2025-12-26T03:50:28.0345558Z An update to TestComponent inside a test was not wrapped in act(...).
smoke-test	Run Tests	2025-12-26T03:50:28.0346004Z 
smoke-test	Run Tests	2025-12-26T03:50:28.0346339Z When testing, code that causes React state updates should be wrapped into act(...):
smoke-test	Run Tests	2025-12-26T03:50:28.0346837Z 
smoke-test	Run Tests	2025-12-26T03:50:28.0346949Z act(() => {
smoke-test	Run Tests	2025-12-26T03:50:28.0347248Z   /* fire events that update state */
smoke-test	Run Tests	2025-12-26T03:50:28.0347611Z });
smoke-test	Run Tests	2025-12-26T03:50:28.0347876Z /* assert on the output */
smoke-test	Run Tests	2025-12-26T03:50:28.0348095Z 
smoke-test	Run Tests	2025-12-26T03:50:28.0348686Z This ensures that you're testing the behavior the user would see in the browser. Learn more at https://react.dev/link/wrap-tests-with-act
smoke-test	Run Tests	2025-12-26T03:50:28.0349404Z 
smoke-test	Run Tests	2025-12-26T03:50:28.0349796Z stderr | ../../node_modules/react-reconciler/cjs/react-reconciler.development.js:13614:19
smoke-test	Run Tests	2025-12-26T03:50:28.0350601Z An update to TestComponent inside a test was not wrapped in act(...).
smoke-test	Run Tests	2025-12-26T03:50:28.0351263Z 
smoke-test	Run Tests	2025-12-26T03:50:28.0351578Z When testing, code that causes React state updates should be wrapped into act(...):
smoke-test	Run Tests	2025-12-26T03:50:28.0352187Z 
smoke-test	Run Tests	2025-12-26T03:50:28.0352313Z act(() => {
smoke-test	Run Tests	2025-12-26T03:50:28.0352619Z   /* fire events that update state */
smoke-test	Run Tests	2025-12-26T03:50:28.0352983Z });
smoke-test	Run Tests	2025-12-26T03:50:28.0353259Z /* assert on the output */
smoke-test	Run Tests	2025-12-26T03:50:28.0353502Z 
smoke-test	Run Tests	2025-12-26T03:50:28.0354073Z This ensures that you're testing the behavior the user would see in the browser. Learn more at https://react.dev/link/wrap-tests-with-act
smoke-test	Run Tests	2025-12-26T03:50:28.0355253Z An update to TestComponent inside a test was not wrapped in act(...).
smoke-test	Run Tests	2025-12-26T03:50:28.0355686Z 
smoke-test	Run Tests	2025-12-26T03:50:28.0356063Z When testing, code that causes React state updates should be wrapped into act(...):
smoke-test	Run Tests	2025-12-26T03:50:28.0356575Z 
smoke-test	Run Tests	2025-12-26T03:50:28.0356699Z act(() => {
smoke-test	Run Tests	2025-12-26T03:50:28.0357022Z   /* fire events that update state */
smoke-test	Run Tests	2025-12-26T03:50:28.0357415Z });
smoke-test	Run Tests	2025-12-26T03:50:28.0357703Z /* assert on the output */
smoke-test	Run Tests	2025-12-26T03:50:28.0357936Z 
smoke-test	Run Tests	2025-12-26T03:50:28.0358528Z This ensures that you're testing the behavior the user would see in the browser. Learn more at https://react.dev/link/wrap-tests-with-act
smoke-test	Run Tests	2025-12-26T03:50:28.0359596Z An update to TestComponent inside a test was not wrapped in act(...).
smoke-test	Run Tests	2025-12-26T03:50:28.0360039Z 
smoke-test	Run Tests	2025-12-26T03:50:28.0360411Z When testing, code that causes React state updates should be wrapped into act(...):
smoke-test	Run Tests	2025-12-26T03:50:28.0361303Z 
smoke-test	Run Tests	2025-12-26T03:50:28.0361441Z act(() => {
smoke-test	Run Tests	2025-12-26T03:50:28.0361763Z   /* fire events that update state */
smoke-test	Run Tests	2025-12-26T03:50:28.0362165Z });
smoke-test	Run Tests	2025-12-26T03:50:28.0362441Z /* assert on the output */
smoke-test	Run Tests	2025-12-26T03:50:28.0362698Z 
smoke-test	Run Tests	2025-12-26T03:50:28.0363349Z This ensures that you're testing the behavior the user would see in the browser. Learn more at https://react.dev/link/wrap-tests-with-act
smoke-test	Run Tests	2025-12-26T03:50:28.0364113Z 
smoke-test	Run Tests	2025-12-26T03:50:28.0364581Z stderr | ../../node_modules/react-reconciler/cjs/react-reconciler.development.js:13614:19
smoke-test	Run Tests	2025-12-26T03:50:28.0365697Z An update to TestComponent inside a test was not wrapped in act(...).
smoke-test	Run Tests	2025-12-26T03:50:28.0366118Z 
smoke-test	Run Tests	2025-12-26T03:50:28.0366486Z When testing, code that causes React state updates should be wrapped into act(...):
smoke-test	Run Tests	2025-12-26T03:50:28.0366988Z 
smoke-test	Run Tests	2025-12-26T03:50:28.0367113Z act(() => {
smoke-test	Run Tests	2025-12-26T03:50:28.0367431Z   /* fire events that update state */
smoke-test	Run Tests	2025-12-26T03:50:28.0368090Z });
smoke-test	Run Tests	2025-12-26T03:50:28.0368379Z /* assert on the output */
smoke-test	Run Tests	2025-12-26T03:50:28.0368614Z 
smoke-test	Run Tests	2025-12-26T03:50:28.0369227Z This ensures that you're testing the behavior the user would see in the browser. Learn more at https://react.dev/link/wrap-tests-with-act
smoke-test	Run Tests	2025-12-26T03:50:28.0370266Z An update to TestComponent inside a test was not wrapped in act(...).
smoke-test	Run Tests	2025-12-26T03:50:28.0370682Z 
smoke-test	Run Tests	2025-12-26T03:50:28.0371030Z When testing, code that causes React state updates should be wrapped into act(...):
smoke-test	Run Tests	2025-12-26T03:50:28.0371521Z 
smoke-test	Run Tests	2025-12-26T03:50:28.0371637Z act(() => {
smoke-test	Run Tests	2025-12-26T03:50:28.0371939Z   /* fire events that update state */
smoke-test	Run Tests	2025-12-26T03:50:28.0372310Z });
smoke-test	Run Tests	2025-12-26T03:50:28.0372586Z /* assert on the output */
smoke-test	Run Tests	2025-12-26T03:50:28.0372809Z 
smoke-test	Run Tests	2025-12-26T03:50:28.0373405Z This ensures that you're testing the behavior the user would see in the browser. Learn more at https://react.dev/link/wrap-tests-with-act
smoke-test	Run Tests	2025-12-26T03:50:28.0374413Z An update to TestComponent inside a test was not wrapped in act(...).
smoke-test	Run Tests	2025-12-26T03:50:28.0375023Z 
smoke-test	Run Tests	2025-12-26T03:50:28.0375375Z When testing, code that causes React state updates should be wrapped into act(...):
smoke-test	Run Tests	2025-12-26T03:50:28.0375870Z 
smoke-test	Run Tests	2025-12-26T03:50:28.0375983Z act(() => {
smoke-test	Run Tests	2025-12-26T03:50:28.0376283Z   /* fire events that update state */
smoke-test	Run Tests	2025-12-26T03:50:28.0376650Z });
smoke-test	Run Tests	2025-12-26T03:50:28.0376946Z /* assert on the output */
smoke-test	Run Tests	2025-12-26T03:50:28.0377293Z 
smoke-test	Run Tests	2025-12-26T03:50:28.0377898Z This ensures that you're testing the behavior the user would see in the browser. Learn more at https://react.dev/link/wrap-tests-with-act
smoke-test	Run Tests	2025-12-26T03:50:28.0378647Z 
smoke-test	Run Tests	2025-12-26T03:50:28.0379410Z stderr | updateHookTypesDev (/home/runner/work/terminaI/terminaI/node_modules/react-reconciler/cjs/react-reconciler.development.js:3128:19)
smoke-test	Run Tests	2025-12-26T03:50:28.0381241Z React has detected a change in the order of Hooks called by TestComponent. This will lead to bugs and errors if not fixed. For more information, read the Rules of Hooks: https://react.dev/link/rules-of-hooks
smoke-test	Run Tests	2025-12-26T03:50:28.0382327Z 
smoke-test	Run Tests	2025-12-26T03:50:28.0382477Z    Previous render            Next render
smoke-test	Run Tests	2025-12-26T03:50:28.0382915Z    ------------------------------------------------------
smoke-test	Run Tests	2025-12-26T03:50:28.0383367Z 1. useMemo                    useMemo
smoke-test	Run Tests	2025-12-26T03:50:28.0383764Z 2. useReducer                 useReducer
smoke-test	Run Tests	2025-12-26T03:50:28.0384162Z 3. useMemo                    useMemo
smoke-test	Run Tests	2025-12-26T03:50:28.0384538Z 4. useMemo                    useMemo
smoke-test	Run Tests	2025-12-26T03:50:28.0385067Z 5. useState                   useState
smoke-test	Run Tests	2025-12-26T03:50:28.0385459Z 6. useEffect                  useEffect
smoke-test	Run Tests	2025-12-26T03:50:28.0385852Z 7. useEffect                  useEffect
smoke-test	Run Tests	2025-12-26T03:50:28.0386247Z 8. useEffect                  useEffect
smoke-test	Run Tests	2025-12-26T03:50:28.0386643Z 9. useCallback                useCallback
smoke-test	Run Tests	2025-12-26T03:50:28.0387190Z 10. useCallback               useCallback
smoke-test	Run Tests	2025-12-26T03:50:28.0387598Z 11. useCallback               useCallback
smoke-test	Run Tests	2025-12-26T03:50:28.0388006Z 12. useCallback               useCallback
smoke-test	Run Tests	2025-12-26T03:50:28.0388612Z 13. useCallback               useCallback
smoke-test	Run Tests	2025-12-26T03:50:28.0389012Z 14. useCallback               useCallback
smoke-test	Run Tests	2025-12-26T03:50:28.0389412Z 15. useCallback               useCallback
smoke-test	Run Tests	2025-12-26T03:50:28.0389810Z 16. useCallback               useCallback
smoke-test	Run Tests	2025-12-26T03:50:28.0390215Z 17. useCallback               useCallback
smoke-test	Run Tests	2025-12-26T03:50:28.0390617Z 18. useCallback               useCallback
smoke-test	Run Tests	2025-12-26T03:50:28.0391021Z 19. useCallback               useCallback
smoke-test	Run Tests	2025-12-26T03:50:28.0391419Z 20. useCallback               useCallback
smoke-test	Run Tests	2025-12-26T03:50:28.0391822Z 21. useCallback               useCallback
smoke-test	Run Tests	2025-12-26T03:50:28.0392228Z 22. useCallback               useCallback
smoke-test	Run Tests	2025-12-26T03:50:28.0392623Z 23. useCallback               useCallback
smoke-test	Run Tests	2025-12-26T03:50:28.0393040Z 24. useCallback               useCallback
smoke-test	Run Tests	2025-12-26T03:50:28.0393460Z 25. useCallback               useCallback
smoke-test	Run Tests	2025-12-26T03:50:28.0393875Z 26. useCallback               useCallback
smoke-test	Run Tests	2025-12-26T03:50:28.0394282Z 27. useCallback               useCallback
smoke-test	Run Tests	2025-12-26T03:50:28.0398643Z 28. useCallback               useCallback
smoke-test	Run Tests	2025-12-26T03:50:28.0399119Z 29. useCallback               useCallback
smoke-test	Run Tests	2025-12-26T03:50:28.0399569Z 30. useCallback               useCallback
smoke-test	Run Tests	2025-12-26T03:50:28.0400020Z 31. useCallback               useCallback
smoke-test	Run Tests	2025-12-26T03:50:28.0400466Z 32. useCallback               useCallback
smoke-test	Run Tests	2025-12-26T03:50:28.0400915Z 33. useCallback               useCallback
smoke-test	Run Tests	2025-12-26T03:50:28.0401440Z 34. useCallback               useCallback
smoke-test	Run Tests	2025-12-26T03:50:28.0401874Z 35. useCallback               useCallback
smoke-test	Run Tests	2025-12-26T03:50:28.0402310Z 36. useCallback               useCallback
smoke-test	Run Tests	2025-12-26T03:50:28.0402740Z 37. useCallback               useCallback
smoke-test	Run Tests	2025-12-26T03:50:28.0403177Z 38. useCallback               useCallback
smoke-test	Run Tests	2025-12-26T03:50:28.0403618Z 39. useCallback               useCallback
smoke-test	Run Tests	2025-12-26T03:50:28.0404048Z 40. useCallback               useCallback
smoke-test	Run Tests	2025-12-26T03:50:28.0404500Z 41. useCallback               useCallback
smoke-test	Run Tests	2025-12-26T03:50:28.0405163Z 42. useCallback               useCallback
smoke-test	Run Tests	2025-12-26T03:50:28.0405611Z 43. useCallback               useCallback
smoke-test	Run Tests	2025-12-26T03:50:28.0406041Z 44. useCallback               useCallback
smoke-test	Run Tests	2025-12-26T03:50:28.0406478Z 45. useCallback               useCallback
smoke-test	Run Tests	2025-12-26T03:50:28.0406914Z 46. useCallback               useCallback
smoke-test	Run Tests	2025-12-26T03:50:28.0407369Z 47. useCallback               useCallback
smoke-test	Run Tests	2025-12-26T03:50:28.0407808Z 48. useCallback               useCallback
smoke-test	Run Tests	2025-12-26T03:50:28.0408237Z 49. useCallback               useCallback
smoke-test	Run Tests	2025-12-26T03:50:28.0408679Z 50. useCallback               useCallback
smoke-test	Run Tests	2025-12-26T03:50:28.0409107Z 51. useCallback               useCallback
smoke-test	Run Tests	2025-12-26T03:50:28.0409542Z 52. useCallback               useCallback
smoke-test	Run Tests	2025-12-26T03:50:28.0409959Z 53. useCallback               useCallback
smoke-test	Run Tests	2025-12-26T03:50:28.0410395Z 54. useCallback               useCallback
smoke-test	Run Tests	2025-12-26T03:50:28.0410813Z 55. useMemo                   useMemo
smoke-test	Run Tests	2025-12-26T03:50:28.0411247Z 56. useCallback               useCallback
smoke-test	Run Tests	2025-12-26T03:50:28.0411679Z 57. useCallback               useCallback
smoke-test	Run Tests	2025-12-26T03:50:28.0412121Z 58. useCallback               useCallback
smoke-test	Run Tests	2025-12-26T03:50:28.0412558Z 59. useCallback               useCallback
smoke-test	Run Tests	2025-12-26T03:50:28.0412988Z 60. useCallback               useCallback
smoke-test	Run Tests	2025-12-26T03:50:28.0413420Z 61. useMemo                   useMemo
smoke-test	Run Tests	2025-12-26T03:50:28.0413818Z 62. useState                  useState
smoke-test	Run Tests	2025-12-26T03:50:28.0414218Z 63. useState                  useState
smoke-test	Run Tests	2025-12-26T03:50:28.0414643Z 64. useState                  useState
smoke-test	Run Tests	2025-12-26T03:50:28.0415241Z 65. useState                  useState
smoke-test	Run Tests	2025-12-26T03:50:28.0415637Z 66. useState                  useState
smoke-test	Run Tests	2025-12-26T03:50:28.0416009Z 67. useState                  useState
smoke-test	Run Tests	2025-12-26T03:50:28.0416387Z 68. useCallback               useCallback
smoke-test	Run Tests	2025-12-26T03:50:28.0416815Z 69. useCallback               useCallback
smoke-test	Run Tests	2025-12-26T03:50:28.0417267Z 70. useCallback               useCallback
smoke-test	Run Tests	2025-12-26T03:50:28.0417964Z 71. useMemo                   useMemo
smoke-test	Run Tests	2025-12-26T03:50:28.0418387Z 72. useEffect                 useState
smoke-test	Run Tests	2025-12-26T03:50:28.0418801Z    ^^^^^^^^^^^^^^^^^^^^^^^^^^^^^^^^^^^^^^^^^^^^^^^^^^^^^^
smoke-test	Run Tests	2025-12-26T03:50:28.0419100Z 
smoke-test	Run Tests	2025-12-26T03:50:28.0419112Z 
smoke-test	Run Tests	2025-12-26T03:50:28.0419539Z stderr | ../../node_modules/react-reconciler/cjs/react-reconciler.development.js:13614:19
smoke-test	Run Tests	2025-12-26T03:50:28.0420371Z An update to Root inside a test was not wrapped in act(...).
smoke-test	Run Tests	2025-12-26T03:50:28.0420778Z 
smoke-test	Run Tests	2025-12-26T03:50:28.0421152Z When testing, code that causes React state updates should be wrapped into act(...):
smoke-test	Run Tests	2025-12-26T03:50:28.0421679Z 
smoke-test	Run Tests	2025-12-26T03:50:28.0421826Z act(() => {
smoke-test	Run Tests	2025-12-26T03:50:28.0422156Z   /* fire events that update state */
smoke-test	Run Tests	2025-12-26T03:50:28.0422563Z });
smoke-test	Run Tests	2025-12-26T03:50:28.0422854Z /* assert on the output */
smoke-test	Run Tests	2025-12-26T03:50:28.0423100Z 
smoke-test	Run Tests	2025-12-26T03:50:28.0423750Z This ensures that you're testing the behavior the user would see in the browser. Learn more at https://react.dev/link/wrap-tests-with-act
smoke-test	Run Tests	2025-12-26T03:50:28.0425003Z 
smoke-test	Run Tests	2025-12-26T03:50:28.0425458Z stderr | ../../node_modules/react-reconciler/cjs/react-reconciler.development.js:13614:19
smoke-test	Run Tests	2025-12-26T03:50:28.0426431Z An update to TestComponent inside a test was not wrapped in act(...).
smoke-test	Run Tests	2025-12-26T03:50:28.0426902Z 
smoke-test	Run Tests	2025-12-26T03:50:28.0427290Z When testing, code that causes React state updates should be wrapped into act(...):
smoke-test	Run Tests	2025-12-26T03:50:28.0427818Z 
smoke-test	Run Tests	2025-12-26T03:50:28.0427949Z act(() => {
smoke-test	Run Tests	2025-12-26T03:50:28.0428281Z   /* fire events that update state */
smoke-test	Run Tests	2025-12-26T03:50:28.0428679Z });
smoke-test	Run Tests	2025-12-26T03:50:28.0428981Z /* assert on the output */
smoke-test	Run Tests	2025-12-26T03:50:28.0429228Z 
smoke-test	Run Tests	2025-12-26T03:50:28.0429882Z This ensures that you're testing the behavior the user would see in the browser. Learn more at https://react.dev/link/wrap-tests-with-act
smoke-test	Run Tests	2025-12-26T03:50:28.0430997Z An update to TestComponent inside a test was not wrapped in act(...).
smoke-test	Run Tests	2025-12-26T03:50:28.0431460Z 
smoke-test	Run Tests	2025-12-26T03:50:28.0431847Z When testing, code that causes React state updates should be wrapped into act(...):
smoke-test	Run Tests	2025-12-26T03:50:28.0432416Z 
smoke-test	Run Tests	2025-12-26T03:50:28.0432552Z act(() => {
smoke-test	Run Tests	2025-12-26T03:50:28.0432889Z   /* fire events that update state */
smoke-test	Run Tests	2025-12-26T03:50:28.0433290Z });
smoke-test	Run Tests	2025-12-26T03:50:28.0433587Z /* assert on the output */
smoke-test	Run Tests	2025-12-26T03:50:28.0433834Z 
smoke-test	Run Tests	2025-12-26T03:50:28.0434479Z This ensures that you're testing the behavior the user would see in the browser. Learn more at https://react.dev/link/wrap-tests-with-act
smoke-test	Run Tests	2025-12-26T03:50:28.0435907Z An update to TestComponent inside a test was not wrapped in act(...).
smoke-test	Run Tests	2025-12-26T03:50:28.0436379Z 
smoke-test	Run Tests	2025-12-26T03:50:28.0436756Z When testing, code that causes React state updates should be wrapped into act(...):
smoke-test	Run Tests	2025-12-26T03:50:28.0437279Z 
smoke-test	Run Tests	2025-12-26T03:50:28.0437410Z act(() => {
smoke-test	Run Tests	2025-12-26T03:50:28.0437739Z   /* fire events that update state */
smoke-test	Run Tests	2025-12-26T03:50:28.0438137Z });
smoke-test	Run Tests	2025-12-26T03:50:28.0438432Z /* assert on the output */
smoke-test	Run Tests	2025-12-26T03:50:28.0438677Z 
smoke-test	Run Tests	2025-12-26T03:50:28.0439332Z This ensures that you're testing the behavior the user would see in the browser. Learn more at https://react.dev/link/wrap-tests-with-act
smoke-test	Run Tests	2025-12-26T03:50:28.0440134Z 
smoke-test	Run Tests	2025-12-26T03:50:28.0440568Z stderr | ../../node_modules/react-reconciler/cjs/react-reconciler.development.js:13614:19
smoke-test	Run Tests	2025-12-26T03:50:28.0441459Z An update to TestComponent inside a test was not wrapped in act(...).
smoke-test	Run Tests	2025-12-26T03:50:28.0441911Z 
smoke-test	Run Tests	2025-12-26T03:50:28.0442278Z When testing, code that causes React state updates should be wrapped into act(...):
smoke-test	Run Tests	2025-12-26T03:50:28.0442813Z 
smoke-test	Run Tests	2025-12-26T03:50:28.0442943Z act(() => {
smoke-test	Run Tests	2025-12-26T03:50:28.0443276Z   /* fire events that update state */
smoke-test	Run Tests	2025-12-26T03:50:28.0443672Z });
smoke-test	Run Tests	2025-12-26T03:50:28.0443969Z /* assert on the output */
smoke-test	Run Tests	2025-12-26T03:50:28.0444217Z 
smoke-test	Run Tests	2025-12-26T03:50:28.0445116Z This ensures that you're testing the behavior the user would see in the browser. Learn more at https://react.dev/link/wrap-tests-with-act
smoke-test	Run Tests	2025-12-26T03:50:28.0446177Z An update to TestComponent inside a test was not wrapped in act(...).
smoke-test	Run Tests	2025-12-26T03:50:28.0446890Z 
smoke-test	Run Tests	2025-12-26T03:50:28.0447237Z When testing, code that causes React state updates should be wrapped into act(...):
smoke-test	Run Tests	2025-12-26T03:50:28.0447736Z 
smoke-test	Run Tests	2025-12-26T03:50:28.0447853Z act(() => {
smoke-test	Run Tests	2025-12-26T03:50:28.0448182Z   /* fire events that update state */
smoke-test	Run Tests	2025-12-26T03:50:28.0448577Z });
smoke-test	Run Tests	2025-12-26T03:50:28.0448888Z /* assert on the output */
smoke-test	Run Tests	2025-12-26T03:50:28.0449139Z 
smoke-test	Run Tests	2025-12-26T03:50:28.0449770Z This ensures that you're testing the behavior the user would see in the browser. Learn more at https://react.dev/link/wrap-tests-with-act
smoke-test	Run Tests	2025-12-26T03:50:28.0450574Z 
smoke-test	Run Tests	2025-12-26T03:50:28.0451009Z stderr | ../../node_modules/react-reconciler/cjs/react-reconciler.development.js:13614:19
smoke-test	Run Tests	2025-12-26T03:50:28.0451902Z An update to TestComponent inside a test was not wrapped in act(...).
smoke-test	Run Tests	2025-12-26T03:50:28.0452365Z 
smoke-test	Run Tests	2025-12-26T03:50:28.0452735Z When testing, code that causes React state updates should be wrapped into act(...):
smoke-test	Run Tests	2025-12-26T03:50:28.0453262Z 
smoke-test	Run Tests	2025-12-26T03:50:28.0453665Z act(() => {
smoke-test	Run Tests	2025-12-26T03:50:28.0454031Z   /* fire events that update state */
smoke-test	Run Tests	2025-12-26T03:50:28.0454450Z });
smoke-test	Run Tests	2025-12-26T03:50:28.0454945Z /* assert on the output */
smoke-test	Run Tests	2025-12-26T03:50:28.0455214Z 
smoke-test	Run Tests	2025-12-26T03:50:28.0455862Z This ensures that you're testing the behavior the user would see in the browser. Learn more at https://react.dev/link/wrap-tests-with-act
smoke-test	Run Tests	2025-12-26T03:50:28.0456969Z An update to TestComponent inside a test was not wrapped in act(...).
smoke-test	Run Tests	2025-12-26T03:50:28.0457437Z 
smoke-test	Run Tests	2025-12-26T03:50:28.0457819Z When testing, code that causes React state updates should be wrapped into act(...):
smoke-test	Run Tests	2025-12-26T03:50:28.0458348Z 
smoke-test	Run Tests	2025-12-26T03:50:28.0458478Z act(() => {
smoke-test	Run Tests	2025-12-26T03:50:28.0458816Z   /* fire events that update state */
smoke-test	Run Tests	2025-12-26T03:50:28.0459217Z });
smoke-test	Run Tests	2025-12-26T03:50:28.0459519Z /* assert on the output */
smoke-test	Run Tests	2025-12-26T03:50:28.0459767Z 
smoke-test	Run Tests	2025-12-26T03:50:28.0460414Z This ensures that you're testing the behavior the user would see in the browser. Learn more at https://react.dev/link/wrap-tests-with-act
smoke-test	Run Tests	2025-12-26T03:50:28.0461521Z An update to TestComponent inside a test was not wrapped in act(...).
smoke-test	Run Tests	2025-12-26T03:50:28.0461965Z 
smoke-test	Run Tests	2025-12-26T03:50:28.0475367Z When testing, code that causes React state updates should be wrapped into act(...):
smoke-test	Run Tests	2025-12-26T03:50:28.0475938Z 
smoke-test	Run Tests	2025-12-26T03:50:28.0476075Z act(() => {
smoke-test	Run Tests	2025-12-26T03:50:28.0476411Z   /* fire events that update state */
smoke-test	Run Tests	2025-12-26T03:50:28.0476791Z });
smoke-test	Run Tests	2025-12-26T03:50:28.0477089Z /* assert on the output */
smoke-test	Run Tests	2025-12-26T03:50:28.0477337Z 
smoke-test	Run Tests	2025-12-26T03:50:28.0477970Z This ensures that you're testing the behavior the user would see in the browser. Learn more at https://react.dev/link/wrap-tests-with-act
smoke-test	Run Tests	2025-12-26T03:50:28.0478762Z 
smoke-test	Run Tests	2025-12-26T03:50:28.0479172Z stderr | ../../node_modules/react-reconciler/cjs/react-reconciler.development.js:13614:19
smoke-test	Run Tests	2025-12-26T03:50:28.0480064Z An update to TestComponent inside a test was not wrapped in act(...).
smoke-test	Run Tests	2025-12-26T03:50:28.0480524Z 
smoke-test	Run Tests	2025-12-26T03:50:28.0480881Z When testing, code that causes React state updates should be wrapped into act(...):
smoke-test	Run Tests	2025-12-26T03:50:28.0481515Z 
smoke-test	Run Tests	2025-12-26T03:50:28.0481652Z act(() => {
smoke-test	Run Tests	2025-12-26T03:50:28.0481988Z   /* fire events that update state */
smoke-test	Run Tests	2025-12-26T03:50:28.0482373Z });
smoke-test	Run Tests	2025-12-26T03:50:28.0482656Z /* assert on the output */
smoke-test	Run Tests	2025-12-26T03:50:28.0482892Z 
smoke-test	Run Tests	2025-12-26T03:50:28.0483512Z This ensures that you're testing the behavior the user would see in the browser. Learn more at https://react.dev/link/wrap-tests-with-act
smoke-test	Run Tests	2025-12-26T03:50:28.0484562Z An update to TestComponent inside a test was not wrapped in act(...).
smoke-test	Run Tests	2025-12-26T03:50:28.0485278Z 
smoke-test	Run Tests	2025-12-26T03:50:28.0485637Z When testing, code that causes React state updates should be wrapped into act(...):
smoke-test	Run Tests	2025-12-26T03:50:28.0486144Z 
smoke-test	Run Tests	2025-12-26T03:50:28.0486263Z act(() => {
smoke-test	Run Tests	2025-12-26T03:50:28.0486563Z   /* fire events that update state */
smoke-test	Run Tests	2025-12-26T03:50:28.0486924Z });
smoke-test	Run Tests	2025-12-26T03:50:28.0487189Z /* assert on the output */
smoke-test	Run Tests	2025-12-26T03:50:28.0487403Z 
smoke-test	Run Tests	2025-12-26T03:50:28.0487992Z This ensures that you're testing the behavior the user would see in the browser. Learn more at https://react.dev/link/wrap-tests-with-act
smoke-test	Run Tests	2025-12-26T03:50:28.0489249Z An update to TestComponent inside a test was not wrapped in act(...).
smoke-test	Run Tests	2025-12-26T03:50:28.0489663Z 
smoke-test	Run Tests	2025-12-26T03:50:28.0489996Z When testing, code that causes React state updates should be wrapped into act(...):
smoke-test	Run Tests	2025-12-26T03:50:28.0490474Z 
smoke-test	Run Tests	2025-12-26T03:50:28.0490589Z act(() => {
smoke-test	Run Tests	2025-12-26T03:50:28.0490890Z   /* fire events that update state */
smoke-test	Run Tests	2025-12-26T03:50:28.0491259Z });
smoke-test	Run Tests	2025-12-26T03:50:28.0491528Z /* assert on the output */
smoke-test	Run Tests	2025-12-26T03:50:28.0491746Z 
smoke-test	Run Tests	2025-12-26T03:50:28.0492343Z This ensures that you're testing the behavior the user would see in the browser. Learn more at https://react.dev/link/wrap-tests-with-act
smoke-test	Run Tests	2025-12-26T03:50:28.0493089Z 
smoke-test	Run Tests	2025-12-26T03:50:28.0493482Z stderr | ../../node_modules/react-reconciler/cjs/react-reconciler.development.js:13614:19
smoke-test	Run Tests	2025-12-26T03:50:28.0494253Z An update to Root inside a test was not wrapped in act(...).
smoke-test	Run Tests	2025-12-26T03:50:28.0535239Z 
smoke-test	Run Tests	2025-12-26T03:50:28.0535674Z When testing, code that causes React state updates should be wrapped into act(...):
smoke-test	Run Tests	2025-12-26T03:50:28.0536233Z 
smoke-test	Run Tests	2025-12-26T03:50:28.0536366Z act(() => {
smoke-test	Run Tests	2025-12-26T03:50:28.0536699Z   /* fire events that update state */
smoke-test	Run Tests	2025-12-26T03:50:28.0537100Z });
smoke-test	Run Tests	2025-12-26T03:50:28.0537399Z /* assert on the output */
smoke-test	Run Tests	2025-12-26T03:50:28.0537664Z 
smoke-test	Run Tests	2025-12-26T03:50:28.0538324Z This ensures that you're testing the behavior the user would see in the browser. Learn more at https://react.dev/link/wrap-tests-with-act
smoke-test	Run Tests	2025-12-26T03:50:28.0539116Z 
smoke-test	Run Tests	2025-12-26T03:50:28.0539575Z stderr | ../../node_modules/react-reconciler/cjs/react-reconciler.development.js:13614:19
smoke-test	Run Tests	2025-12-26T03:50:28.0540428Z An update to Root inside a test was not wrapped in act(...).
smoke-test	Run Tests	2025-12-26T03:50:28.0540843Z 
smoke-test	Run Tests	2025-12-26T03:50:28.0541215Z When testing, code that causes React state updates should be wrapped into act(...):
smoke-test	Run Tests	2025-12-26T03:50:28.0541786Z 
smoke-test	Run Tests	2025-12-26T03:50:28.0541940Z act(() => {
smoke-test	Run Tests	2025-12-26T03:50:28.0542297Z   /* fire events that update state */
smoke-test	Run Tests	2025-12-26T03:50:28.0542704Z });
smoke-test	Run Tests	2025-12-26T03:50:28.0543000Z /* assert on the output */
smoke-test	Run Tests	2025-12-26T03:50:28.0543262Z 
smoke-test	Run Tests	2025-12-26T03:50:28.0543922Z This ensures that you're testing the behavior the user would see in the browser. Learn more at https://react.dev/link/wrap-tests-with-act
smoke-test	Run Tests	2025-12-26T03:50:28.0544922Z 
smoke-test	Run Tests	2025-12-26T03:50:28.0545374Z stderr | ../../node_modules/react-reconciler/cjs/react-reconciler.development.js:13614:19
smoke-test	Run Tests	2025-12-26T03:50:28.0546227Z An update to Root inside a test was not wrapped in act(...).
smoke-test	Run Tests	2025-12-26T03:50:28.0546633Z 
smoke-test	Run Tests	2025-12-26T03:50:28.0547010Z When testing, code that causes React state updates should be wrapped into act(...):
smoke-test	Run Tests	2025-12-26T03:50:28.0547536Z 
smoke-test	Run Tests	2025-12-26T03:50:28.0547668Z act(() => {
smoke-test	Run Tests	2025-12-26T03:50:28.0548006Z   /* fire events that update state */
smoke-test	Run Tests	2025-12-26T03:50:28.0548415Z });
smoke-test	Run Tests	2025-12-26T03:50:28.0548717Z /* assert on the output */
smoke-test	Run Tests	2025-12-26T03:50:28.0548968Z 
smoke-test	Run Tests	2025-12-26T03:50:28.0549611Z This ensures that you're testing the behavior the user would see in the browser. Learn more at https://react.dev/link/wrap-tests-with-act
smoke-test	Run Tests	2025-12-26T03:50:28.0550444Z 
smoke-test	Run Tests	2025-12-26T03:50:28.0550874Z stderr | ../../node_modules/react-reconciler/cjs/react-reconciler.development.js:13614:19
smoke-test	Run Tests	2025-12-26T03:50:28.0551724Z An update to Root inside a test was not wrapped in act(...).
smoke-test	Run Tests	2025-12-26T03:50:28.0552138Z 
smoke-test	Run Tests	2025-12-26T03:50:28.0552513Z When testing, code that causes React state updates should be wrapped into act(...):
smoke-test	Run Tests	2025-12-26T03:50:28.0553051Z 
smoke-test	Run Tests	2025-12-26T03:50:28.0553176Z act(() => {
smoke-test	Run Tests	2025-12-26T03:50:28.0553506Z   /* fire events that update state */
smoke-test	Run Tests	2025-12-26T03:50:28.0553913Z });
smoke-test	Run Tests	2025-12-26T03:50:28.0554199Z /* assert on the output */
smoke-test	Run Tests	2025-12-26T03:50:28.0554456Z 
smoke-test	Run Tests	2025-12-26T03:50:28.0555294Z This ensures that you're testing the behavior the user would see in the browser. Learn more at https://react.dev/link/wrap-tests-with-act
smoke-test	Run Tests	2025-12-26T03:50:28.0556096Z 
smoke-test	Run Tests	2025-12-26T03:50:28.0556545Z stderr | ../../node_modules/react-reconciler/cjs/react-reconciler.development.js:13614:19
smoke-test	Run Tests	2025-12-26T03:50:28.0557834Z An update to Root inside a test was not wrapped in act(...).
smoke-test	Run Tests	2025-12-26T03:50:28.0558239Z 
smoke-test	Run Tests	2025-12-26T03:50:28.0558605Z When testing, code that causes React state updates should be wrapped into act(...):
smoke-test	Run Tests	2025-12-26T03:50:28.0559126Z 
smoke-test	Run Tests	2025-12-26T03:50:28.0559261Z act(() => {
smoke-test	Run Tests	2025-12-26T03:50:28.0559595Z   /* fire events that update state */
smoke-test	Run Tests	2025-12-26T03:50:28.0560005Z });
smoke-test	Run Tests	2025-12-26T03:50:28.0560295Z /* assert on the output */
smoke-test	Run Tests	2025-12-26T03:50:28.0560537Z 
smoke-test	Run Tests	2025-12-26T03:50:28.0561175Z This ensures that you're testing the behavior the user would see in the browser. Learn more at https://react.dev/link/wrap-tests-with-act
smoke-test	Run Tests	2025-12-26T03:50:28.0561959Z 
smoke-test	Run Tests	2025-12-26T03:50:28.0725449Z stderr | ../../node_modules/react-reconciler/cjs/react-reconciler.development.js:13614:19
smoke-test	Run Tests	2025-12-26T03:50:28.0728524Z An update to Root inside a test was not wrapped in act(...).
smoke-test	Run Tests	2025-12-26T03:50:28.0729394Z 
smoke-test	Run Tests	2025-12-26T03:50:28.0730891Z When testing, code that causes React state updates should be wrapped into act(...):
smoke-test	Run Tests	2025-12-26T03:50:28.0743339Z 
smoke-test	Run Tests	2025-12-26T03:50:28.0743478Z act(() => {
smoke-test	Run Tests	2025-12-26T03:50:28.0743785Z   /* fire events that update state */
smoke-test	Run Tests	2025-12-26T03:50:28.0744168Z });
smoke-test	Run Tests	2025-12-26T03:50:28.0744450Z /* assert on the output */
smoke-test	Run Tests	2025-12-26T03:50:28.0744951Z 
smoke-test	Run Tests	2025-12-26T03:50:28.0745657Z This ensures that you're testing the behavior the user would see in the browser. Learn more at https://react.dev/link/wrap-tests-with-act
smoke-test	Run Tests	2025-12-26T03:50:28.0746425Z 
smoke-test	Run Tests	2025-12-26T03:50:28.3222899Z  ✓ src/utils/errors.test.ts (28 tests) 38ms
smoke-test	Run Tests	2025-12-26T03:50:30.0377061Z  ✓ src/validateNonInterActiveAuth.test.ts (17 tests) 39ms
smoke-test	Run Tests	2025-12-26T03:50:30.8982661Z stdout | src/config/policy-engine.integration.test.ts > Policy Engine Integration Tests > Policy configuration produces valid PolicyEngine config > should create a working PolicyEngine from basic settings
smoke-test	Run Tests	2025-12-26T03:50:30.8985784Z [PolicyEngine.check] toolCall.name: run_shell_command, stringifiedArgs: undefined
smoke-test	Run Tests	2025-12-26T03:50:30.8993928Z [PolicyEngine.check] MATCHED rule: toolName=run_shell_command, decision=allow, priority=2.3, argsPattern=none
smoke-test	Run Tests	2025-12-26T03:50:30.8994877Z 
smoke-test	Run Tests	2025-12-26T03:50:30.9020116Z stdout | src/config/policy-engine.integration.test.ts > Policy Engine Integration Tests > Policy configuration produces valid PolicyEngine config > should create a working PolicyEngine from basic settings
smoke-test	Run Tests	2025-12-26T03:50:30.9021705Z [PolicyEngine.check] toolCall.name: write_file, stringifiedArgs: undefined
smoke-test	Run Tests	2025-12-26T03:50:30.9022643Z [PolicyEngine.check] MATCHED rule: toolName=write_file, decision=deny, priority=2.4, argsPattern=none
smoke-test	Run Tests	2025-12-26T03:50:30.9026769Z 
smoke-test	Run Tests	2025-12-26T03:50:30.9031239Z stdout | src/config/policy-engine.integration.test.ts > Policy Engine Integration Tests > Policy configuration produces valid PolicyEngine config > should create a working PolicyEngine from basic settings
smoke-test	Run Tests	2025-12-26T03:50:30.9033286Z [PolicyEngine.check] toolCall.name: edit_file, stringifiedArgs: undefined
smoke-test	Run Tests	2025-12-26T03:50:30.9037856Z [PolicyEngine.check] MATCHED rule: toolName=edit_file, decision=ask_user, priority=1.01, argsPattern=none
smoke-test	Run Tests	2025-12-26T03:50:30.9041084Z 
smoke-test	Run Tests	2025-12-26T03:50:30.9042862Z stdout | src/config/policy-engine.integration.test.ts > Policy Engine Integration Tests > Policy configuration produces valid PolicyEngine config > should create a working PolicyEngine from basic settings
smoke-test	Run Tests	2025-12-26T03:50:30.9045989Z [PolicyEngine.check] toolCall.name: unknown_tool, stringifiedArgs: undefined
smoke-test	Run Tests	2025-12-26T03:50:30.9048964Z [PolicyEngine.check] NO MATCH - using default decision: ask_user
smoke-test	Run Tests	2025-12-26T03:50:30.9049403Z 
smoke-test	Run Tests	2025-12-26T03:50:30.9137258Z stdout | src/config/policy-engine.integration.test.ts > Policy Engine Integration Tests > Policy configuration produces valid PolicyEngine config > should handle MCP server wildcard patterns correctly
smoke-test	Run Tests	2025-12-26T03:50:30.9139017Z [PolicyEngine.check] toolCall.name: allowed-server__tool1, stringifiedArgs: undefined
smoke-test	Run Tests	2025-12-26T03:50:30.9140156Z [PolicyEngine.check] MATCHED rule: toolName=allowed-server__*, decision=allow, priority=2.1, argsPattern=none
smoke-test	Run Tests	2025-12-26T03:50:30.9141638Z 
smoke-test	Run Tests	2025-12-26T03:50:30.9151632Z stdout | src/config/policy-engine.integration.test.ts > Policy Engine Integration Tests > Policy configuration produces valid PolicyEngine config > should handle MCP server wildcard patterns correctly
smoke-test	Run Tests	2025-12-26T03:50:30.9153607Z [PolicyEngine.check] toolCall.name: allowed-server__another_tool, stringifiedArgs: undefined
smoke-test	Run Tests	2025-12-26T03:50:30.9155451Z [PolicyEngine.check] MATCHED rule: toolName=allowed-server__*, decision=allow, priority=2.1, argsPattern=none
smoke-test	Run Tests	2025-12-26T03:50:30.9156462Z 
smoke-test	Run Tests	2025-12-26T03:50:30.9157118Z stdout | src/config/policy-engine.integration.test.ts > Policy Engine Integration Tests > Policy configuration produces valid PolicyEngine config > should handle MCP server wildcard patterns correctly
smoke-test	Run Tests	2025-12-26T03:50:30.9158533Z [PolicyEngine.check] toolCall.name: trusted-server__tool1, stringifiedArgs: undefined
smoke-test	Run Tests	2025-12-26T03:50:30.9159583Z [PolicyEngine.check] MATCHED rule: toolName=trusted-server__*, decision=allow, priority=2.2, argsPattern=none
smoke-test	Run Tests	2025-12-26T03:50:30.9160548Z 
smoke-test	Run Tests	2025-12-26T03:50:30.9161586Z stdout | src/config/policy-engine.integration.test.ts > Policy Engine Integration Tests > Policy configuration produces valid PolicyEngine config > should handle MCP server wildcard patterns correctly
smoke-test	Run Tests	2025-12-26T03:50:30.9163212Z [PolicyEngine.check] toolCall.name: trusted-server__special_tool, stringifiedArgs: undefined
smoke-test	Run Tests	2025-12-26T03:50:30.9164288Z [PolicyEngine.check] MATCHED rule: toolName=trusted-server__*, decision=allow, priority=2.2, argsPattern=none
smoke-test	Run Tests	2025-12-26T03:50:30.9165134Z 
smoke-test	Run Tests	2025-12-26T03:50:30.9166158Z stdout | src/config/policy-engine.integration.test.ts > Policy Engine Integration Tests > Policy configuration produces valid PolicyEngine config > should handle MCP server wildcard patterns correctly
smoke-test	Run Tests	2025-12-26T03:50:30.9167719Z [PolicyEngine.check] toolCall.name: blocked-server__tool1, stringifiedArgs: undefined
smoke-test	Run Tests	2025-12-26T03:50:30.9168783Z [PolicyEngine.check] MATCHED rule: toolName=blocked-server__*, decision=deny, priority=2.9, argsPattern=none
smoke-test	Run Tests	2025-12-26T03:50:30.9169492Z 
smoke-test	Run Tests	2025-12-26T03:50:30.9170542Z stdout | src/config/policy-engine.integration.test.ts > Policy Engine Integration Tests > Policy configuration produces valid PolicyEngine config > should handle MCP server wildcard patterns correctly
smoke-test	Run Tests	2025-12-26T03:50:30.9172120Z [PolicyEngine.check] toolCall.name: blocked-server__any_tool, stringifiedArgs: undefined
smoke-test	Run Tests	2025-12-26T03:50:30.9173145Z [PolicyEngine.check] MATCHED rule: toolName=blocked-server__*, decision=deny, priority=2.9, argsPattern=none
smoke-test	Run Tests	2025-12-26T03:50:30.9173785Z 
smoke-test	Run Tests	2025-12-26T03:50:30.9175717Z stdout | src/config/policy-engine.integration.test.ts > Policy Engine Integration Tests > Policy configuration produces valid PolicyEngine config > should handle MCP server wildcard patterns correctly
smoke-test	Run Tests	2025-12-26T03:50:30.9177319Z [PolicyEngine.check] toolCall.name: unknown-server__tool, stringifiedArgs: undefined
smoke-test	Run Tests	2025-12-26T03:50:30.9178121Z [PolicyEngine.check] NO MATCH - using default decision: ask_user
smoke-test	Run Tests	2025-12-26T03:50:30.9178561Z 
smoke-test	Run Tests	2025-12-26T03:50:30.9283349Z stdout | src/config/policy-engine.integration.test.ts > Policy Engine Integration Tests > Policy configuration produces valid PolicyEngine config > should correctly prioritize specific tool excludes over MCP server wildcards
smoke-test	Run Tests	2025-12-26T03:50:30.9285733Z [PolicyEngine.check] toolCall.name: my-server__safe-tool, stringifiedArgs: undefined
smoke-test	Run Tests	2025-12-26T03:50:30.9286862Z [PolicyEngine.check] MATCHED rule: toolName=my-server__*, decision=allow, priority=2.1, argsPattern=none
smoke-test	Run Tests	2025-12-26T03:50:30.9287243Z 
smoke-test	Run Tests	2025-12-26T03:50:30.9287912Z stdout | src/config/policy-engine.integration.test.ts > Policy Engine Integration Tests > Policy configuration produces valid PolicyEngine config > should correctly prioritize specific tool excludes over MCP server wildcards
smoke-test	Run Tests	2025-12-26T03:50:30.9288917Z [PolicyEngine.check] toolCall.name: my-server__dangerous-tool, stringifiedArgs: undefined
smoke-test	Run Tests	2025-12-26T03:50:30.9289860Z [PolicyEngine.check] MATCHED rule: toolName=my-server__dangerous-tool, decision=deny, priority=2.4, argsPattern=none
smoke-test	Run Tests	2025-12-26T03:50:30.9290253Z 
smoke-test	Run Tests	2025-12-26T03:50:30.9372867Z stdout | src/config/policy-engine.integration.test.ts > Policy Engine Integration Tests > Policy configuration produces valid PolicyEngine config > should handle complex mixed configurations
smoke-test	Run Tests	2025-12-26T03:50:30.9374961Z [PolicyEngine.check] toolCall.name: read_file, stringifiedArgs: undefined
smoke-test	Run Tests	2025-12-26T03:50:30.9378326Z [PolicyEngine.check] MATCHED rule: toolName=read_file, decision=allow, priority=1.05, argsPattern=none
smoke-test	Run Tests	2025-12-26T03:50:30.9379006Z 
smoke-test	Run Tests	2025-12-26T03:50:30.9380040Z stdout | src/config/policy-engine.integration.test.ts > Policy Engine Integration Tests > Policy configuration produces valid PolicyEngine config > should handle complex mixed configurations
smoke-test	Run Tests	2025-12-26T03:50:30.9381528Z [PolicyEngine.check] toolCall.name: list_files, stringifiedArgs: undefined
smoke-test	Run Tests	2025-12-26T03:50:30.9382547Z [PolicyEngine.check] MATCHED rule: toolName=list_files, decision=allow, priority=1.05, argsPattern=none
smoke-test	Run Tests	2025-12-26T03:50:30.9383572Z 
smoke-test	Run Tests	2025-12-26T03:50:30.9386019Z stdout | src/config/policy-engine.integration.test.ts > Policy Engine Integration Tests > Policy configuration produces valid PolicyEngine config > should handle complex mixed configurations
smoke-test	Run Tests	2025-12-26T03:50:30.9388318Z [PolicyEngine.check] toolCall.name: glob_files, stringifiedArgs: undefined
smoke-test	Run Tests	2025-12-26T03:50:30.9389313Z [PolicyEngine.check] MATCHED rule: toolName=glob_files, decision=deny, priority=2.4, argsPattern=none
smoke-test	Run Tests	2025-12-26T03:50:30.9389967Z 
smoke-test	Run Tests	2025-12-26T03:50:30.9390991Z stdout | src/config/policy-engine.integration.test.ts > Policy Engine Integration Tests > Policy configuration produces valid PolicyEngine config > should handle complex mixed configurations
smoke-test	Run Tests	2025-12-26T03:50:30.9394154Z [PolicyEngine.check] toolCall.name: edit_file, stringifiedArgs: undefined
smoke-test	Run Tests	2025-12-26T03:50:30.9398037Z [PolicyEngine.check] MATCHED rule: toolName=edit_file, decision=ask_user, priority=1.01, argsPattern=none
smoke-test	Run Tests	2025-12-26T03:50:30.9398946Z 
smoke-test	Run Tests	2025-12-26T03:50:30.9400008Z stdout | src/config/policy-engine.integration.test.ts > Policy Engine Integration Tests > Policy configuration produces valid PolicyEngine config > should handle complex mixed configurations
smoke-test	Run Tests	2025-12-26T03:50:30.9413625Z [PolicyEngine.check] toolCall.name: custom-tool, stringifiedArgs: undefined
smoke-test	Run Tests	2025-12-26T03:50:30.9414602Z [PolicyEngine.check] MATCHED rule: toolName=custom-tool, decision=allow, priority=2.3, argsPattern=none
smoke-test	Run Tests	2025-12-26T03:50:30.9415411Z 
smoke-test	Run Tests	2025-12-26T03:50:30.9416396Z stdout | src/config/policy-engine.integration.test.ts > Policy Engine Integration Tests > Policy configuration produces valid PolicyEngine config > should handle complex mixed configurations
smoke-test	Run Tests	2025-12-26T03:50:30.9417872Z [PolicyEngine.check] toolCall.name: my-server__special-tool, stringifiedArgs: undefined
smoke-test	Run Tests	2025-12-26T03:50:30.9418920Z [PolicyEngine.check] MATCHED rule: toolName=my-server__special-tool, decision=allow, priority=2.3, argsPattern=none
smoke-test	Run Tests	2025-12-26T03:50:30.9419617Z 
smoke-test	Run Tests	2025-12-26T03:50:30.9420570Z stdout | src/config/policy-engine.integration.test.ts > Policy Engine Integration Tests > Policy configuration produces valid PolicyEngine config > should handle complex mixed configurations
smoke-test	Run Tests	2025-12-26T03:50:30.9422018Z [PolicyEngine.check] toolCall.name: allowed-server__tool, stringifiedArgs: undefined
smoke-test	Run Tests	2025-12-26T03:50:30.9423012Z [PolicyEngine.check] MATCHED rule: toolName=allowed-server__*, decision=allow, priority=2.1, argsPattern=none
smoke-test	Run Tests	2025-12-26T03:50:30.9423648Z 
smoke-test	Run Tests	2025-12-26T03:50:30.9424593Z stdout | src/config/policy-engine.integration.test.ts > Policy Engine Integration Tests > Policy configuration produces valid PolicyEngine config > should handle complex mixed configurations
smoke-test	Run Tests	2025-12-26T03:50:30.9426193Z [PolicyEngine.check] toolCall.name: trusted-server__tool, stringifiedArgs: undefined
smoke-test	Run Tests	2025-12-26T03:50:30.9427184Z [PolicyEngine.check] MATCHED rule: toolName=trusted-server__*, decision=allow, priority=2.2, argsPattern=none
smoke-test	Run Tests	2025-12-26T03:50:30.9428111Z 
smoke-test	Run Tests	2025-12-26T03:50:30.9429099Z stdout | src/config/policy-engine.integration.test.ts > Policy Engine Integration Tests > Policy configuration produces valid PolicyEngine config > should handle complex mixed configurations
smoke-test	Run Tests	2025-12-26T03:50:30.9451561Z [PolicyEngine.check] toolCall.name: blocked-server__tool, stringifiedArgs: undefined
smoke-test	Run Tests	2025-12-26T03:50:30.9452670Z [PolicyEngine.check] MATCHED rule: toolName=blocked-server__*, decision=deny, priority=2.9, argsPattern=none
smoke-test	Run Tests	2025-12-26T03:50:30.9453327Z 
smoke-test	Run Tests	2025-12-26T03:50:30.9454330Z stdout | src/config/policy-engine.integration.test.ts > Policy Engine Integration Tests > Policy configuration produces valid PolicyEngine config > should handle complex mixed configurations
smoke-test	Run Tests	2025-12-26T03:50:30.9455996Z [PolicyEngine.check] toolCall.name: write_to_file, stringifiedArgs: undefined
smoke-test	Run Tests	2025-12-26T03:50:30.9456998Z [PolicyEngine.check] MATCHED rule: toolName=write_to_file, decision=ask_user, priority=1.01, argsPattern=none
smoke-test	Run Tests	2025-12-26T03:50:30.9457646Z 
smoke-test	Run Tests	2025-12-26T03:50:30.9469948Z stdout | src/config/policy-engine.integration.test.ts > Policy Engine Integration Tests > Policy configuration produces valid PolicyEngine config > should handle YOLO mode correctly
smoke-test	Run Tests	2025-12-26T03:50:30.9471413Z [PolicyEngine.check] toolCall.name: run_shell_command, stringifiedArgs: undefined
smoke-test	Run Tests	2025-12-26T03:50:30.9472489Z [PolicyEngine.check] MATCHED rule: toolName=undefined, decision=allow, priority=1.999, argsPattern=none
smoke-test	Run Tests	2025-12-26T03:50:30.9473163Z 
smoke-test	Run Tests	2025-12-26T03:50:30.9474633Z stdout | src/config/policy-engine.integration.test.ts > Policy Engine Integration Tests > Policy configuration produces valid PolicyEngine config > should handle YOLO mode correctly
smoke-test	Run Tests	2025-12-26T03:50:30.9476307Z [PolicyEngine.check] toolCall.name: write_to_file, stringifiedArgs: undefined
smoke-test	Run Tests	2025-12-26T03:50:30.9477336Z [PolicyEngine.check] MATCHED rule: toolName=undefined, decision=allow, priority=1.999, argsPattern=none
smoke-test	Run Tests	2025-12-26T03:50:30.9477977Z 
smoke-test	Run Tests	2025-12-26T03:50:30.9478904Z stdout | src/config/policy-engine.integration.test.ts > Policy Engine Integration Tests > Policy configuration produces valid PolicyEngine config > should handle YOLO mode correctly
smoke-test	Run Tests	2025-12-26T03:50:30.9481010Z [PolicyEngine.check] toolCall.name: unknown_tool, stringifiedArgs: undefined
smoke-test	Run Tests	2025-12-26T03:50:30.9481989Z [PolicyEngine.check] MATCHED rule: toolName=undefined, decision=allow, priority=1.999, argsPattern=none
smoke-test	Run Tests	2025-12-26T03:50:30.9482608Z 
smoke-test	Run Tests	2025-12-26T03:50:30.9483534Z stdout | src/config/policy-engine.integration.test.ts > Policy Engine Integration Tests > Policy configuration produces valid PolicyEngine config > should handle YOLO mode correctly
smoke-test	Run Tests	2025-12-26T03:50:30.9485248Z [PolicyEngine.check] toolCall.name: dangerous-tool, stringifiedArgs: undefined
smoke-test	Run Tests	2025-12-26T03:50:30.9486570Z [PolicyEngine.check] MATCHED rule: toolName=dangerous-tool, decision=deny, priority=2.4, argsPattern=none
smoke-test	Run Tests	2025-12-26T03:50:30.9487269Z 
smoke-test	Run Tests	2025-12-26T03:50:30.9558419Z stdout | src/config/policy-engine.integration.test.ts > Policy Engine Integration Tests > Policy configuration produces valid PolicyEngine config > should handle AUTO_EDIT mode correctly
smoke-test	Run Tests	2025-12-26T03:50:30.9559971Z [PolicyEngine.check] toolCall.name: edit_file, stringifiedArgs: undefined
smoke-test	Run Tests	2025-12-26T03:50:30.9560971Z [PolicyEngine.check] MATCHED rule: toolName=edit_file, decision=allow, priority=1.015, argsPattern=none
smoke-test	Run Tests	2025-12-26T03:50:30.9561647Z 
smoke-test	Run Tests	2025-12-26T03:50:30.9562641Z stdout | src/config/policy-engine.integration.test.ts > Policy Engine Integration Tests > Policy configuration produces valid PolicyEngine config > should handle AUTO_EDIT mode correctly
smoke-test	Run Tests	2025-12-26T03:50:30.9564191Z [PolicyEngine.check] toolCall.name: write_to_file, stringifiedArgs: undefined
smoke-test	Run Tests	2025-12-26T03:50:30.9565445Z [PolicyEngine.check] MATCHED rule: toolName=write_to_file, decision=allow, priority=1.015, argsPattern=none
smoke-test	Run Tests	2025-12-26T03:50:30.9566125Z 
smoke-test	Run Tests	2025-12-26T03:50:30.9567117Z stdout | src/config/policy-engine.integration.test.ts > Policy Engine Integration Tests > Policy configuration produces valid PolicyEngine config > should handle AUTO_EDIT mode correctly
smoke-test	Run Tests	2025-12-26T03:50:30.9569123Z [PolicyEngine.check] toolCall.name: run_shell_command, stringifiedArgs: undefined
smoke-test	Run Tests	2025-12-26T03:50:30.9569967Z [PolicyEngine.check] NO MATCH - using default decision: ask_user
smoke-test	Run Tests	2025-12-26T03:50:30.9570419Z 
smoke-test	Run Tests	2025-12-26T03:50:30.9631261Z stdout | src/config/policy-engine.integration.test.ts > Policy Engine Integration Tests > Policy configuration produces valid PolicyEngine config > should verify priority ordering works correctly in practice
smoke-test	Run Tests	2025-12-26T03:50:30.9633170Z [PolicyEngine.check] toolCall.name: blocked-tool, stringifiedArgs: undefined
smoke-test	Run Tests	2025-12-26T03:50:30.9634975Z [PolicyEngine.check] MATCHED rule: toolName=blocked-tool, decision=deny, priority=2.4, argsPattern=none
smoke-test	Run Tests	2025-12-26T03:50:30.9635882Z 
smoke-test	Run Tests	2025-12-26T03:50:30.9642783Z stdout | src/config/policy-engine.integration.test.ts > Policy Engine Integration Tests > Policy configuration produces valid PolicyEngine config > should verify priority ordering works correctly in practice
smoke-test	Run Tests	2025-12-26T03:50:30.9645377Z [PolicyEngine.check] toolCall.name: blocked-server__any, stringifiedArgs: undefined
smoke-test	Run Tests	2025-12-26T03:50:30.9646832Z [PolicyEngine.check] MATCHED rule: toolName=blocked-server__*, decision=deny, priority=2.9, argsPattern=none
smoke-test	Run Tests	2025-12-26T03:50:30.9647880Z 
smoke-test	Run Tests	2025-12-26T03:50:30.9649732Z stdout | src/config/policy-engine.integration.test.ts > Policy Engine Integration Tests > Policy configuration produces valid PolicyEngine config > should verify priority ordering works correctly in practice
smoke-test	Run Tests	2025-12-26T03:50:30.9651767Z [PolicyEngine.check] toolCall.name: specific-tool, stringifiedArgs: undefined
smoke-test	Run Tests	2025-12-26T03:50:30.9653049Z [PolicyEngine.check] MATCHED rule: toolName=specific-tool, decision=allow, priority=2.3, argsPattern=none
smoke-test	Run Tests	2025-12-26T03:50:30.9656057Z 
smoke-test	Run Tests	2025-12-26T03:50:30.9657217Z stdout | src/config/policy-engine.integration.test.ts > Policy Engine Integration Tests > Policy configuration produces valid PolicyEngine config > should verify priority ordering works correctly in practice
smoke-test	Run Tests	2025-12-26T03:50:30.9658904Z [PolicyEngine.check] toolCall.name: trusted-server__any, stringifiedArgs: undefined
smoke-test	Run Tests	2025-12-26T03:50:30.9659981Z [PolicyEngine.check] MATCHED rule: toolName=trusted-server__*, decision=allow, priority=2.2, argsPattern=none
smoke-test	Run Tests	2025-12-26T03:50:30.9660658Z 
smoke-test	Run Tests	2025-12-26T03:50:30.9661742Z stdout | src/config/policy-engine.integration.test.ts > Policy Engine Integration Tests > Policy configuration produces valid PolicyEngine config > should verify priority ordering works correctly in practice
smoke-test	Run Tests	2025-12-26T03:50:30.9663361Z [PolicyEngine.check] toolCall.name: mcp-server__any, stringifiedArgs: undefined
smoke-test	Run Tests	2025-12-26T03:50:30.9664433Z [PolicyEngine.check] MATCHED rule: toolName=mcp-server__*, decision=allow, priority=2.1, argsPattern=none
smoke-test	Run Tests	2025-12-26T03:50:30.9665336Z 
smoke-test	Run Tests	2025-12-26T03:50:30.9666427Z stdout | src/config/policy-engine.integration.test.ts > Policy Engine Integration Tests > Policy configuration produces valid PolicyEngine config > should verify priority ordering works correctly in practice
smoke-test	Run Tests	2025-12-26T03:50:30.9668080Z [PolicyEngine.check] toolCall.name: glob_files, stringifiedArgs: undefined
smoke-test	Run Tests	2025-12-26T03:50:30.9669038Z [PolicyEngine.check] MATCHED rule: toolName=glob_files, decision=allow, priority=1.05, argsPattern=none
smoke-test	Run Tests	2025-12-26T03:50:30.9669652Z 
smoke-test	Run Tests	2025-12-26T03:50:30.9701188Z stdout | src/config/policy-engine.integration.test.ts > Policy Engine Integration Tests > Policy configuration produces valid PolicyEngine config > should handle edge case: MCP server with both trust and exclusion
smoke-test	Run Tests	2025-12-26T03:50:30.9755878Z [PolicyEngine.check] toolCall.name: conflicted-server__tool, stringifiedArgs: undefined
smoke-test	Run Tests	2025-12-26T03:50:30.9757120Z [PolicyEngine.check] MATCHED rule: toolName=conflicted-server__*, decision=deny, priority=2.9, argsPattern=none
smoke-test	Run Tests	2025-12-26T03:50:30.9757854Z 
smoke-test	Run Tests	2025-12-26T03:50:30.9779074Z stdout | src/config/policy-engine.integration.test.ts > Policy Engine Integration Tests > Policy configuration produces valid PolicyEngine config > should handle edge case: specific tool allowed but server excluded
smoke-test	Run Tests	2025-12-26T03:50:30.9785340Z [PolicyEngine.check] toolCall.name: my-server__special-tool, stringifiedArgs: undefined
smoke-test	Run Tests	2025-12-26T03:50:30.9789790Z [PolicyEngine.check] MATCHED rule: toolName=my-server__*, decision=deny, priority=2.9, argsPattern=none
smoke-test	Run Tests	2025-12-26T03:50:30.9792542Z 
smoke-test	Run Tests	2025-12-26T03:50:30.9795993Z stdout | src/config/policy-engine.integration.test.ts > Policy Engine Integration Tests > Policy configuration produces valid PolicyEngine config > should handle edge case: specific tool allowed but server excluded
smoke-test	Run Tests	2025-12-26T03:50:30.9799329Z [PolicyEngine.check] toolCall.name: my-server__other-tool, stringifiedArgs: undefined
smoke-test	Run Tests	2025-12-26T03:50:30.9805692Z [PolicyEngine.check] MATCHED rule: toolName=my-server__*, decision=deny, priority=2.9, argsPattern=none
smoke-test	Run Tests	2025-12-26T03:50:30.9806293Z 
smoke-test	Run Tests	2025-12-26T03:50:30.9921380Z stdout | src/config/policy-engine.integration.test.ts > Policy Engine Integration Tests > Policy configuration produces valid PolicyEngine config > should verify non-interactive mode transformation
smoke-test	Run Tests	2025-12-26T03:50:30.9923397Z [PolicyEngine.check] toolCall.name: unknown_tool, stringifiedArgs: undefined
smoke-test	Run Tests	2025-12-26T03:50:30.9924175Z [PolicyEngine.check] NO MATCH - using default decision: ask_user
smoke-test	Run Tests	2025-12-26T03:50:30.9924589Z 
smoke-test	Run Tests	2025-12-26T03:50:30.9925830Z stdout | src/config/policy-engine.integration.test.ts > Policy Engine Integration Tests > Policy configuration produces valid PolicyEngine config > should verify non-interactive mode transformation
smoke-test	Run Tests	2025-12-26T03:50:30.9927331Z [PolicyEngine.check] toolCall.name: run_shell_command, stringifiedArgs: undefined
smoke-test	Run Tests	2025-12-26T03:50:30.9928103Z [PolicyEngine.check] NO MATCH - using default decision: ask_user
smoke-test	Run Tests	2025-12-26T03:50:30.9928524Z 
smoke-test	Run Tests	2025-12-26T03:50:30.9961950Z stdout | src/config/policy-engine.integration.test.ts > Policy Engine Integration Tests > Policy configuration produces valid PolicyEngine config > should handle empty settings gracefully
smoke-test	Run Tests	2025-12-26T03:50:30.9967483Z [PolicyEngine.check] toolCall.name: write_to_file, stringifiedArgs: undefined
smoke-test	Run Tests	2025-12-26T03:50:30.9968841Z [PolicyEngine.check] MATCHED rule: toolName=write_to_file, decision=ask_user, priority=1.01, argsPattern=none
smoke-test	Run Tests	2025-12-26T03:50:30.9969807Z 
smoke-test	Run Tests	2025-12-26T03:50:30.9974174Z stdout | src/config/policy-engine.integration.test.ts > Policy Engine Integration Tests > Policy configuration produces valid PolicyEngine config > should handle empty settings gracefully
smoke-test	Run Tests	2025-12-26T03:50:30.9976110Z [PolicyEngine.check] toolCall.name: edit_file, stringifiedArgs: undefined
smoke-test	Run Tests	2025-12-26T03:50:30.9977125Z [PolicyEngine.check] MATCHED rule: toolName=edit_file, decision=ask_user, priority=1.01, argsPattern=none
smoke-test	Run Tests	2025-12-26T03:50:30.9977780Z 
smoke-test	Run Tests	2025-12-26T03:50:30.9978791Z stdout | src/config/policy-engine.integration.test.ts > Policy Engine Integration Tests > Policy configuration produces valid PolicyEngine config > should handle empty settings gracefully
smoke-test	Run Tests	2025-12-26T03:50:30.9980266Z [PolicyEngine.check] toolCall.name: unknown, stringifiedArgs: undefined
smoke-test	Run Tests	2025-12-26T03:50:30.9981048Z [PolicyEngine.check] NO MATCH - using default decision: ask_user
smoke-test	Run Tests	2025-12-26T03:50:30.9981495Z 
smoke-test	Run Tests	2025-12-26T03:50:31.2051313Z  ✓ src/config/policy-engine.integration.test.ts (12 tests) 131ms
smoke-test	Run Tests	2025-12-26T03:50:31.3495390Z  ✓ src/ui/hooks/useQuotaAndFallback.test.ts (12 tests) 73ms
smoke-test	Run Tests	2025-12-26T03:50:31.6026504Z  ✓ src/ui/keyMatchers.test.ts (44 tests) 27ms
smoke-test	Run Tests	2025-12-26T03:50:32.7617536Z  ✓ src/config/trustedFolders.test.ts (23 tests) 25ms
smoke-test	Run Tests	2025-12-26T03:50:34.1747473Z  ✓ src/config/settingsSchema.test.ts (18 tests) 34ms
smoke-test	Run Tests	2025-12-26T03:50:34.4597611Z  ✓ src/commands/hooks/migrate.test.ts (17 tests) 38ms
smoke-test	Run Tests	2025-12-26T03:50:36.0266816Z (node:4102) MaxListenersExceededWarning: Possible EventEmitter memory leak detected. 11 mcp-client-update listeners added to [EventEmitter]. MaxListeners is 10. Use emitter.setMaxListeners() to increase limit
smoke-test	Run Tests	2025-12-26T03:50:36.0269052Z (Use `node --trace-warnings ...` to show where the warning was created)
smoke-test	Run Tests	2025-12-26T03:50:36.0279138Z stderr | src/ui/components/Composer.test.tsx
smoke-test	Run Tests	2025-12-26T03:50:36.0280122Z An update to Spinner inside a test was not wrapped in act(...).
smoke-test	Run Tests	2025-12-26T03:50:36.0281323Z 
smoke-test	Run Tests	2025-12-26T03:50:36.0282004Z When testing, code that causes React state updates should be wrapped into act(...):
smoke-test	Run Tests	2025-12-26T03:50:36.0282769Z 
smoke-test	Run Tests	2025-12-26T03:50:36.0283155Z act(() => {
smoke-test	Run Tests	2025-12-26T03:50:36.0283870Z   /* fire events that update state */
smoke-test	Run Tests	2025-12-26T03:50:36.0284544Z });
smoke-test	Run Tests	2025-12-26T03:50:36.0285319Z /* assert on the output */
smoke-test	Run Tests	2025-12-26T03:50:36.0285730Z 
smoke-test	Run Tests	2025-12-26T03:50:36.0286689Z This ensures that you're testing the behavior the user would see in the browser. Learn more at https://react.dev/link/wrap-tests-with-act
smoke-test	Run Tests	2025-12-26T03:50:36.0296779Z 
smoke-test	Run Tests	2025-12-26T03:50:36.0301574Z stderr | src/ui/components/Composer.test.tsx
smoke-test	Run Tests	2025-12-26T03:50:36.0305317Z An update to Spinner inside a test was not wrapped in act(...).
smoke-test	Run Tests	2025-12-26T03:50:36.0306162Z 
smoke-test	Run Tests	2025-12-26T03:50:36.0306684Z When testing, code that causes React state updates should be wrapped into act(...):
smoke-test	Run Tests	2025-12-26T03:50:36.0319609Z 
smoke-test	Run Tests	2025-12-26T03:50:36.0323927Z act(() => {
smoke-test	Run Tests	2025-12-26T03:50:36.0324521Z   /* fire events that update state */
smoke-test	Run Tests	2025-12-26T03:50:36.0325410Z });
smoke-test	Run Tests	2025-12-26T03:50:36.0327266Z /* assert on the output */
smoke-test	Run Tests	2025-12-26T03:50:36.0330615Z 
smoke-test	Run Tests	2025-12-26T03:50:36.0331790Z This ensures that you're testing the behavior the user would see in the browser. Learn more at https://react.dev/link/wrap-tests-with-act
smoke-test	Run Tests	2025-12-26T03:50:36.0332802Z 
smoke-test	Run Tests	2025-12-26T03:50:36.0333101Z stderr | src/ui/components/Composer.test.tsx
smoke-test	Run Tests	2025-12-26T03:50:36.0333862Z An update to Spinner inside a test was not wrapped in act(...).
smoke-test	Run Tests	2025-12-26T03:50:36.0345424Z 
smoke-test	Run Tests	2025-12-26T03:50:36.0346113Z When testing, code that causes React state updates should be wrapped into act(...):
smoke-test	Run Tests	2025-12-26T03:50:36.0346963Z 
smoke-test	Run Tests	2025-12-26T03:50:36.0347457Z act(() => {
smoke-test	Run Tests	2025-12-26T03:50:36.0347967Z   /* fire events that update state */
smoke-test	Run Tests	2025-12-26T03:50:36.0348899Z });
smoke-test	Run Tests	2025-12-26T03:50:36.0349386Z /* assert on the output */
smoke-test	Run Tests	2025-12-26T03:50:36.0349747Z 
smoke-test	Run Tests	2025-12-26T03:50:36.0350541Z This ensures that you're testing the behavior the user would see in the browser. Learn more at https://react.dev/link/wrap-tests-with-act
smoke-test	Run Tests	2025-12-26T03:50:36.0351930Z 
smoke-test	Run Tests	2025-12-26T03:50:36.0352322Z stderr | src/ui/components/Composer.test.tsx
smoke-test	Run Tests	2025-12-26T03:50:36.0353068Z An update to Spinner inside a test was not wrapped in act(...).
smoke-test	Run Tests	2025-12-26T03:50:36.0353646Z 
smoke-test	Run Tests	2025-12-26T03:50:36.0356325Z When testing, code that causes React state updates should be wrapped into act(...):
smoke-test	Run Tests	2025-12-26T03:50:36.0357087Z 
smoke-test	Run Tests	2025-12-26T03:50:36.0357293Z act(() => {
smoke-test	Run Tests	2025-12-26T03:50:36.0358030Z   /* fire events that update state */
smoke-test	Run Tests	2025-12-26T03:50:36.0359926Z });
smoke-test	Run Tests	2025-12-26T03:50:36.0360307Z /* assert on the output */
smoke-test	Run Tests	2025-12-26T03:50:36.0360580Z 
smoke-test	Run Tests	2025-12-26T03:50:36.0361360Z This ensures that you're testing the behavior the user would see in the browser. Learn more at https://react.dev/link/wrap-tests-with-act
smoke-test	Run Tests	2025-12-26T03:50:36.0362217Z 
smoke-test	Run Tests	2025-12-26T03:50:36.0362536Z stderr | src/ui/components/Composer.test.tsx
smoke-test	Run Tests	2025-12-26T03:50:36.0363294Z An update to Spinner inside a test was not wrapped in act(...).
smoke-test	Run Tests	2025-12-26T03:50:36.0363926Z 
smoke-test	Run Tests	2025-12-26T03:50:36.0375410Z When testing, code that causes React state updates should be wrapped into act(...):
smoke-test	Run Tests	2025-12-26T03:50:36.0376466Z 
smoke-test	Run Tests	2025-12-26T03:50:36.0376890Z act(() => {
smoke-test	Run Tests	2025-12-26T03:50:36.0377426Z   /* fire events that update state */
smoke-test	Run Tests	2025-12-26T03:50:36.0378173Z });
smoke-test	Run Tests	2025-12-26T03:50:36.0378580Z /* assert on the output */
smoke-test	Run Tests	2025-12-26T03:50:36.0378988Z 
smoke-test	Run Tests	2025-12-26T03:50:36.0379768Z This ensures that you're testing the behavior the user would see in the browser. Learn more at https://react.dev/link/wrap-tests-with-act
smoke-test	Run Tests	2025-12-26T03:50:36.0380735Z 
smoke-test	Run Tests	2025-12-26T03:50:36.0381102Z stderr | src/ui/components/Composer.test.tsx
smoke-test	Run Tests	2025-12-26T03:50:36.0381858Z An update to Spinner inside a test was not wrapped in act(...).
smoke-test	Run Tests	2025-12-26T03:50:36.0382436Z 
smoke-test	Run Tests	2025-12-26T03:50:36.0382957Z When testing, code that causes React state updates should be wrapped into act(...):
smoke-test	Run Tests	2025-12-26T03:50:36.0383762Z 
smoke-test	Run Tests	2025-12-26T03:50:36.0383963Z act(() => {
smoke-test	Run Tests	2025-12-26T03:50:36.0384993Z   /* fire events that update state */
smoke-test	Run Tests	2025-12-26T03:50:36.0385579Z });
smoke-test	Run Tests	2025-12-26T03:50:36.0398434Z /* assert on the output */
smoke-test	Run Tests	2025-12-26T03:50:36.0398682Z 
smoke-test	Run Tests	2025-12-26T03:50:36.0399293Z This ensures that you're testing the behavior the user would see in the browser. Learn more at https://react.dev/link/wrap-tests-with-act
smoke-test	Run Tests	2025-12-26T03:50:36.0400049Z 
smoke-test	Run Tests	2025-12-26T03:50:36.2732188Z stderr | ../../node_modules/react-reconciler/cjs/react-reconciler.development.js:13614:19
smoke-test	Run Tests	2025-12-26T03:50:36.2735111Z An update to Spinner inside a test was not wrapped in act(...).
smoke-test	Run Tests	2025-12-26T03:50:36.2735545Z 
smoke-test	Run Tests	2025-12-26T03:50:36.2735908Z When testing, code that causes React state updates should be wrapped into act(...):
smoke-test	Run Tests	2025-12-26T03:50:36.2736434Z 
smoke-test	Run Tests	2025-12-26T03:50:36.2736562Z act(() => {
smoke-test	Run Tests	2025-12-26T03:50:36.2736894Z   /* fire events that update state */
smoke-test	Run Tests	2025-12-26T03:50:36.2737295Z });
smoke-test	Run Tests	2025-12-26T03:50:36.2737588Z /* assert on the output */
smoke-test	Run Tests	2025-12-26T03:50:36.2737829Z 
smoke-test	Run Tests	2025-12-26T03:50:36.2738518Z This ensures that you're testing the behavior the user would see in the browser. Learn more at https://react.dev/link/wrap-tests-with-act
smoke-test	Run Tests	2025-12-26T03:50:36.2739679Z 
smoke-test	Run Tests	2025-12-26T03:50:36.2740111Z stderr | ../../node_modules/react-reconciler/cjs/react-reconciler.development.js:13614:19
smoke-test	Run Tests	2025-12-26T03:50:36.2740907Z An update to Spinner inside a test was not wrapped in act(...).
smoke-test	Run Tests	2025-12-26T03:50:36.2741307Z 
smoke-test	Run Tests	2025-12-26T03:50:36.2741626Z When testing, code that causes React state updates should be wrapped into act(...):
smoke-test	Run Tests	2025-12-26T03:50:36.2742118Z 
smoke-test	Run Tests	2025-12-26T03:50:36.2742237Z act(() => {
smoke-test	Run Tests	2025-12-26T03:50:36.2759654Z   /* fire events that update state */
smoke-test	Run Tests	2025-12-26T03:50:36.2760118Z });
smoke-test	Run Tests	2025-12-26T03:50:36.2760408Z /* assert on the output */
smoke-test	Run Tests	2025-12-26T03:50:36.2760644Z 
smoke-test	Run Tests	2025-12-26T03:50:36.2761259Z This ensures that you're testing the behavior the user would see in the browser. Learn more at https://react.dev/link/wrap-tests-with-act
smoke-test	Run Tests	2025-12-26T03:50:36.2762035Z 
smoke-test	Run Tests	2025-12-26T03:50:36.2762454Z stderr | ../../node_modules/react-reconciler/cjs/react-reconciler.development.js:13614:19
smoke-test	Run Tests	2025-12-26T03:50:36.2763239Z An update to Spinner inside a test was not wrapped in act(...).
smoke-test	Run Tests	2025-12-26T03:50:36.2763634Z 
smoke-test	Run Tests	2025-12-26T03:50:36.2763984Z When testing, code that causes React state updates should be wrapped into act(...):
smoke-test	Run Tests	2025-12-26T03:50:36.2764484Z 
smoke-test	Run Tests	2025-12-26T03:50:36.2764601Z act(() => {
smoke-test	Run Tests	2025-12-26T03:50:36.2765122Z   /* fire events that update state */
smoke-test	Run Tests	2025-12-26T03:50:36.2765506Z });
smoke-test	Run Tests	2025-12-26T03:50:36.2765761Z /* assert on the output */
smoke-test	Run Tests	2025-12-26T03:50:36.2765987Z 
smoke-test	Run Tests	2025-12-26T03:50:36.2766570Z This ensures that you're testing the behavior the user would see in the browser. Learn more at https://react.dev/link/wrap-tests-with-act
smoke-test	Run Tests	2025-12-26T03:50:36.2767336Z 
smoke-test	Run Tests	2025-12-26T03:50:36.2767705Z stderr | ../../node_modules/react-reconciler/cjs/react-reconciler.development.js:13614:19
smoke-test	Run Tests	2025-12-26T03:50:36.2768412Z An update to Spinner inside a test was not wrapped in act(...).
smoke-test	Run Tests	2025-12-26T03:50:36.2768772Z 
smoke-test	Run Tests	2025-12-26T03:50:36.2769435Z When testing, code that causes React state updates should be wrapped into act(...):
smoke-test	Run Tests	2025-12-26T03:50:36.2792355Z 
smoke-test	Run Tests	2025-12-26T03:50:36.2792493Z act(() => {
smoke-test	Run Tests	2025-12-26T03:50:36.2792818Z   /* fire events that update state */
smoke-test	Run Tests	2025-12-26T03:50:36.2793195Z });
smoke-test	Run Tests	2025-12-26T03:50:36.2793473Z /* assert on the output */
smoke-test	Run Tests	2025-12-26T03:50:36.2793702Z 
smoke-test	Run Tests	2025-12-26T03:50:36.2794319Z This ensures that you're testing the behavior the user would see in the browser. Learn more at https://react.dev/link/wrap-tests-with-act
smoke-test	Run Tests	2025-12-26T03:50:36.2795260Z 
smoke-test	Run Tests	2025-12-26T03:50:36.2795672Z stderr | ../../node_modules/react-reconciler/cjs/react-reconciler.development.js:13614:19
smoke-test	Run Tests	2025-12-26T03:50:36.2796469Z An update to Spinner inside a test was not wrapped in act(...).
smoke-test	Run Tests	2025-12-26T03:50:36.2796868Z 
smoke-test	Run Tests	2025-12-26T03:50:36.2797215Z When testing, code that causes React state updates should be wrapped into act(...):
smoke-test	Run Tests	2025-12-26T03:50:36.2797702Z 
smoke-test	Run Tests	2025-12-26T03:50:36.2797830Z act(() => {
smoke-test	Run Tests	2025-12-26T03:50:36.2798127Z   /* fire events that update state */
smoke-test	Run Tests	2025-12-26T03:50:36.2798795Z });
smoke-test	Run Tests	2025-12-26T03:50:36.2799063Z /* assert on the output */
smoke-test	Run Tests	2025-12-26T03:50:36.2799293Z 
smoke-test	Run Tests	2025-12-26T03:50:36.2799893Z This ensures that you're testing the behavior the user would see in the browser. Learn more at https://react.dev/link/wrap-tests-with-act
smoke-test	Run Tests	2025-12-26T03:50:36.2800652Z 
smoke-test	Run Tests	2025-12-26T03:50:36.2801062Z stderr | ../../node_modules/react-reconciler/cjs/react-reconciler.development.js:13614:19
smoke-test	Run Tests	2025-12-26T03:50:36.2801853Z An update to Spinner inside a test was not wrapped in act(...).
smoke-test	Run Tests	2025-12-26T03:50:36.2802244Z 
smoke-test	Run Tests	2025-12-26T03:50:36.2802592Z When testing, code that causes React state updates should be wrapped into act(...):
smoke-test	Run Tests	2025-12-26T03:50:36.2803081Z 
smoke-test	Run Tests	2025-12-26T03:50:36.2803197Z act(() => {
smoke-test	Run Tests	2025-12-26T03:50:36.2803506Z   /* fire events that update state */
smoke-test	Run Tests	2025-12-26T03:50:36.2803878Z });
smoke-test	Run Tests	2025-12-26T03:50:36.2804157Z /* assert on the output */
smoke-test	Run Tests	2025-12-26T03:50:36.2804379Z 
smoke-test	Run Tests	2025-12-26T03:50:36.2805149Z This ensures that you're testing the behavior the user would see in the browser. Learn more at https://react.dev/link/wrap-tests-with-act
smoke-test	Run Tests	2025-12-26T03:50:36.2806085Z 
smoke-test	Run Tests	2025-12-26T03:50:36.2806481Z stderr | ../../node_modules/react-reconciler/cjs/react-reconciler.development.js:13614:19
smoke-test	Run Tests	2025-12-26T03:50:36.2807264Z An update to Spinner inside a test was not wrapped in act(...).
smoke-test	Run Tests	2025-12-26T03:50:36.2807648Z 
smoke-test	Run Tests	2025-12-26T03:50:36.2807989Z When testing, code that causes React state updates should be wrapped into act(...):
smoke-test	Run Tests	2025-12-26T03:50:36.2808491Z 
smoke-test	Run Tests	2025-12-26T03:50:36.2808607Z act(() => {
smoke-test	Run Tests	2025-12-26T03:50:36.2808921Z   /* fire events that update state */
smoke-test	Run Tests	2025-12-26T03:50:36.2809291Z });
smoke-test	Run Tests	2025-12-26T03:50:36.2809566Z /* assert on the output */
smoke-test	Run Tests	2025-12-26T03:50:36.2809787Z 
smoke-test	Run Tests	2025-12-26T03:50:36.2810391Z This ensures that you're testing the behavior the user would see in the browser. Learn more at https://react.dev/link/wrap-tests-with-act
smoke-test	Run Tests	2025-12-26T03:50:36.2811161Z 
smoke-test	Run Tests	2025-12-26T03:50:36.2811550Z stderr | ../../node_modules/react-reconciler/cjs/react-reconciler.development.js:13614:19
smoke-test	Run Tests	2025-12-26T03:50:36.2812366Z An update to Spinner inside a test was not wrapped in act(...).
smoke-test	Run Tests	2025-12-26T03:50:36.2812763Z 
smoke-test	Run Tests	2025-12-26T03:50:36.2813082Z When testing, code that causes React state updates should be wrapped into act(...):
smoke-test	Run Tests	2025-12-26T03:50:36.2813550Z 
smoke-test	Run Tests	2025-12-26T03:50:36.2813669Z act(() => {
smoke-test	Run Tests	2025-12-26T03:50:36.2813972Z   /* fire events that update state */
smoke-test	Run Tests	2025-12-26T03:50:36.2814344Z });
smoke-test	Run Tests	2025-12-26T03:50:36.2814603Z /* assert on the output */
smoke-test	Run Tests	2025-12-26T03:50:36.2814970Z 
smoke-test	Run Tests	2025-12-26T03:50:36.2815542Z This ensures that you're testing the behavior the user would see in the browser. Learn more at https://react.dev/link/wrap-tests-with-act
smoke-test	Run Tests	2025-12-26T03:50:36.2816260Z 
smoke-test	Run Tests	2025-12-26T03:50:36.2816716Z stderr | ../../node_modules/react-reconciler/cjs/react-reconciler.development.js:13614:19
smoke-test	Run Tests	2025-12-26T03:50:36.2817491Z An update to Spinner inside a test was not wrapped in act(...).
smoke-test	Run Tests	2025-12-26T03:50:36.2817870Z 
smoke-test	Run Tests	2025-12-26T03:50:36.2818184Z When testing, code that causes React state updates should be wrapped into act(...):
smoke-test	Run Tests	2025-12-26T03:50:36.2818671Z 
smoke-test	Run Tests	2025-12-26T03:50:36.2818784Z act(() => {
smoke-test	Run Tests	2025-12-26T03:50:36.2819065Z   /* fire events that update state */
smoke-test	Run Tests	2025-12-26T03:50:36.2819422Z });
smoke-test	Run Tests	2025-12-26T03:50:36.2819682Z /* assert on the output */
smoke-test	Run Tests	2025-12-26T03:50:36.2819893Z 
smoke-test	Run Tests	2025-12-26T03:50:36.2820486Z This ensures that you're testing the behavior the user would see in the browser. Learn more at https://react.dev/link/wrap-tests-with-act
smoke-test	Run Tests	2025-12-26T03:50:36.2821165Z 
smoke-test	Run Tests	2025-12-26T03:50:36.2821530Z stderr | ../../node_modules/react-reconciler/cjs/react-reconciler.development.js:13614:19
smoke-test	Run Tests	2025-12-26T03:50:36.2822251Z An update to Spinner inside a test was not wrapped in act(...).
smoke-test	Run Tests	2025-12-26T03:50:36.2822619Z 
smoke-test	Run Tests	2025-12-26T03:50:36.2822924Z When testing, code that causes React state updates should be wrapped into act(...):
smoke-test	Run Tests	2025-12-26T03:50:36.2823371Z 
smoke-test	Run Tests	2025-12-26T03:50:36.2823488Z act(() => {
smoke-test	Run Tests	2025-12-26T03:50:36.2823769Z   /* fire events that update state */
smoke-test	Run Tests	2025-12-26T03:50:36.2824137Z });
smoke-test	Run Tests	2025-12-26T03:50:36.2824590Z /* assert on the output */
smoke-test	Run Tests	2025-12-26T03:50:36.2824952Z 
smoke-test	Run Tests	2025-12-26T03:50:36.2825524Z This ensures that you're testing the behavior the user would see in the browser. Learn more at https://react.dev/link/wrap-tests-with-act
smoke-test	Run Tests	2025-12-26T03:50:36.2826227Z 
smoke-test	Run Tests	2025-12-26T03:50:36.2826606Z stderr | ../../node_modules/react-reconciler/cjs/react-reconciler.development.js:13614:19
smoke-test	Run Tests	2025-12-26T03:50:36.2827371Z An update to Spinner inside a test was not wrapped in act(...).
smoke-test	Run Tests	2025-12-26T03:50:36.2827748Z 
smoke-test	Run Tests	2025-12-26T03:50:36.2828091Z When testing, code that causes React state updates should be wrapped into act(...):
smoke-test	Run Tests	2025-12-26T03:50:36.2828559Z 
smoke-test	Run Tests	2025-12-26T03:50:36.2828665Z act(() => {
smoke-test	Run Tests	2025-12-26T03:50:36.2828970Z   /* fire events that update state */
smoke-test	Run Tests	2025-12-26T03:50:36.2829319Z });
smoke-test	Run Tests	2025-12-26T03:50:36.2829587Z /* assert on the output */
smoke-test	Run Tests	2025-12-26T03:50:36.2829781Z 
smoke-test	Run Tests	2025-12-26T03:50:36.2830319Z This ensures that you're testing the behavior the user would see in the browser. Learn more at https://react.dev/link/wrap-tests-with-act
smoke-test	Run Tests	2025-12-26T03:50:36.2831214Z 
smoke-test	Run Tests	2025-12-26T03:50:36.2831592Z stderr | ../../node_modules/react-reconciler/cjs/react-reconciler.development.js:13614:19
smoke-test	Run Tests	2025-12-26T03:50:36.2832372Z An update to Spinner inside a test was not wrapped in act(...).
smoke-test	Run Tests	2025-12-26T03:50:36.2832751Z 
smoke-test	Run Tests	2025-12-26T03:50:36.2833082Z When testing, code that causes React state updates should be wrapped into act(...):
smoke-test	Run Tests	2025-12-26T03:50:36.2833564Z 
smoke-test	Run Tests	2025-12-26T03:50:36.2833676Z act(() => {
smoke-test	Run Tests	2025-12-26T03:50:36.2833968Z   /* fire events that update state */
smoke-test	Run Tests	2025-12-26T03:50:36.2834338Z });
smoke-test	Run Tests	2025-12-26T03:50:36.2834615Z /* assert on the output */
smoke-test	Run Tests	2025-12-26T03:50:36.2834966Z 
smoke-test	Run Tests	2025-12-26T03:50:36.2835568Z This ensures that you're testing the behavior the user would see in the browser. Learn more at https://react.dev/link/wrap-tests-with-act
smoke-test	Run Tests	2025-12-26T03:50:36.2836323Z 
smoke-test	Run Tests	2025-12-26T03:50:36.2836722Z stderr | ../../node_modules/react-reconciler/cjs/react-reconciler.development.js:13614:19
smoke-test	Run Tests	2025-12-26T03:50:36.2837507Z An update to Spinner inside a test was not wrapped in act(...).
smoke-test	Run Tests	2025-12-26T03:50:36.2837902Z 
smoke-test	Run Tests	2025-12-26T03:50:36.2838233Z When testing, code that causes React state updates should be wrapped into act(...):
smoke-test	Run Tests	2025-12-26T03:50:36.2838709Z 
smoke-test	Run Tests	2025-12-26T03:50:36.2838830Z act(() => {
smoke-test	Run Tests	2025-12-26T03:50:36.2839127Z   /* fire events that update state */
smoke-test	Run Tests	2025-12-26T03:50:36.2839487Z });
smoke-test	Run Tests	2025-12-26T03:50:36.2839746Z /* assert on the output */
smoke-test	Run Tests	2025-12-26T03:50:36.2839959Z 
smoke-test	Run Tests	2025-12-26T03:50:36.2840528Z This ensures that you're testing the behavior the user would see in the browser. Learn more at https://react.dev/link/wrap-tests-with-act
smoke-test	Run Tests	2025-12-26T03:50:36.2841256Z 
smoke-test	Run Tests	2025-12-26T03:50:36.2841646Z stderr | ../../node_modules/react-reconciler/cjs/react-reconciler.development.js:13614:19
smoke-test	Run Tests	2025-12-26T03:50:36.2842415Z An update to Spinner inside a test was not wrapped in act(...).
smoke-test	Run Tests	2025-12-26T03:50:36.2842783Z 
smoke-test	Run Tests	2025-12-26T03:50:36.2843124Z When testing, code that causes React state updates should be wrapped into act(...):
smoke-test	Run Tests	2025-12-26T03:50:36.2843580Z 
smoke-test	Run Tests	2025-12-26T03:50:36.2843688Z act(() => {
smoke-test	Run Tests	2025-12-26T03:50:36.2843986Z   /* fire events that update state */
smoke-test	Run Tests	2025-12-26T03:50:36.2844356Z });
smoke-test	Run Tests	2025-12-26T03:50:36.2844633Z /* assert on the output */
smoke-test	Run Tests	2025-12-26T03:50:36.2845007Z 
smoke-test	Run Tests	2025-12-26T03:50:36.2845601Z This ensures that you're testing the behavior the user would see in the browser. Learn more at https://react.dev/link/wrap-tests-with-act
smoke-test	Run Tests	2025-12-26T03:50:36.2846334Z 
smoke-test	Run Tests	2025-12-26T03:50:36.2846714Z stderr | ../../node_modules/react-reconciler/cjs/react-reconciler.development.js:13614:19
smoke-test	Run Tests	2025-12-26T03:50:36.2847472Z An update to Spinner inside a test was not wrapped in act(...).
smoke-test	Run Tests	2025-12-26T03:50:36.2847856Z 
smoke-test	Run Tests	2025-12-26T03:50:36.2848189Z When testing, code that causes React state updates should be wrapped into act(...):
smoke-test	Run Tests	2025-12-26T03:50:36.2848681Z 
smoke-test	Run Tests	2025-12-26T03:50:36.2848793Z act(() => {
smoke-test	Run Tests	2025-12-26T03:50:36.2849095Z   /* fire events that update state */
smoke-test	Run Tests	2025-12-26T03:50:36.2849456Z });
smoke-test	Run Tests	2025-12-26T03:50:36.2849727Z /* assert on the output */
smoke-test	Run Tests	2025-12-26T03:50:36.2850121Z 
smoke-test	Run Tests	2025-12-26T03:50:36.2850679Z This ensures that you're testing the behavior the user would see in the browser. Learn more at https://react.dev/link/wrap-tests-with-act
smoke-test	Run Tests	2025-12-26T03:50:36.2851396Z 
smoke-test	Run Tests	2025-12-26T03:50:36.2851778Z stderr | ../../node_modules/react-reconciler/cjs/react-reconciler.development.js:13614:19
smoke-test	Run Tests	2025-12-26T03:50:36.2852536Z An update to Spinner inside a test was not wrapped in act(...).
smoke-test	Run Tests	2025-12-26T03:50:36.2852924Z 
smoke-test	Run Tests	2025-12-26T03:50:36.2853261Z When testing, code that causes React state updates should be wrapped into act(...):
smoke-test	Run Tests	2025-12-26T03:50:36.2853740Z 
smoke-test	Run Tests	2025-12-26T03:50:36.2853855Z act(() => {
smoke-test	Run Tests	2025-12-26T03:50:36.2854143Z   /* fire events that update state */
smoke-test	Run Tests	2025-12-26T03:50:36.2854506Z });
smoke-test	Run Tests	2025-12-26T03:50:36.2854913Z /* assert on the output */
smoke-test	Run Tests	2025-12-26T03:50:36.2855144Z 
smoke-test	Run Tests	2025-12-26T03:50:36.2855724Z This ensures that you're testing the behavior the user would see in the browser. Learn more at https://react.dev/link/wrap-tests-with-act
smoke-test	Run Tests	2025-12-26T03:50:36.2856620Z 
smoke-test	Run Tests	2025-12-26T03:50:36.2857012Z stderr | ../../node_modules/react-reconciler/cjs/react-reconciler.development.js:13614:19
smoke-test	Run Tests	2025-12-26T03:50:36.2857780Z An update to Spinner inside a test was not wrapped in act(...).
smoke-test	Run Tests	2025-12-26T03:50:36.2858165Z 
smoke-test	Run Tests	2025-12-26T03:50:36.2858499Z When testing, code that causes React state updates should be wrapped into act(...):
smoke-test	Run Tests	2025-12-26T03:50:36.2858975Z 
smoke-test	Run Tests	2025-12-26T03:50:36.2859096Z act(() => {
smoke-test	Run Tests	2025-12-26T03:50:36.2859400Z   /* fire events that update state */
smoke-test	Run Tests	2025-12-26T03:50:36.2859768Z });
smoke-test	Run Tests	2025-12-26T03:50:36.2860031Z /* assert on the output */
smoke-test	Run Tests	2025-12-26T03:50:36.2860255Z 
smoke-test	Run Tests	2025-12-26T03:50:36.2860827Z This ensures that you're testing the behavior the user would see in the browser. Learn more at https://react.dev/link/wrap-tests-with-act
smoke-test	Run Tests	2025-12-26T03:50:36.2861547Z 
smoke-test	Run Tests	2025-12-26T03:50:36.2861940Z stderr | ../../node_modules/react-reconciler/cjs/react-reconciler.development.js:13614:19
smoke-test	Run Tests	2025-12-26T03:50:36.2862710Z An update to Spinner inside a test was not wrapped in act(...).
smoke-test	Run Tests	2025-12-26T03:50:36.2863085Z 
smoke-test	Run Tests	2025-12-26T03:50:36.2863404Z When testing, code that causes React state updates should be wrapped into act(...):
smoke-test	Run Tests	2025-12-26T03:50:36.2863866Z 
smoke-test	Run Tests	2025-12-26T03:50:36.2863979Z act(() => {
smoke-test	Run Tests	2025-12-26T03:50:36.2864267Z   /* fire events that update state */
smoke-test	Run Tests	2025-12-26T03:50:36.2864627Z });
smoke-test	Run Tests	2025-12-26T03:50:36.2865068Z /* assert on the output */
smoke-test	Run Tests	2025-12-26T03:50:36.2865282Z 
smoke-test	Run Tests	2025-12-26T03:50:36.2865874Z This ensures that you're testing the behavior the user would see in the browser. Learn more at https://react.dev/link/wrap-tests-with-act
smoke-test	Run Tests	2025-12-26T03:50:36.2866577Z 
smoke-test	Run Tests	2025-12-26T03:50:36.2866970Z stderr | ../../node_modules/react-reconciler/cjs/react-reconciler.development.js:13614:19
smoke-test	Run Tests	2025-12-26T03:50:36.2867730Z An update to Spinner inside a test was not wrapped in act(...).
smoke-test	Run Tests	2025-12-26T03:50:36.2868099Z 
smoke-test	Run Tests	2025-12-26T03:50:36.2868423Z When testing, code that causes React state updates should be wrapped into act(...):
smoke-test	Run Tests	2025-12-26T03:50:36.2868902Z 
smoke-test	Run Tests	2025-12-26T03:50:36.2869020Z act(() => {
smoke-test	Run Tests	2025-12-26T03:50:36.2869329Z   /* fire events that update state */
smoke-test	Run Tests	2025-12-26T03:50:36.2869687Z });
smoke-test	Run Tests	2025-12-26T03:50:36.2869951Z /* assert on the output */
smoke-test	Run Tests	2025-12-26T03:50:36.2870161Z 
smoke-test	Run Tests	2025-12-26T03:50:36.2870743Z This ensures that you're testing the behavior the user would see in the browser. Learn more at https://react.dev/link/wrap-tests-with-act
smoke-test	Run Tests	2025-12-26T03:50:36.2871478Z 
smoke-test	Run Tests	2025-12-26T03:50:36.2871864Z stderr | ../../node_modules/react-reconciler/cjs/react-reconciler.development.js:13614:19
smoke-test	Run Tests	2025-12-26T03:50:36.2872603Z An update to Spinner inside a test was not wrapped in act(...).
smoke-test	Run Tests	2025-12-26T03:50:36.2872958Z 
smoke-test	Run Tests	2025-12-26T03:50:36.2873271Z When testing, code that causes React state updates should be wrapped into act(...):
smoke-test	Run Tests	2025-12-26T03:50:36.2873728Z 
smoke-test	Run Tests	2025-12-26T03:50:36.2873841Z act(() => {
smoke-test	Run Tests	2025-12-26T03:50:36.2874120Z   /* fire events that update state */
smoke-test	Run Tests	2025-12-26T03:50:36.2874467Z });
smoke-test	Run Tests	2025-12-26T03:50:36.2874863Z /* assert on the output */
smoke-test	Run Tests	2025-12-26T03:50:36.2875076Z 
smoke-test	Run Tests	2025-12-26T03:50:36.2875844Z This ensures that you're testing the behavior the user would see in the browser. Learn more at https://react.dev/link/wrap-tests-with-act
smoke-test	Run Tests	2025-12-26T03:50:36.2876538Z 
smoke-test	Run Tests	2025-12-26T03:50:36.2877058Z  ✓ src/ui/components/Composer.test.tsx (20 tests) 177ms
smoke-test	Run Tests	2025-12-26T03:50:36.3033355Z stderr | ../../node_modules/react-reconciler/cjs/react-reconciler.development.js:13614:19
smoke-test	Run Tests	2025-12-26T03:50:36.3037297Z An update to Spinner inside a test was not wrapped in act(...).
smoke-test	Run Tests	2025-12-26T03:50:36.3037747Z 
smoke-test	Run Tests	2025-12-26T03:50:36.3038122Z When testing, code that causes React state updates should be wrapped into act(...):
smoke-test	Run Tests	2025-12-26T03:50:36.3038671Z 
smoke-test	Run Tests	2025-12-26T03:50:36.3038799Z act(() => {
smoke-test	Run Tests	2025-12-26T03:50:36.3039119Z   /* fire events that update state */
smoke-test	Run Tests	2025-12-26T03:50:36.3039520Z });
smoke-test	Run Tests	2025-12-26T03:50:36.3039808Z /* assert on the output */
smoke-test	Run Tests	2025-12-26T03:50:36.3040053Z 
smoke-test	Run Tests	2025-12-26T03:50:36.3040715Z This ensures that you're testing the behavior the user would see in the browser. Learn more at https://react.dev/link/wrap-tests-with-act
smoke-test	Run Tests	2025-12-26T03:50:36.3041967Z 
smoke-test	Run Tests	2025-12-26T03:50:36.3042412Z stderr | ../../node_modules/react-reconciler/cjs/react-reconciler.development.js:13614:19
smoke-test	Run Tests	2025-12-26T03:50:36.3043234Z An update to Spinner inside a test was not wrapped in act(...).
smoke-test	Run Tests	2025-12-26T03:50:36.3043653Z 
smoke-test	Run Tests	2025-12-26T03:50:36.3044031Z When testing, code that causes React state updates should be wrapped into act(...):
smoke-test	Run Tests	2025-12-26T03:50:36.3044555Z 
smoke-test	Run Tests	2025-12-26T03:50:36.3044893Z act(() => {
smoke-test	Run Tests	2025-12-26T03:50:36.3045212Z   /* fire events that update state */
smoke-test	Run Tests	2025-12-26T03:50:36.3045605Z });
smoke-test	Run Tests	2025-12-26T03:50:36.3045876Z /* assert on the output */
smoke-test	Run Tests	2025-12-26T03:50:36.3046120Z 
smoke-test	Run Tests	2025-12-26T03:50:36.3046767Z This ensures that you're testing the behavior the user would see in the browser. Learn more at https://react.dev/link/wrap-tests-with-act
smoke-test	Run Tests	2025-12-26T03:50:36.3047568Z 
smoke-test	Run Tests	2025-12-26T03:50:36.3048020Z stderr | ../../node_modules/react-reconciler/cjs/react-reconciler.development.js:13614:19
smoke-test	Run Tests	2025-12-26T03:50:36.3048832Z An update to Spinner inside a test was not wrapped in act(...).
smoke-test	Run Tests	2025-12-26T03:50:36.3049275Z 
smoke-test	Run Tests	2025-12-26T03:50:36.3049655Z When testing, code that causes React state updates should be wrapped into act(...):
smoke-test	Run Tests	2025-12-26T03:50:36.3050195Z 
smoke-test	Run Tests	2025-12-26T03:50:36.3050325Z act(() => {
smoke-test	Run Tests	2025-12-26T03:50:36.3050658Z   /* fire events that update state */
smoke-test	Run Tests	2025-12-26T03:50:36.3051061Z });
smoke-test	Run Tests	2025-12-26T03:50:36.3051348Z /* assert on the output */
smoke-test	Run Tests	2025-12-26T03:50:36.3051599Z 
smoke-test	Run Tests	2025-12-26T03:50:36.3052246Z This ensures that you're testing the behavior the user would see in the browser. Learn more at https://react.dev/link/wrap-tests-with-act
smoke-test	Run Tests	2025-12-26T03:50:36.3053008Z 
smoke-test	Run Tests	2025-12-26T03:50:36.3055299Z stderr | ../../node_modules/react-reconciler/cjs/react-reconciler.development.js:13614:19
smoke-test	Run Tests	2025-12-26T03:50:36.3056499Z An update to Spinner inside a test was not wrapped in act(...).
smoke-test	Run Tests	2025-12-26T03:50:36.3058711Z 
smoke-test	Run Tests	2025-12-26T03:50:36.3060964Z When testing, code that causes React state updates should be wrapped into act(...):
smoke-test	Run Tests	2025-12-26T03:50:36.3062131Z 
smoke-test	Run Tests	2025-12-26T03:50:36.3062445Z act(() => {
smoke-test	Run Tests	2025-12-26T03:50:36.3063036Z   /* fire events that update state */
smoke-test	Run Tests	2025-12-26T03:50:36.3065415Z });
smoke-test	Run Tests	2025-12-26T03:50:36.3065734Z /* assert on the output */
smoke-test	Run Tests	2025-12-26T03:50:36.3065995Z 
smoke-test	Run Tests	2025-12-26T03:50:36.3066641Z This ensures that you're testing the behavior the user would see in the browser. Learn more at https://react.dev/link/wrap-tests-with-act
smoke-test	Run Tests	2025-12-26T03:50:36.3067424Z 
smoke-test	Run Tests	2025-12-26T03:50:36.3067849Z stderr | ../../node_modules/react-reconciler/cjs/react-reconciler.development.js:13614:19
smoke-test	Run Tests	2025-12-26T03:50:36.3068678Z An update to Spinner inside a test was not wrapped in act(...).
smoke-test	Run Tests	2025-12-26T03:50:36.3069080Z 
smoke-test	Run Tests	2025-12-26T03:50:36.3069433Z When testing, code that causes React state updates should be wrapped into act(...):
smoke-test	Run Tests	2025-12-26T03:50:36.3069911Z 
smoke-test	Run Tests	2025-12-26T03:50:36.3070010Z act(() => {
smoke-test	Run Tests	2025-12-26T03:50:36.3070277Z   /* fire events that update state */
smoke-test	Run Tests	2025-12-26T03:50:36.3070599Z });
smoke-test	Run Tests	2025-12-26T03:50:36.3070838Z /* assert on the output */
smoke-test	Run Tests	2025-12-26T03:50:36.3071325Z 
smoke-test	Run Tests	2025-12-26T03:50:36.3071907Z This ensures that you're testing the behavior the user would see in the browser. Learn more at https://react.dev/link/wrap-tests-with-act
smoke-test	Run Tests	2025-12-26T03:50:36.3072621Z 
smoke-test	Run Tests	2025-12-26T03:50:36.3073017Z stderr | ../../node_modules/react-reconciler/cjs/react-reconciler.development.js:13614:19
smoke-test	Run Tests	2025-12-26T03:50:36.3073806Z An update to Spinner inside a test was not wrapped in act(...).
smoke-test	Run Tests	2025-12-26T03:50:36.3074162Z 
smoke-test	Run Tests	2025-12-26T03:50:36.3074498Z When testing, code that causes React state updates should be wrapped into act(...):
smoke-test	Run Tests	2025-12-26T03:50:36.3075198Z 
smoke-test	Run Tests	2025-12-26T03:50:36.3075319Z act(() => {
smoke-test	Run Tests	2025-12-26T03:50:36.3075624Z   /* fire events that update state */
smoke-test	Run Tests	2025-12-26T03:50:36.3075975Z });
smoke-test	Run Tests	2025-12-26T03:50:36.3076248Z /* assert on the output */
smoke-test	Run Tests	2025-12-26T03:50:36.3076469Z 
smoke-test	Run Tests	2025-12-26T03:50:36.3077058Z This ensures that you're testing the behavior the user would see in the browser. Learn more at https://react.dev/link/wrap-tests-with-act
smoke-test	Run Tests	2025-12-26T03:50:36.3077817Z 
smoke-test	Run Tests	2025-12-26T03:50:36.3078481Z stderr | ../../node_modules/react-reconciler/cjs/react-reconciler.development.js:13614:19
smoke-test	Run Tests	2025-12-26T03:50:36.3079269Z An update to Spinner inside a test was not wrapped in act(...).
smoke-test	Run Tests	2025-12-26T03:50:36.3079668Z 
smoke-test	Run Tests	2025-12-26T03:50:36.3080012Z When testing, code that causes React state updates should be wrapped into act(...):
smoke-test	Run Tests	2025-12-26T03:50:36.3080509Z 
smoke-test	Run Tests	2025-12-26T03:50:36.3080622Z act(() => {
smoke-test	Run Tests	2025-12-26T03:50:36.3080911Z   /* fire events that update state */
smoke-test	Run Tests	2025-12-26T03:50:36.3081264Z });
smoke-test	Run Tests	2025-12-26T03:50:36.3081519Z /* assert on the output */
smoke-test	Run Tests	2025-12-26T03:50:36.3081747Z 
smoke-test	Run Tests	2025-12-26T03:50:36.3082351Z This ensures that you're testing the behavior the user would see in the browser. Learn more at https://react.dev/link/wrap-tests-with-act
smoke-test	Run Tests	2025-12-26T03:50:36.3083124Z 
smoke-test	Run Tests	2025-12-26T03:50:36.3083541Z stderr | ../../node_modules/react-reconciler/cjs/react-reconciler.development.js:13614:19
smoke-test	Run Tests	2025-12-26T03:50:36.3084341Z An update to Spinner inside a test was not wrapped in act(...).
smoke-test	Run Tests	2025-12-26T03:50:36.3084939Z 
smoke-test	Run Tests	2025-12-26T03:50:36.3085300Z When testing, code that causes React state updates should be wrapped into act(...):
smoke-test	Run Tests	2025-12-26T03:50:36.3085810Z 
smoke-test	Run Tests	2025-12-26T03:50:36.3085916Z act(() => {
smoke-test	Run Tests	2025-12-26T03:50:36.3086210Z   /* fire events that update state */
smoke-test	Run Tests	2025-12-26T03:50:36.3086564Z });
smoke-test	Run Tests	2025-12-26T03:50:36.3086899Z /* assert on the output */
smoke-test	Run Tests	2025-12-26T03:50:36.3087129Z 
smoke-test	Run Tests	2025-12-26T03:50:36.3087750Z This ensures that you're testing the behavior the user would see in the browser. Learn more at https://react.dev/link/wrap-tests-with-act
smoke-test	Run Tests	2025-12-26T03:50:36.3088513Z 
smoke-test	Run Tests	2025-12-26T03:50:36.3088926Z stderr | ../../node_modules/react-reconciler/cjs/react-reconciler.development.js:13614:19
smoke-test	Run Tests	2025-12-26T03:50:36.3089701Z An update to Spinner inside a test was not wrapped in act(...).
smoke-test	Run Tests	2025-12-26T03:50:36.3090073Z 
smoke-test	Run Tests	2025-12-26T03:50:36.3090428Z When testing, code that causes React state updates should be wrapped into act(...):
smoke-test	Run Tests	2025-12-26T03:50:36.3090962Z 
smoke-test	Run Tests	2025-12-26T03:50:36.3091081Z act(() => {
smoke-test	Run Tests	2025-12-26T03:50:36.3091411Z   /* fire events that update state */
smoke-test	Run Tests	2025-12-26T03:50:36.3091786Z });
smoke-test	Run Tests	2025-12-26T03:50:36.3092074Z /* assert on the output */
smoke-test	Run Tests	2025-12-26T03:50:36.3092321Z 
smoke-test	Run Tests	2025-12-26T03:50:36.3092966Z This ensures that you're testing the behavior the user would see in the browser. Learn more at https://react.dev/link/wrap-tests-with-act
smoke-test	Run Tests	2025-12-26T03:50:36.3093758Z 
smoke-test	Run Tests	2025-12-26T03:50:36.3094178Z stderr | ../../node_modules/react-reconciler/cjs/react-reconciler.development.js:13614:19
smoke-test	Run Tests	2025-12-26T03:50:36.3095210Z An update to Spinner inside a test was not wrapped in act(...).
smoke-test	Run Tests	2025-12-26T03:50:36.3095627Z 
smoke-test	Run Tests	2025-12-26T03:50:36.3095979Z When testing, code that causes React state updates should be wrapped into act(...):
smoke-test	Run Tests	2025-12-26T03:50:36.3096492Z 
smoke-test	Run Tests	2025-12-26T03:50:36.3096631Z act(() => {
smoke-test	Run Tests	2025-12-26T03:50:36.3096946Z   /* fire events that update state */
smoke-test	Run Tests	2025-12-26T03:50:36.3097339Z });
smoke-test	Run Tests	2025-12-26T03:50:36.3097612Z /* assert on the output */
smoke-test	Run Tests	2025-12-26T03:50:36.3097849Z 
smoke-test	Run Tests	2025-12-26T03:50:36.3098480Z This ensures that you're testing the behavior the user would see in the browser. Learn more at https://react.dev/link/wrap-tests-with-act
smoke-test	Run Tests	2025-12-26T03:50:36.3099551Z 
smoke-test	Run Tests	2025-12-26T03:50:36.3115924Z stderr | ../../node_modules/react-reconciler/cjs/react-reconciler.development.js:13614:19
smoke-test	Run Tests	2025-12-26T03:50:36.3116711Z An update to Spinner inside a test was not wrapped in act(...).
smoke-test	Run Tests	2025-12-26T03:50:36.3117131Z 
smoke-test	Run Tests	2025-12-26T03:50:36.3117492Z When testing, code that causes React state updates should be wrapped into act(...):
smoke-test	Run Tests	2025-12-26T03:50:36.3117987Z 
smoke-test	Run Tests	2025-12-26T03:50:36.3118119Z act(() => {
smoke-test	Run Tests	2025-12-26T03:50:36.3121863Z   /* fire events that update state */
smoke-test	Run Tests	2025-12-26T03:50:36.3122810Z });
smoke-test	Run Tests	2025-12-26T03:50:36.3123911Z /* assert on the output */
smoke-test	Run Tests	2025-12-26T03:50:36.3138581Z 
smoke-test	Run Tests	2025-12-26T03:50:36.3140606Z This ensures that you're testing the behavior the user would see in the browser. Learn more at https://react.dev/link/wrap-tests-with-act
smoke-test	Run Tests	2025-12-26T03:50:36.3155374Z 
smoke-test	Run Tests	2025-12-26T03:50:36.3155852Z stderr | ../../node_modules/react-reconciler/cjs/react-reconciler.development.js:13614:19
smoke-test	Run Tests	2025-12-26T03:50:36.3156990Z An update to Spinner inside a test was not wrapped in act(...).
smoke-test	Run Tests	2025-12-26T03:50:36.3157383Z 
smoke-test	Run Tests	2025-12-26T03:50:36.3157738Z When testing, code that causes React state updates should be wrapped into act(...):
smoke-test	Run Tests	2025-12-26T03:50:36.3158243Z 
smoke-test	Run Tests	2025-12-26T03:50:36.3158362Z act(() => {
smoke-test	Run Tests	2025-12-26T03:50:36.3158657Z   /* fire events that update state */
smoke-test	Run Tests	2025-12-26T03:50:36.3159033Z });
smoke-test	Run Tests	2025-12-26T03:50:36.3159299Z /* assert on the output */
smoke-test	Run Tests	2025-12-26T03:50:36.3159534Z 
smoke-test	Run Tests	2025-12-26T03:50:36.3160177Z This ensures that you're testing the behavior the user would see in the browser. Learn more at https://react.dev/link/wrap-tests-with-act
smoke-test	Run Tests	2025-12-26T03:50:36.3161001Z 
smoke-test	Run Tests	2025-12-26T03:50:36.3161413Z stderr | ../../node_modules/react-reconciler/cjs/react-reconciler.development.js:13614:19
smoke-test	Run Tests	2025-12-26T03:50:36.3162226Z An update to Spinner inside a test was not wrapped in act(...).
smoke-test	Run Tests	2025-12-26T03:50:36.3162642Z 
smoke-test	Run Tests	2025-12-26T03:50:36.3163017Z When testing, code that causes React state updates should be wrapped into act(...):
smoke-test	Run Tests	2025-12-26T03:50:36.3163532Z 
smoke-test	Run Tests	2025-12-26T03:50:36.3163643Z act(() => {
smoke-test	Run Tests	2025-12-26T03:50:36.3163947Z   /* fire events that update state */
smoke-test	Run Tests	2025-12-26T03:50:36.3164328Z });
smoke-test	Run Tests	2025-12-26T03:50:36.3164585Z /* assert on the output */
smoke-test	Run Tests	2025-12-26T03:50:36.3165026Z 
smoke-test	Run Tests	2025-12-26T03:50:36.3165655Z This ensures that you're testing the behavior the user would see in the browser. Learn more at https://react.dev/link/wrap-tests-with-act
smoke-test	Run Tests	2025-12-26T03:50:36.3166426Z 
smoke-test	Run Tests	2025-12-26T03:50:36.3166838Z stderr | ../../node_modules/react-reconciler/cjs/react-reconciler.development.js:13614:19
smoke-test	Run Tests	2025-12-26T03:50:36.3167652Z An update to Spinner inside a test was not wrapped in act(...).
smoke-test	Run Tests	2025-12-26T03:50:36.3168062Z 
smoke-test	Run Tests	2025-12-26T03:50:36.3168439Z When testing, code that causes React state updates should be wrapped into act(...):
smoke-test	Run Tests	2025-12-26T03:50:36.3168957Z 
smoke-test	Run Tests	2025-12-26T03:50:36.3169080Z act(() => {
smoke-test	Run Tests	2025-12-26T03:50:36.3169397Z   /* fire events that update state */
smoke-test	Run Tests	2025-12-26T03:50:36.3169808Z });
smoke-test	Run Tests	2025-12-26T03:50:36.3170085Z /* assert on the output */
smoke-test	Run Tests	2025-12-26T03:50:36.3170314Z 
smoke-test	Run Tests	2025-12-26T03:50:36.3170930Z This ensures that you're testing the behavior the user would see in the browser. Learn more at https://react.dev/link/wrap-tests-with-act
smoke-test	Run Tests	2025-12-26T03:50:36.3171747Z 
smoke-test	Run Tests	2025-12-26T03:50:36.3172140Z stderr | ../../node_modules/react-reconciler/cjs/react-reconciler.development.js:13614:19
smoke-test	Run Tests	2025-12-26T03:50:36.3172936Z An update to Spinner inside a test was not wrapped in act(...).
smoke-test	Run Tests	2025-12-26T03:50:36.3173345Z 
smoke-test	Run Tests	2025-12-26T03:50:36.3173700Z When testing, code that causes React state updates should be wrapped into act(...):
smoke-test	Run Tests	2025-12-26T03:50:36.3174213Z 
smoke-test	Run Tests	2025-12-26T03:50:36.3174334Z act(() => {
smoke-test	Run Tests	2025-12-26T03:50:36.3174640Z   /* fire events that update state */
smoke-test	Run Tests	2025-12-26T03:50:36.3175236Z });
smoke-test	Run Tests	2025-12-26T03:50:36.3175516Z /* assert on the output */
smoke-test	Run Tests	2025-12-26T03:50:36.3175758Z 
smoke-test	Run Tests	2025-12-26T03:50:36.3176385Z This ensures that you're testing the behavior the user would see in the browser. Learn more at https://react.dev/link/wrap-tests-with-act
smoke-test	Run Tests	2025-12-26T03:50:36.3177435Z 
smoke-test	Run Tests	2025-12-26T03:50:36.3177842Z stderr | ../../node_modules/react-reconciler/cjs/react-reconciler.development.js:13614:19
smoke-test	Run Tests	2025-12-26T03:50:36.3178649Z An update to Spinner inside a test was not wrapped in act(...).
smoke-test	Run Tests	2025-12-26T03:50:36.3179063Z 
smoke-test	Run Tests	2025-12-26T03:50:36.3179415Z When testing, code that causes React state updates should be wrapped into act(...):
smoke-test	Run Tests	2025-12-26T03:50:36.3179926Z 
smoke-test	Run Tests	2025-12-26T03:50:36.3180044Z act(() => {
smoke-test	Run Tests	2025-12-26T03:50:36.3180369Z   /* fire events that update state */
smoke-test	Run Tests	2025-12-26T03:50:36.3180770Z });
smoke-test	Run Tests	2025-12-26T03:50:36.3181047Z /* assert on the output */
smoke-test	Run Tests	2025-12-26T03:50:36.3181288Z 
smoke-test	Run Tests	2025-12-26T03:50:36.3181936Z This ensures that you're testing the behavior the user would see in the browser. Learn more at https://react.dev/link/wrap-tests-with-act
smoke-test	Run Tests	2025-12-26T03:50:36.3182714Z 
smoke-test	Run Tests	2025-12-26T03:50:36.3183128Z stderr | ../../node_modules/react-reconciler/cjs/react-reconciler.development.js:13614:19
smoke-test	Run Tests	2025-12-26T03:50:36.3184246Z An update to Spinner inside a test was not wrapped in act(...).
smoke-test	Run Tests	2025-12-26T03:50:36.3184655Z 
smoke-test	Run Tests	2025-12-26T03:50:36.3185206Z When testing, code that causes React state updates should be wrapped into act(...):
smoke-test	Run Tests	2025-12-26T03:50:36.3185718Z 
smoke-test	Run Tests	2025-12-26T03:50:36.3185840Z act(() => {
smoke-test	Run Tests	2025-12-26T03:50:36.3186140Z   /* fire events that update state */
smoke-test	Run Tests	2025-12-26T03:50:36.3186517Z });
smoke-test	Run Tests	2025-12-26T03:50:36.3186861Z /* assert on the output */
smoke-test	Run Tests	2025-12-26T03:50:36.3187105Z 
smoke-test	Run Tests	2025-12-26T03:50:36.3187736Z This ensures that you're testing the behavior the user would see in the browser. Learn more at https://react.dev/link/wrap-tests-with-act
smoke-test	Run Tests	2025-12-26T03:50:36.3188508Z 
smoke-test	Run Tests	2025-12-26T03:50:36.3188909Z stderr | ../../node_modules/react-reconciler/cjs/react-reconciler.development.js:13614:19
smoke-test	Run Tests	2025-12-26T03:50:36.3189710Z An update to Spinner inside a test was not wrapped in act(...).
smoke-test	Run Tests	2025-12-26T03:50:36.3190114Z 
smoke-test	Run Tests	2025-12-26T03:50:36.3190470Z When testing, code that causes React state updates should be wrapped into act(...):
smoke-test	Run Tests	2025-12-26T03:50:36.3191011Z 
smoke-test	Run Tests	2025-12-26T03:50:36.3191119Z act(() => {
smoke-test	Run Tests	2025-12-26T03:50:36.3191415Z   /* fire events that update state */
smoke-test	Run Tests	2025-12-26T03:50:36.3191793Z });
smoke-test	Run Tests	2025-12-26T03:50:36.3192052Z /* assert on the output */
smoke-test	Run Tests	2025-12-26T03:50:36.3192284Z 
smoke-test	Run Tests	2025-12-26T03:50:36.3192896Z This ensures that you're testing the behavior the user would see in the browser. Learn more at https://react.dev/link/wrap-tests-with-act
smoke-test	Run Tests	2025-12-26T03:50:36.3193668Z 
smoke-test	Run Tests	2025-12-26T03:50:36.3194095Z stderr | ../../node_modules/react-reconciler/cjs/react-reconciler.development.js:13614:19
smoke-test	Run Tests	2025-12-26T03:50:36.3195115Z An update to Spinner inside a test was not wrapped in act(...).
smoke-test	Run Tests	2025-12-26T03:50:36.3195532Z 
smoke-test	Run Tests	2025-12-26T03:50:36.3195896Z When testing, code that causes React state updates should be wrapped into act(...):
smoke-test	Run Tests	2025-12-26T03:50:36.3196405Z 
smoke-test	Run Tests	2025-12-26T03:50:36.3196521Z act(() => {
smoke-test	Run Tests	2025-12-26T03:50:36.3196827Z   /* fire events that update state */
smoke-test	Run Tests	2025-12-26T03:50:36.3197228Z });
smoke-test	Run Tests	2025-12-26T03:50:36.3197519Z /* assert on the output */
smoke-test	Run Tests	2025-12-26T03:50:36.3197748Z 
smoke-test	Run Tests	2025-12-26T03:50:36.3198371Z This ensures that you're testing the behavior the user would see in the browser. Learn more at https://react.dev/link/wrap-tests-with-act
smoke-test	Run Tests	2025-12-26T03:50:36.3199136Z 
smoke-test	Run Tests	2025-12-26T03:50:36.3199535Z stderr | ../../node_modules/react-reconciler/cjs/react-reconciler.development.js:13614:19
smoke-test	Run Tests	2025-12-26T03:50:36.3200336Z An update to Spinner inside a test was not wrapped in act(...).
smoke-test	Run Tests	2025-12-26T03:50:36.3200739Z 
smoke-test	Run Tests	2025-12-26T03:50:36.3201101Z When testing, code that causes React state updates should be wrapped into act(...):
smoke-test	Run Tests	2025-12-26T03:50:36.3201606Z 
smoke-test	Run Tests	2025-12-26T03:50:36.3201719Z act(() => {
smoke-test	Run Tests	2025-12-26T03:50:36.3202020Z   /* fire events that update state */
smoke-test	Run Tests	2025-12-26T03:50:36.3202389Z });
smoke-test	Run Tests	2025-12-26T03:50:36.3202653Z /* assert on the output */
smoke-test	Run Tests	2025-12-26T03:50:36.3202875Z 
smoke-test	Run Tests	2025-12-26T03:50:36.3203503Z This ensures that you're testing the behavior the user would see in the browser. Learn more at https://react.dev/link/wrap-tests-with-act
smoke-test	Run Tests	2025-12-26T03:50:36.3204528Z 
smoke-test	Run Tests	2025-12-26T03:50:37.1525560Z  ✓ src/utils/sandbox.test.ts (7 tests) 102ms
smoke-test	Run Tests	2025-12-26T03:50:38.0740241Z  ✓ src/ui/components/StatsDisplay.test.tsx (14 tests) 318ms
smoke-test	Run Tests	2025-12-26T03:50:40.5310616Z  ✓ src/ui/components/messages/ToolGroupMessage.test.tsx (19 tests) 651ms
smoke-test	Run Tests	2025-12-26T03:50:40.8001508Z  ✓ src/ui/hooks/useSessionResume.test.ts (12 tests) 46ms
smoke-test	Run Tests	2025-12-26T03:50:41.7296349Z  ✓ src/ui/hooks/usePhraseCycler.test.tsx (13 tests) 157ms
smoke-test	Run Tests	2025-12-26T03:50:43.3820535Z stderr | src/ui/utils/commandUtils.test.ts > commandUtils > getUrlOpenCommand > on unmatched OS > should return xdg-open
smoke-test	Run Tests	2025-12-26T03:50:43.3831788Z Unknown platform: unmatched. Attempting to open URLs with: xdg-open.
smoke-test	Run Tests	2025-12-26T03:50:43.3832624Z 
smoke-test	Run Tests	2025-12-26T03:50:43.5765635Z  ✓ src/ui/utils/commandUtils.test.ts (22 tests) 39ms
smoke-test	Run Tests	2025-12-26T03:50:44.0643366Z  ✓ src/ui/contexts/ScrollProvider.test.tsx (9 tests) 61ms
smoke-test	Run Tests	2025-12-26T03:50:45.1278561Z stderr | src/ui/auth/AuthDialog.test.tsx > AuthDialog > handleAuthSelect > exits process for Login with Google when browser is suppressed
smoke-test	Run Tests	2025-12-26T03:50:45.1284059Z An update to AuthDialog inside a test was not wrapped in act(...).
smoke-test	Run Tests	2025-12-26T03:50:45.1285207Z 
smoke-test	Run Tests	2025-12-26T03:50:45.1297046Z When testing, code that causes React state updates should be wrapped into act(...):
smoke-test	Run Tests	2025-12-26T03:50:45.1299233Z 
smoke-test	Run Tests	2025-12-26T03:50:45.1299395Z act(() => {
smoke-test	Run Tests	2025-12-26T03:50:45.1299748Z   /* fire events that update state */
smoke-test	Run Tests	2025-12-26T03:50:45.1300149Z });
smoke-test	Run Tests	2025-12-26T03:50:45.1300414Z /* assert on the output */
smoke-test	Run Tests	2025-12-26T03:50:45.1300644Z 
smoke-test	Run Tests	2025-12-26T03:50:45.1301292Z This ensures that you're testing the behavior the user would see in the browser. Learn more at https://react.dev/link/wrap-tests-with-act
smoke-test	Run Tests	2025-12-26T03:50:45.1302092Z 
smoke-test	Run Tests	2025-12-26T03:50:45.4795234Z  ✓ src/ui/auth/AuthDialog.test.tsx (22 tests) 373ms
smoke-test	Run Tests	2025-12-26T03:50:46.3674395Z  ✓ src/ui/commands/memoryCommand.test.ts (11 tests) 26ms
smoke-test	Run Tests	2025-12-26T03:50:46.8001208Z  ✓ src/utils/handleAutoUpdate.test.ts (19 tests) 34ms
smoke-test	Run Tests	2025-12-26T03:50:48.2607926Z stdout | src/commands/mcp/add.test.ts > mcp add command > should add a stdio server to project settings
smoke-test	Run Tests	2025-12-26T03:50:48.2613665Z MCP server "my-server" added to project settings. (stdio)
smoke-test	Run Tests	2025-12-26T03:50:48.2616324Z 
smoke-test	Run Tests	2025-12-26T03:50:48.2678785Z stdout | src/commands/mcp/add.test.ts > mcp add command > should handle multiple env vars before positional args
smoke-test	Run Tests	2025-12-26T03:50:48.2682491Z MCP server "my-server" added to project settings. (stdio)
smoke-test	Run Tests	2025-12-26T03:50:48.2686051Z 
smoke-test	Run Tests	2025-12-26T03:50:48.2779460Z stdout | src/commands/mcp/add.test.ts > mcp add command > should add an sse server to user settings
smoke-test	Run Tests	2025-12-26T03:50:48.2784378Z MCP server "sse-server" added to user settings. (sse)
smoke-test	Run Tests	2025-12-26T03:50:48.2786067Z 
smoke-test	Run Tests	2025-12-26T03:50:48.2817322Z stdout | src/commands/mcp/add.test.ts > mcp add command > should add an http server to project settings
smoke-test	Run Tests	2025-12-26T03:50:48.2818990Z MCP server "http-server" added to project settings. (http)
smoke-test	Run Tests	2025-12-26T03:50:48.2823061Z 
smoke-test	Run Tests	2025-12-26T03:50:48.2887486Z stdout | src/commands/mcp/add.test.ts > mcp add command > should add an sse server using --type alias
smoke-test	Run Tests	2025-12-26T03:50:48.2888724Z MCP server "sse-server" added to user settings. (sse)
smoke-test	Run Tests	2025-12-26T03:50:48.2889403Z 
smoke-test	Run Tests	2025-12-26T03:50:48.2913876Z stdout | src/commands/mcp/add.test.ts > mcp add command > should add an http server using --type alias
smoke-test	Run Tests	2025-12-26T03:50:48.2915329Z MCP server "http-server" added to project settings. (http)
smoke-test	Run Tests	2025-12-26T03:50:48.2916027Z 
smoke-test	Run Tests	2025-12-26T03:50:48.2965908Z stdout | src/commands/mcp/add.test.ts > mcp add command > should handle MCP server args with -- separator
smoke-test	Run Tests	2025-12-26T03:50:48.2967164Z MCP server "my-server" added to project settings. (stdio)
smoke-test	Run Tests	2025-12-26T03:50:48.2967833Z 
smoke-test	Run Tests	2025-12-26T03:50:48.3018122Z stdout | src/commands/mcp/add.test.ts > mcp add command > should handle unknown options as MCP server args
smoke-test	Run Tests	2025-12-26T03:50:48.3019414Z MCP server "test-server" added to project settings. (stdio)
smoke-test	Run Tests	2025-12-26T03:50:48.3023871Z 
smoke-test	Run Tests	2025-12-26T03:50:48.3075038Z stdout | src/commands/mcp/add.test.ts > mcp add command > when handling scope and directory > when in a project directory > should use project scope by default
smoke-test	Run Tests	2025-12-26T03:50:48.3085504Z MCP server "test-server" added to project settings. (stdio)
smoke-test	Run Tests	2025-12-26T03:50:48.3086325Z 
smoke-test	Run Tests	2025-12-26T03:50:48.3143702Z stdout | src/commands/mcp/add.test.ts > mcp add command > when handling scope and directory > when in a project directory > should use project scope when --scope=project is used
smoke-test	Run Tests	2025-12-26T03:50:48.3147717Z MCP server "test-server" added to project settings. (stdio)
smoke-test	Run Tests	2025-12-26T03:50:48.3149605Z 
smoke-test	Run Tests	2025-12-26T03:50:48.3191109Z stdout | src/commands/mcp/add.test.ts > mcp add command > when handling scope and directory > when in a project directory > should use user scope when --scope=user is used
smoke-test	Run Tests	2025-12-26T03:50:48.3196644Z MCP server "test-server" added to user settings. (stdio)
smoke-test	Run Tests	2025-12-26T03:50:48.3197364Z 
smoke-test	Run Tests	2025-12-26T03:50:48.3243867Z stdout | src/commands/mcp/add.test.ts > mcp add command > when handling scope and directory > when in a subdirectory of a project > should use project scope by default
smoke-test	Run Tests	2025-12-26T03:50:48.3249510Z MCP server "test-server" added to project settings. (stdio)
smoke-test	Run Tests	2025-12-26T03:50:48.3253740Z 
smoke-test	Run Tests	2025-12-26T03:50:48.3587914Z stdout | src/commands/mcp/add.test.ts > mcp add command > when handling scope and directory > when in the home directory > should use user scope when --scope=user is used
smoke-test	Run Tests	2025-12-26T03:50:48.3592395Z MCP server "test-server" added to user settings. (stdio)
smoke-test	Run Tests	2025-12-26T03:50:48.3615205Z 
smoke-test	Run Tests	2025-12-26T03:50:48.3646394Z stdout | src/commands/mcp/add.test.ts > mcp add command > when handling scope and directory > when in a subdirectory of home (not a project) > should use project scope by default
smoke-test	Run Tests	2025-12-26T03:50:48.3651440Z MCP server "test-server" added to project settings. (stdio)
smoke-test	Run Tests	2025-12-26T03:50:48.3655496Z 
smoke-test	Run Tests	2025-12-26T03:50:48.3712566Z stdout | src/commands/mcp/add.test.ts > mcp add command > when handling scope and directory > when in a subdirectory of home (not a project) > should write to the WORKSPACE scope, not the USER scope
smoke-test	Run Tests	2025-12-26T03:50:48.3715798Z MCP server "my-new-server" added to project settings. (stdio)
smoke-test	Run Tests	2025-12-26T03:50:48.3716502Z 
smoke-test	Run Tests	2025-12-26T03:50:48.3753302Z stdout | src/commands/mcp/add.test.ts > mcp add command > when handling scope and directory > when outside of home (not a project) > should use project scope by default
smoke-test	Run Tests	2025-12-26T03:50:48.3758438Z MCP server "test-server" added to project settings. (stdio)
smoke-test	Run Tests	2025-12-26T03:50:48.3759027Z 
smoke-test	Run Tests	2025-12-26T03:50:48.3807793Z stdout | src/commands/mcp/add.test.ts > mcp add command > when updating an existing server > should update the existing server in the project scope
smoke-test	Run Tests	2025-12-26T03:50:48.3819448Z MCP server "existing-server" is already configured within project settings.
smoke-test	Run Tests	2025-12-26T03:50:48.3820904Z MCP server "existing-server" updated in project settings.
smoke-test	Run Tests	2025-12-26T03:50:48.3822515Z 
smoke-test	Run Tests	2025-12-26T03:50:48.3873231Z stdout | src/commands/mcp/add.test.ts > mcp add command > when updating an existing server > should update the existing server in the user scope
smoke-test	Run Tests	2025-12-26T03:50:48.3882589Z MCP server "existing-server" is already configured within user settings.
smoke-test	Run Tests	2025-12-26T03:50:48.3891423Z MCP server "existing-server" updated in user settings.
smoke-test	Run Tests	2025-12-26T03:50:48.3891783Z 
smoke-test	Run Tests	2025-12-26T03:50:48.6082092Z  ✓ src/commands/mcp/add.test.ts (20 tests) 160ms
smoke-test	Run Tests	2025-12-26T03:50:48.9678974Z  ✓ src/services/CommandService.test.ts (11 tests) 25ms
smoke-test	Run Tests	2025-12-26T03:50:50.3074233Z  ✓ src/ui/hooks/usePermissionsModifyTrust.test.ts (13 tests) 54ms
smoke-test	Run Tests	2025-12-26T03:50:51.7318058Z  ✓ src/utils/installationInfo.test.ts (16 tests) 15ms
smoke-test	Run Tests	2025-12-26T03:50:52.1487240Z  ✓ src/ui/components/shared/MaxSizedBox.test.tsx (21 tests) 231ms
smoke-test	Run Tests	2025-12-26T03:50:54.6034589Z  ✓ src/config/settings-validation.test.ts (22 tests) 23ms
smoke-test	Run Tests	2025-12-26T03:50:54.6531091Z  ✓ src/ui/commands/directoryCommand.test.tsx (13 tests) 19ms
smoke-test	Run Tests	2025-12-26T03:50:54.7895092Z stderr | ../../node_modules/react-reconciler/cjs/react-reconciler.development.js:13614:19
smoke-test	Run Tests	2025-12-26T03:50:54.7896219Z An update to ForwardRef(ScrollableList) inside a test was not wrapped in act(...).
smoke-test	Run Tests	2025-12-26T03:50:54.7897248Z 
smoke-test	Run Tests	2025-12-26T03:50:54.7897619Z When testing, code that causes React state updates should be wrapped into act(...):
smoke-test	Run Tests	2025-12-26T03:50:54.7898122Z 
smoke-test	Run Tests	2025-12-26T03:50:54.7898246Z act(() => {
smoke-test	Run Tests	2025-12-26T03:50:54.7898553Z   /* fire events that update state */
smoke-test	Run Tests	2025-12-26T03:50:54.7898920Z });
smoke-test	Run Tests	2025-12-26T03:50:54.7899176Z /* assert on the output */
smoke-test	Run Tests	2025-12-26T03:50:54.7899395Z 
smoke-test	Run Tests	2025-12-26T03:50:54.7905404Z This ensures that you're testing the behavior the user would see in the browser. Learn more at https://react.dev/link/wrap-tests-with-act
smoke-test	Run Tests	2025-12-26T03:50:54.7906190Z 
smoke-test	Run Tests	2025-12-26T03:50:54.7906809Z  ✓ src/ui/components/shared/ScrollableList.test.tsx (3 tests) 1218ms
smoke-test	Run Tests	2025-12-26T03:50:54.7907879Z    ✓ ScrollableList Demo Behavior > should scroll to bottom when new items are added and stop when scrolled up  305ms
smoke-test	Run Tests	2025-12-26T03:50:54.7908970Z    ✓ ScrollableList Demo Behavior > Keyboard Navigation > should handle scroll keys correctly  872ms
smoke-test	Run Tests	2025-12-26T03:50:54.7910164Z stderr | ../../node_modules/react-reconciler/cjs/react-reconciler.development.js:13614:19
smoke-test	Run Tests	2025-12-26T03:50:54.7910978Z An update to ForwardRef(ScrollableList) inside a test was not wrapped in act(...).
smoke-test	Run Tests	2025-12-26T03:50:54.7911424Z 
smoke-test	Run Tests	2025-12-26T03:50:54.7911731Z When testing, code that causes React state updates should be wrapped into act(...):
smoke-test	Run Tests	2025-12-26T03:50:54.7912182Z 
smoke-test	Run Tests	2025-12-26T03:50:54.7912282Z act(() => {
smoke-test	Run Tests	2025-12-26T03:50:54.7912543Z   /* fire events that update state */
smoke-test	Run Tests	2025-12-26T03:50:54.7912881Z });
smoke-test	Run Tests	2025-12-26T03:50:54.7913115Z /* assert on the output */
smoke-test	Run Tests	2025-12-26T03:50:54.7913328Z 
smoke-test	Run Tests	2025-12-26T03:50:54.7913873Z This ensures that you're testing the behavior the user would see in the browser. Learn more at https://react.dev/link/wrap-tests-with-act
smoke-test	Run Tests	2025-12-26T03:50:54.7914553Z 
smoke-test	Run Tests	2025-12-26T03:50:54.8281350Z stderr | ../../node_modules/react-reconciler/cjs/react-reconciler.development.js:13614:19
smoke-test	Run Tests	2025-12-26T03:50:54.8282357Z An update to ForwardRef(ScrollableList) inside a test was not wrapped in act(...).
smoke-test	Run Tests	2025-12-26T03:50:54.8282940Z 
smoke-test	Run Tests	2025-12-26T03:50:54.8283297Z When testing, code that causes React state updates should be wrapped into act(...):
smoke-test	Run Tests	2025-12-26T03:50:54.8283798Z 
smoke-test	Run Tests	2025-12-26T03:50:54.8283914Z act(() => {
smoke-test	Run Tests	2025-12-26T03:50:54.8284216Z   /* fire events that update state */
smoke-test	Run Tests	2025-12-26T03:50:54.8284595Z });
smoke-test	Run Tests	2025-12-26T03:50:54.8285105Z /* assert on the output */
smoke-test	Run Tests	2025-12-26T03:50:54.8285341Z 
smoke-test	Run Tests	2025-12-26T03:50:54.8285986Z This ensures that you're testing the behavior the user would see in the browser. Learn more at https://react.dev/link/wrap-tests-with-act
smoke-test	Run Tests	2025-12-26T03:50:54.8286762Z 
smoke-test	Run Tests	2025-12-26T03:50:55.0436369Z  ✓ src/utils/commentJson.test.ts (12 tests) 36ms
smoke-test	Run Tests	2025-12-26T03:50:57.2561803Z stdout | src/ui/commands/setupGithubCommand.test.ts > setupGithubCommand > throws an error when download fails
smoke-test	Run Tests	2025-12-26T03:50:57.2564443Z Failed to download required setup files:  Error: Invalid response code downloading https://raw.githubusercontent.com/google-github-actions/run-gemini-cli/refs/tags/v1.2.3/examples/workflows/gemini-dispatch/gemini-dispatch.yml: 404 - Not Found
smoke-test	Run Tests	2025-12-26T03:50:57.2567212Z     at /home/runner/work/terminaI/terminaI/packages/cli/src/ui/commands/setupGithubCommand.ts:132:17
smoke-test	Run Tests	2025-12-26T03:50:57.2569777Z     at async Promise.all (index 0)
smoke-test	Run Tests	2025-12-26T03:50:57.2570710Z     at downloadFiles (/home/runner/work/terminaI/terminaI/packages/cli/src/ui/commands/setupGithubCommand.ts:159:3)
smoke-test	Run Tests	2025-12-26T03:50:57.2571651Z     at async Promise.all (index 0)
smoke-test	Run Tests	2025-12-26T03:50:57.2572595Z     at downloadSetupFiles (/home/runner/work/terminaI/terminaI/packages/cli/src/ui/commands/setupGithubCommand.ts:185:5)
smoke-test	Run Tests	2025-12-26T03:50:57.2574016Z     at Object.action (/home/runner/work/terminaI/terminaI/packages/cli/src/ui/commands/setupGithubCommand.ts:241:5)
smoke-test	Run Tests	2025-12-26T03:50:57.2575575Z     at /home/runner/work/terminaI/terminaI/packages/cli/src/ui/commands/setupGithubCommand.test.ts:217:5
smoke-test	Run Tests	2025-12-26T03:50:57.2576737Z     at file:///home/runner/work/terminaI/terminaI/node_modules/@vitest/runner/dist/chunk-hooks.js:752:20
smoke-test	Run Tests	2025-12-26T03:50:57.2577773Z 
smoke-test	Run Tests	2025-12-26T03:50:57.2716805Z stdout | src/ui/commands/setupGithubCommand.test.ts > updateGitignore > handles file system errors gracefully
smoke-test	Run Tests	2025-12-26T03:50:57.2718244Z Failed to update .gitignore: Error: ENOENT: no such file or directory, open '/tmp/update-gitignore-DZnLLi/non-existent/.gitignore'
smoke-test	Run Tests	2025-12-26T03:50:57.2719212Z     at open (node:internal/fs/promises:639:25)
smoke-test	Run Tests	2025-12-26T03:50:57.2719784Z     at Object.writeFile (node:internal/fs/promises:1216:14)
smoke-test	Run Tests	2025-12-26T03:50:57.2720830Z     at Module.updateGitignore (/home/runner/work/terminaI/terminaI/packages/cli/src/ui/commands/setupGithubCommand.ts:83:7)
smoke-test	Run Tests	2025-12-26T03:50:57.2722241Z     at /home/runner/work/terminaI/terminaI/packages/cli/src/ui/commands/setupGithubCommand.test.ts:320:5
smoke-test	Run Tests	2025-12-26T03:50:57.2723463Z     at file:///home/runner/work/terminaI/terminaI/node_modules/@vitest/runner/dist/chunk-hooks.js:752:20 {
smoke-test	Run Tests	2025-12-26T03:50:57.2724206Z   errno: -2,
smoke-test	Run Tests	2025-12-26T03:50:57.2725115Z   code: 'ENOENT',
smoke-test	Run Tests	2025-12-26T03:50:57.2725444Z   syscall: 'open',
smoke-test	Run Tests	2025-12-26T03:50:57.2725910Z   path: '/tmp/update-gitignore-DZnLLi/non-existent/.gitignore'
smoke-test	Run Tests	2025-12-26T03:50:57.2726453Z }
smoke-test	Run Tests	2025-12-26T03:50:57.2726615Z 
smoke-test	Run Tests	2025-12-26T03:50:57.4694408Z  ✓ src/ui/commands/setupGithubCommand.test.ts (10 tests) 92ms
smoke-test	Run Tests	2025-12-26T03:50:58.1746862Z  ✓ src/ui/components/Footer.test.tsx (21 tests) 202ms
smoke-test	Run Tests	2025-12-26T03:50:58.5610577Z  ✓ src/ui/contexts/ScrollProvider.drag.test.tsx (6 tests) 54ms
smoke-test	Run Tests	2025-12-26T03:51:00.0565720Z stderr | src/ui/themes/color-utils.test.ts > Color Utils > resolveColor > should return undefined for invalid colors
smoke-test	Run Tests	2025-12-26T03:51:00.0566949Z [ColorUtils] Could not resolve color "invalidcolor" to an Ink-compatible format.
smoke-test	Run Tests	2025-12-26T03:51:00.0567816Z [ColorUtils] Could not resolve color "notacolor" to an Ink-compatible format.
smoke-test	Run Tests	2025-12-26T03:51:00.0568632Z [ColorUtils] Could not resolve color "" to an Ink-compatible format.
smoke-test	Run Tests	2025-12-26T03:51:00.0596472Z 
smoke-test	Run Tests	2025-12-26T03:51:00.0617344Z stderr | src/ui/themes/color-utils.test.ts > Color Utils > Consistency between validation and resolution > should have consistent behavior between isValidColor and resolveColor
smoke-test	Run Tests	2025-12-26T03:51:00.0619170Z [ColorUtils] Could not resolve color "invalidcolor" to an Ink-compatible format.
smoke-test	Run Tests	2025-12-26T03:51:00.0620390Z [ColorUtils] Could not resolve color "notacolor" to an Ink-compatible format.
smoke-test	Run Tests	2025-12-26T03:51:00.0621355Z [ColorUtils] Could not resolve color "" to an Ink-compatible format.
smoke-test	Run Tests	2025-12-26T03:51:00.0626101Z 
smoke-test	Run Tests	2025-12-26T03:51:00.2922895Z  ✓ src/ui/themes/color-utils.test.ts (27 tests) 30ms
smoke-test	Run Tests	2025-12-26T03:51:01.6779904Z  ✓ src/ui/hooks/useMessageQueue.test.tsx (14 tests) 57ms
smoke-test	Run Tests	2025-12-26T03:51:02.2141880Z  ✓ src/ui/components/SessionBrowser.test.tsx (6 tests) 217ms
smoke-test	Run Tests	2025-12-26T03:51:03.0385074Z  ✓ src/config/extensions/update.test.ts (10 tests) 23ms
smoke-test	Run Tests	2025-12-26T03:51:04.6947770Z  ✓ src/commands/extensions/uninstall.test.ts (9 tests) 21ms
smoke-test	Run Tests	2025-12-26T03:51:04.9183387Z  ✓ src/utils/relaunch.test.ts (8 tests) 18ms
smoke-test	Run Tests	2025-12-26T03:51:06.6128790Z  ✓ src/ui/components/LoadingIndicator.test.tsx (16 tests) 170ms
smoke-test	Run Tests	2025-12-26T03:51:08.5980799Z  ✓ src/ui/components/ModelStatsDisplay.test.tsx (7 tests) 243ms
smoke-test	Run Tests	2025-12-26T03:51:08.9671509Z  ✓ src/ui/components/messages/DiffRenderer.test.tsx (26 tests) 733ms
smoke-test	Run Tests	2025-12-26T03:51:10.3946064Z  ✓ src/ui/components/shared/VirtualizedList.test.tsx (9 tests) 297ms
smoke-test	Run Tests	2025-12-26T03:51:12.1061962Z  ✓ src/ui/hooks/useFolderTrust.test.ts (12 tests) 51ms
smoke-test	Run Tests	2025-12-26T03:51:12.6323682Z  ✓ src/ui/hooks/useExtensionUpdates.test.tsx (4 tests) 228ms
smoke-test	Run Tests	2025-12-26T03:51:13.1022900Z  ✓ src/ui/commands/restoreCommand.test.ts (13 tests) 70ms
smoke-test	Run Tests	2025-12-26T03:51:15.1081859Z stderr | src/services/BuiltinCommandLoader.test.ts > BuiltinCommandLoader profile > should not include profile command when isDevelopment is false
smoke-test	Run Tests	2025-12-26T03:51:15.1083298Z Current logger will be overwritten from Error: 
smoke-test	Run Tests	2025-12-26T03:51:15.1084236Z     at DiagAPI.setLogger (/home/runner/work/terminaI/terminaI/node_modules/@opentelemetry/api/src/api/diag.ts:97:23)
smoke-test	Run Tests	2025-12-26T03:51:15.1092787Z     at /home/runner/work/terminaI/terminaI/packages/core/src/telemetry/sdk.ts:81:6
smoke-test	Run Tests	2025-12-26T03:51:15.1093745Z     at processTicksAndRejections (node:internal/process/task_queues:95:5)
smoke-test	Run Tests	2025-12-26T03:51:15.1095032Z     at VitestExecutor.runModule (file:///home/runner/work/terminaI/terminaI/node_modules/vite-node/dist/client.mjs:397:4)
smoke-test	Run Tests	2025-12-26T03:51:15.1096422Z     at VitestExecutor.directRequest (file:///home/runner/work/terminaI/terminaI/node_modules/vite-node/dist/client.mjs:375:3)
smoke-test	Run Tests	2025-12-26T03:51:15.1097788Z     at VitestExecutor.cachedRequest (file:///home/runner/work/terminaI/terminaI/node_modules/vite-node/dist/client.mjs:189:11)
smoke-test	Run Tests	2025-12-26T03:51:15.1099203Z     at VitestExecutor.dependencyRequest (file:///home/runner/work/terminaI/terminaI/node_modules/vite-node/dist/client.mjs:239:10)
smoke-test	Run Tests	2025-12-26T03:51:15.1100371Z     at /home/runner/work/terminaI/terminaI/packages/core/src/telemetry/loggers.ts:74:1
smoke-test	Run Tests	2025-12-26T03:51:15.1101457Z     at VitestExecutor.runModule (file:///home/runner/work/terminaI/terminaI/node_modules/vite-node/dist/client.mjs:397:4)
smoke-test	Run Tests	2025-12-26T03:51:15.1103120Z     at VitestExecutor.directRequest (file:///home/runner/work/terminaI/terminaI/node_modules/vite-node/dist/client.mjs:375:3)
smoke-test	Run Tests	2025-12-26T03:51:15.1104173Z Current logger will overwrite one already registered from Error: 
smoke-test	Run Tests	2025-12-26T03:51:15.1105314Z     at DiagAPI.setLogger (/home/runner/work/terminaI/terminaI/node_modules/@opentelemetry/api/src/api/diag.ts:97:23)
smoke-test	Run Tests	2025-12-26T03:51:15.1106371Z     at /home/runner/work/terminaI/terminaI/packages/core/src/telemetry/sdk.ts:81:6
smoke-test	Run Tests	2025-12-26T03:51:15.1107177Z     at processTicksAndRejections (node:internal/process/task_queues:95:5)
smoke-test	Run Tests	2025-12-26T03:51:15.1108226Z     at VitestExecutor.runModule (file:///home/runner/work/terminaI/terminaI/node_modules/vite-node/dist/client.mjs:397:4)
smoke-test	Run Tests	2025-12-26T03:51:15.1109574Z     at VitestExecutor.directRequest (file:///home/runner/work/terminaI/terminaI/node_modules/vite-node/dist/client.mjs:375:3)
smoke-test	Run Tests	2025-12-26T03:51:15.1111066Z     at VitestExecutor.cachedRequest (file:///home/runner/work/terminaI/terminaI/node_modules/vite-node/dist/client.mjs:189:11)
smoke-test	Run Tests	2025-12-26T03:51:15.1112562Z     at VitestExecutor.dependencyRequest (file:///home/runner/work/terminaI/terminaI/node_modules/vite-node/dist/client.mjs:239:10)
smoke-test	Run Tests	2025-12-26T03:51:15.1113803Z     at /home/runner/work/terminaI/terminaI/packages/core/src/telemetry/loggers.ts:74:1
smoke-test	Run Tests	2025-12-26T03:51:15.1115191Z     at VitestExecutor.runModule (file:///home/runner/work/terminaI/terminaI/node_modules/vite-node/dist/client.mjs:397:4)
smoke-test	Run Tests	2025-12-26T03:51:15.1116544Z     at VitestExecutor.directRequest (file:///home/runner/work/terminaI/terminaI/node_modules/vite-node/dist/client.mjs:375:3)
smoke-test	Run Tests	2025-12-26T03:51:15.1117362Z 
smoke-test	Run Tests	2025-12-26T03:51:15.5190659Z stderr | src/services/BuiltinCommandLoader.test.ts > BuiltinCommandLoader profile > should include profile command when isDevelopment is true
smoke-test	Run Tests	2025-12-26T03:51:15.5191928Z Current logger will be overwritten from Error: 
smoke-test	Run Tests	2025-12-26T03:51:15.5192917Z     at DiagAPI.setLogger (/home/runner/work/terminaI/terminaI/node_modules/@opentelemetry/api/src/api/diag.ts:97:23)
smoke-test	Run Tests	2025-12-26T03:51:15.5193765Z     at /home/runner/work/terminaI/terminaI/packages/core/src/telemetry/sdk.ts:81:6
smoke-test	Run Tests	2025-12-26T03:51:15.5194355Z     at processTicksAndRejections (node:internal/process/task_queues:95:5)
smoke-test	Run Tests	2025-12-26T03:51:15.5195667Z     at VitestExecutor.runModule (file:///home/runner/work/terminaI/terminaI/node_modules/vite-node/dist/client.mjs:397:4)
smoke-test	Run Tests	2025-12-26T03:51:15.5197112Z     at VitestExecutor.directRequest (file:///home/runner/work/terminaI/terminaI/node_modules/vite-node/dist/client.mjs:375:3)
smoke-test	Run Tests	2025-12-26T03:51:15.5198452Z     at VitestExecutor.cachedRequest (file:///home/runner/work/terminaI/terminaI/node_modules/vite-node/dist/client.mjs:189:11)
smoke-test	Run Tests	2025-12-26T03:51:15.5199295Z     at VitestExecutor.dependencyRequest (file:///home/runner/work/terminaI/terminaI/node_modules/vite-node/dist/client.mjs:239:10)
smoke-test	Run Tests	2025-12-26T03:51:15.5199996Z     at /home/runner/work/terminaI/terminaI/packages/core/src/telemetry/loggers.ts:74:1
smoke-test	Run Tests	2025-12-26T03:51:15.5201051Z     at VitestExecutor.runModule (file:///home/runner/work/terminaI/terminaI/node_modules/vite-node/dist/client.mjs:397:4)
smoke-test	Run Tests	2025-12-26T03:51:15.5201821Z     at VitestExecutor.directRequest (file:///home/runner/work/terminaI/terminaI/node_modules/vite-node/dist/client.mjs:375:3)
smoke-test	Run Tests	2025-12-26T03:51:15.5202418Z Current logger will overwrite one already registered from Error: 
smoke-test	Run Tests	2025-12-26T03:51:15.5202990Z     at DiagAPI.setLogger (/home/runner/work/terminaI/terminaI/node_modules/@opentelemetry/api/src/api/diag.ts:97:23)
smoke-test	Run Tests	2025-12-26T03:51:15.5203628Z     at /home/runner/work/terminaI/terminaI/packages/core/src/telemetry/sdk.ts:81:6
smoke-test	Run Tests	2025-12-26T03:51:15.5204112Z     at processTicksAndRejections (node:internal/process/task_queues:95:5)
smoke-test	Run Tests	2025-12-26T03:51:15.5205045Z     at VitestExecutor.runModule (file:///home/runner/work/terminaI/terminaI/node_modules/vite-node/dist/client.mjs:397:4)
smoke-test	Run Tests	2025-12-26T03:51:15.5206425Z     at VitestExecutor.directRequest (file:///home/runner/work/terminaI/terminaI/node_modules/vite-node/dist/client.mjs:375:3)
smoke-test	Run Tests	2025-12-26T03:51:15.5208194Z     at VitestExecutor.cachedRequest (file:///home/runner/work/terminaI/terminaI/node_modules/vite-node/dist/client.mjs:189:11)
smoke-test	Run Tests	2025-12-26T03:51:15.5209717Z     at VitestExecutor.dependencyRequest (file:///home/runner/work/terminaI/terminaI/node_modules/vite-node/dist/client.mjs:239:10)
smoke-test	Run Tests	2025-12-26T03:51:15.5210978Z     at /home/runner/work/terminaI/terminaI/packages/core/src/telemetry/loggers.ts:74:1
smoke-test	Run Tests	2025-12-26T03:51:15.5212184Z     at VitestExecutor.runModule (file:///home/runner/work/terminaI/terminaI/node_modules/vite-node/dist/client.mjs:397:4)
smoke-test	Run Tests	2025-12-26T03:51:15.5213589Z     at VitestExecutor.directRequest (file:///home/runner/work/terminaI/terminaI/node_modules/vite-node/dist/client.mjs:375:3)
smoke-test	Run Tests	2025-12-26T03:51:15.5214408Z 
smoke-test	Run Tests	2025-12-26T03:51:15.7452455Z stdout | src/ui/auth/useAuth.test.tsx > useAuth > useAuthCommand > should initialize with Unauthenticated state
smoke-test	Run Tests	2025-12-26T03:51:15.7457844Z stderr | src/ui/auth/useAuth.test.tsx > useAuth > useAuthCommand > should initialize with Unauthenticated state
smoke-test	Run Tests	2025-12-26T03:51:15.7458710Z Authenticated via "oauth-personal".
smoke-test	Run Tests	2025-12-26T03:51:15.7464087Z An update to TestComponent inside a test was not wrapped in act(...).
smoke-test	Run Tests	2025-12-26T03:51:15.7464567Z 
smoke-test	Run Tests	2025-12-26T03:51:15.7496369Z 
smoke-test	Run Tests	2025-12-26T03:51:15.7497193Z When testing, code that causes React state updates should be wrapped into act(...):
smoke-test	Run Tests	2025-12-26T03:51:15.7497756Z 
smoke-test	Run Tests	2025-12-26T03:51:15.7497892Z act(() => {
smoke-test	Run Tests	2025-12-26T03:51:15.7498211Z   /* fire events that update state */
smoke-test	Run Tests	2025-12-26T03:51:15.7498602Z });
smoke-test	Run Tests	2025-12-26T03:51:15.7498870Z /* assert on the output */
smoke-test	Run Tests	2025-12-26T03:51:15.7499107Z 
smoke-test	Run Tests	2025-12-26T03:51:15.7499770Z This ensures that you're testing the behavior the user would see in the browser. Learn more at https://react.dev/link/wrap-tests-with-act
smoke-test	Run Tests	2025-12-26T03:51:15.7500572Z 
smoke-test	Run Tests	2025-12-26T03:51:15.8057113Z stdout | src/ui/auth/useAuth.test.tsx > useAuth > useAuthCommand > should authenticate if USE_GEMINI and key is found
smoke-test	Run Tests	2025-12-26T03:51:15.8058069Z Authenticated via "gemini-api-key".
smoke-test	Run Tests	2025-12-26T03:51:15.8060417Z 
smoke-test	Run Tests	2025-12-26T03:51:15.8578281Z stdout | src/ui/auth/useAuth.test.tsx > useAuth > useAuthCommand > should authenticate if USE_GEMINI and env key is found
smoke-test	Run Tests	2025-12-26T03:51:15.8579433Z Authenticated via "gemini-api-key".
smoke-test	Run Tests	2025-12-26T03:51:15.8579870Z Authenticated via "gemini-api-key".
smoke-test	Run Tests	2025-12-26T03:51:15.8580140Z 
smoke-test	Run Tests	2025-12-26T03:51:15.9103313Z stdout | src/ui/auth/useAuth.test.tsx > useAuth > useAuthCommand > should prioritize env key over stored key when both are present
smoke-test	Run Tests	2025-12-26T03:51:15.9104660Z Authenticated via "gemini-api-key".
smoke-test	Run Tests	2025-12-26T03:51:15.9105511Z Authenticated via "gemini-api-key".
smoke-test	Run Tests	2025-12-26T03:51:15.9105840Z 
smoke-test	Run Tests	2025-12-26T03:51:15.9473306Z  ✓ src/services/BuiltinCommandLoader.test.ts (10 tests) 815ms
smoke-test	Run Tests	2025-12-26T03:51:15.9474445Z    ✓ BuiltinCommandLoader profile > should not include profile command when isDevelopment is false  468ms
smoke-test	Run Tests	2025-12-26T03:51:15.9476274Z    ✓ BuiltinCommandLoader profile > should include profile command when isDevelopment is true  333ms
smoke-test	Run Tests	2025-12-26T03:51:15.9756034Z stdout | src/ui/auth/useAuth.test.tsx > useAuth > useAuthCommand > should authenticate successfully for valid auth type
smoke-test	Run Tests	2025-12-26T03:51:15.9757297Z Authenticated via "oauth-personal".
smoke-test	Run Tests	2025-12-26T03:51:15.9757852Z 
smoke-test	Run Tests	2025-12-26T03:51:16.2957825Z  ✓ src/ui/auth/useAuth.test.tsx (15 tests) 368ms
smoke-test	Run Tests	2025-12-26T03:51:17.0835327Z  ✓ src/ui/hooks/useShellHistory.test.ts (7 tests) 566ms
smoke-test	Run Tests	2025-12-26T03:51:19.2809605Z  ✓ src/ui/hooks/useInputHistoryStore.test.ts (14 tests) 64ms
smoke-test	Run Tests	2025-12-26T03:51:20.5202444Z  ✓ src/ui/components/HistoryItemDisplay.test.tsx (19 tests) 824ms
smoke-test	Run Tests	2025-12-26T03:51:20.6023119Z  ✓ src/ui/components/shared/TextInput.test.tsx (11 tests) 57ms
smoke-test	Run Tests	2025-12-26T03:51:22.8946419Z  ✓ src/ui/components/ProQuotaDialog.test.tsx (8 tests) 145ms
smoke-test	Run Tests	2025-12-26T03:51:23.4757010Z  ✓ src/config/sandboxConfig.test.ts (27 tests) 20ms
smoke-test	Run Tests	2025-12-26T03:51:23.5200530Z  ✓ src/ui/commands/ideCommand.test.ts (8 tests) 29ms
smoke-test	Run Tests	2025-12-26T03:51:25.9672062Z stdout | src/ui/commands/copyCommand.test.ts > copyCommand > should handle clipboard copy error
smoke-test	Run Tests	2025-12-26T03:51:25.9674106Z Clipboard access denied
smoke-test	Run Tests	2025-12-26T03:51:25.9675768Z 
smoke-test	Run Tests	2025-12-26T03:51:25.9683138Z stdout | src/ui/commands/copyCommand.test.ts > copyCommand > should handle non-Error clipboard errors
smoke-test	Run Tests	2025-12-26T03:51:25.9686995Z String error
smoke-test	Run Tests	2025-12-26T03:51:25.9687187Z 
smoke-test	Run Tests	2025-12-26T03:51:26.1095442Z  ✓ src/ui/commands/copyCommand.test.ts (11 tests) 23ms
smoke-test	Run Tests	2025-12-26T03:51:26.2196740Z  ✓ src/ui/hooks/useReverseSearchCompletion.test.tsx (10 tests) 115ms
smoke-test	Run Tests	2025-12-26T03:51:26.2891392Z  ✓ src/utils/sessionCleanup.integration.test.ts (5 tests) 29ms
smoke-test	Run Tests	2025-12-26T03:51:26.5847410Z  ✓ src/utils/envVarResolver.test.ts (16 tests) 17ms
smoke-test	Run Tests	2025-12-26T03:51:29.3846115Z  ✓ src/utils/deepMerge.test.ts (17 tests) 33ms
smoke-test	Run Tests	2025-12-26T03:51:29.4064941Z  ✓ src/ui/components/MultiFolderTrustDialog.test.tsx (8 tests) 191ms
smoke-test	Run Tests	2025-12-26T03:51:29.7443749Z  ✓ src/services/prompt-processors/injectionParser.test.ts (21 tests) 18ms
smoke-test	Run Tests	2025-12-26T03:51:29.8203566Z  ✓ src/ui/hooks/useIdeTrustListener.test.tsx (5 tests) 47ms
smoke-test	Run Tests	2025-12-26T03:51:31.9818977Z stdout | src/ui/utils/clipboardUtils.test.ts > clipboardUtils > cleanupOldClipboardImages > should not throw errors
smoke-test	Run Tests	2025-12-26T03:51:31.9822464Z Failed to clean up old clipboard images: Error: ENOENT: no such file or directory, scandir '/path/that/does/not/exist/.gemini-clipboard'
smoke-test	Run Tests	2025-12-26T03:51:31.9836896Z     at Proxy.readdir (node:internal/fs/promises:952:18)
smoke-test	Run Tests	2025-12-26T03:51:31.9837988Z     at cleanupOldClipboardImages (/home/runner/work/terminaI/terminaI/packages/cli/src/ui/utils/clipboardUtils.ts:196:19)
smoke-test	Run Tests	2025-12-26T03:51:31.9839310Z     at /home/runner/work/terminaI/terminaI/packages/cli/src/ui/utils/clipboardUtils.test.ts:70:7
smoke-test	Run Tests	2025-12-26T03:51:31.9840458Z     at file:///home/runner/work/terminaI/terminaI/node_modules/@vitest/runner/dist/chunk-hooks.js:752:20 {
smoke-test	Run Tests	2025-12-26T03:51:31.9841260Z   errno: -2,
smoke-test	Run Tests	2025-12-26T03:51:31.9841573Z   code: 'ENOENT',
smoke-test	Run Tests	2025-12-26T03:51:31.9841962Z   syscall: 'scandir',
smoke-test	Run Tests	2025-12-26T03:51:31.9842393Z   path: '/path/that/does/not/exist/.gemini-clipboard'
smoke-test	Run Tests	2025-12-26T03:51:31.9842878Z }
smoke-test	Run Tests	2025-12-26T03:51:31.9843045Z 
smoke-test	Run Tests	2025-12-26T03:51:31.9843823Z stdout | src/ui/utils/clipboardUtils.test.ts > clipboardUtils > cleanupOldClipboardImages > should complete without errors on valid directory
smoke-test	Run Tests	2025-12-26T03:51:31.9845458Z Failed to clean up old clipboard images: Error: ENOENT: no such file or directory, scandir '.gemini-clipboard'
smoke-test	Run Tests	2025-12-26T03:51:31.9846343Z     at Proxy.readdir (node:internal/fs/promises:952:18)
smoke-test	Run Tests	2025-12-26T03:51:31.9847387Z     at cleanupOldClipboardImages (/home/runner/work/terminaI/terminaI/packages/cli/src/ui/utils/clipboardUtils.ts:196:19)
smoke-test	Run Tests	2025-12-26T03:51:31.9848714Z     at /home/runner/work/terminaI/terminaI/packages/cli/src/ui/utils/clipboardUtils.test.ts:76:7
smoke-test	Run Tests	2025-12-26T03:51:31.9849889Z     at file:///home/runner/work/terminaI/terminaI/node_modules/@vitest/runner/dist/chunk-hooks.js:752:20 {
smoke-test	Run Tests	2025-12-26T03:51:31.9851176Z   errno: -2,
smoke-test	Run Tests	2025-12-26T03:51:31.9851507Z   code: 'ENOENT',
smoke-test	Run Tests	2025-12-26T03:51:31.9851850Z   syscall: 'scandir',
smoke-test	Run Tests	2025-12-26T03:51:31.9852229Z   path: '.gemini-clipboard'
smoke-test	Run Tests	2025-12-26T03:51:31.9852603Z }
smoke-test	Run Tests	2025-12-26T03:51:31.9852758Z 
smoke-test	Run Tests	2025-12-26T03:51:32.1692471Z  ✓ src/ui/utils/clipboardUtils.test.ts (29 tests) 30ms
smoke-test	Run Tests	2025-12-26T03:51:32.4729649Z  ✓ src/config/extensions/consent.test.ts (17 tests) 24ms
smoke-test	Run Tests	2025-12-26T03:51:32.5413249Z  ✓ src/services/prompt-processors/atFileProcessor.test.ts (11 tests) 20ms
smoke-test	Run Tests	2025-12-26T03:51:34.9334091Z  ✓ src/ui/commands/mcpCommand.test.ts (5 tests) 23ms
smoke-test	Run Tests	2025-12-26T03:51:35.8000005Z  ✓ src/ui/hooks/useSessionBrowser.test.ts (7 tests) 49ms
smoke-test	Run Tests	2025-12-26T03:51:36.0757443Z  ✓ src/ui/components/DebugProfiler.test.tsx (13 tests) 71ms
smoke-test	Run Tests	2025-12-26T03:51:37.9481995Z  ✓ src/commands/extensions/disable.test.ts (12 tests) 24ms
smoke-test	Run Tests	2025-12-26T03:51:38.3030219Z  ✓ src/ui/utils/computeStats.test.ts (12 tests) 11ms
smoke-test	Run Tests	2025-12-26T03:51:38.6068187Z  ✓ src/ui/state/extensions.test.ts (15 tests) 13ms
smoke-test	Run Tests	2025-12-26T03:51:39.1335006Z  ✓ src/ui/hooks/useKeypress.test.tsx (22 tests) 81ms
smoke-test	Run Tests	2025-12-26T03:51:39.5956406Z  ✓ src/ui/hooks/useInputHistory.test.ts (11 tests) 56ms
smoke-test	Run Tests	2025-12-26T03:51:41.9446178Z  ✓ src/ui/hooks/useEditorSettings.test.tsx (10 tests) 52ms
smoke-test	Run Tests	2025-12-26T03:51:42.1337874Z  ✓ src/commands/extensions/update.test.ts (8 tests) 21ms
smoke-test	Run Tests	2025-12-26T03:51:43.2674282Z  ✓ src/ui/components/messages/ToolMessage.test.tsx (12 tests) 326ms
smoke-test	Run Tests	2025-12-26T03:51:45.4473201Z stderr | src/config/config.integration.test.ts > Configuration Integration Tests > Approval Mode Integration Tests > 'should parse --approval-mode=auto_edi…'
smoke-test	Run Tests	2025-12-26T03:51:45.4476706Z failed to asynchronously prepare wasm: CompileError: WebAssembly.instantiate(): BufferSource argument is empty
smoke-test	Run Tests	2025-12-26T03:51:45.4480514Z Aborted(CompileError: WebAssembly.instantiate(): BufferSource argument is empty)
smoke-test	Run Tests	2025-12-26T03:51:45.4481032Z 
smoke-test	Run Tests	2025-12-26T03:51:45.4965821Z  ✓ src/ui/hooks/useGitBranchName.test.tsx (7 tests) 68ms
smoke-test	Run Tests	2025-12-26T03:51:45.6742707Z  ❯ src/config/config.integration.test.ts (14 tests | 7 failed) 616ms
smoke-test	Run Tests	2025-12-26T03:51:45.6744462Z    ✓ Configuration Integration Tests > File Filtering and Configuration > 'should load default file filtering se…' 15ms
smoke-test	Run Tests	2025-12-26T03:51:45.6753569Z    ✓ Configuration Integration Tests > File Filtering and Configuration > 'should load custom file filtering set…' 1ms
smoke-test	Run Tests	2025-12-26T03:51:45.6765534Z    ✓ Configuration Integration Tests > File Filtering and Configuration > 'should respect file filtering setting…' 1ms
smoke-test	Run Tests	2025-12-26T03:51:45.6767072Z    ✓ Configuration Integration Tests > File Filtering and Configuration > 'should handle empty fileFiltering obj…' 1ms
smoke-test	Run Tests	2025-12-26T03:51:45.6768489Z    ✓ Configuration Integration Tests > Real-world Configuration Scenarios > 'should handle a security-focused conf…' 1ms
smoke-test	Run Tests	2025-12-26T03:51:45.6769909Z    ✓ Configuration Integration Tests > Real-world Configuration Scenarios > 'should handle a CI/CD environment con…' 1ms
smoke-test	Run Tests	2025-12-26T03:51:45.6771341Z    ✓ Configuration Integration Tests > Checkpointing Configuration > should enable checkpointing when the setting is true 1ms
smoke-test	Run Tests	2025-12-26T03:51:45.6772856Z    × Configuration Integration Tests > Approval Mode Integration Tests > 'should parse --approval-mode=auto_edi…' 583ms
smoke-test	Run Tests	2025-12-26T03:51:45.6774308Z      → Aborted(CompileError: WebAssembly.instantiate(): BufferSource argument is empty). Build with -sASSERTIONS for more info.
smoke-test	Run Tests	2025-12-26T03:51:45.6775933Z    × Configuration Integration Tests > Approval Mode Integration Tests > 'should parse --approval-mode=yolo cor…' 2ms
smoke-test	Run Tests	2025-12-26T03:51:45.6777350Z      → Aborted(CompileError: WebAssembly.instantiate(): BufferSource argument is empty). Build with -sASSERTIONS for more info.
smoke-test	Run Tests	2025-12-26T03:51:45.6778793Z    × Configuration Integration Tests > Approval Mode Integration Tests > 'should parse --approval-mode=default …' 1ms
smoke-test	Run Tests	2025-12-26T03:51:45.6780219Z      → Aborted(CompileError: WebAssembly.instantiate(): BufferSource argument is empty). Build with -sASSERTIONS for more info.
smoke-test	Run Tests	2025-12-26T03:51:45.6782063Z    × Configuration Integration Tests > Approval Mode Integration Tests > 'should parse legacy --yolo flag corre…' 1ms
smoke-test	Run Tests	2025-12-26T03:51:45.6783596Z      → Aborted(CompileError: WebAssembly.instantiate(): BufferSource argument is empty). Build with -sASSERTIONS for more info.
smoke-test	Run Tests	2025-12-26T03:51:45.6785364Z    × Configuration Integration Tests > Approval Mode Integration Tests > 'should handle no approval mode argume…' 1ms
smoke-test	Run Tests	2025-12-26T03:51:45.6786927Z      → Aborted(CompileError: WebAssembly.instantiate(): BufferSource argument is empty). Build with -sASSERTIONS for more info.
smoke-test	Run Tests	2025-12-26T03:51:45.6788480Z    × Configuration Integration Tests > Approval Mode Integration Tests > 'should reject invalid approval mode v…' 1ms
smoke-test	Run Tests	2025-12-26T03:51:45.6790017Z      → Aborted(CompileError: WebAssembly.instantiate(): BufferSource argument is empty). Build with -sASSERTIONS for more info.
smoke-test	Run Tests	2025-12-26T03:51:45.6791501Z    × Configuration Integration Tests > Approval Mode Integration Tests > 'should reject conflicting --yolo and …' 1ms
smoke-test	Run Tests	2025-12-26T03:51:45.6793425Z      → Aborted(CompileError: WebAssembly.instantiate(): BufferSource argument is empty). Build with -sASSERTIONS for more info.
smoke-test	Run Tests	2025-12-26T03:51:46.6338334Z stdout | src/ui/hooks/useIncludeDirsTrust.test.tsx > useIncludeDirsTrust > when folder trust is enabled and workspace is trusted > should add trusted dirs, collect untrusted errors, and open dialog for undefined
smoke-test	Run Tests	2025-12-26T03:51:46.6345955Z Creating custom dialog with undecidedDirs: [ '/undefined' ]
smoke-test	Run Tests	2025-12-26T03:51:46.6346430Z 
smoke-test	Run Tests	2025-12-26T03:51:46.9246000Z  ✓ src/ui/hooks/useIncludeDirsTrust.test.tsx (6 tests) 159ms
smoke-test	Run Tests	2025-12-26T03:51:49.0644994Z  ✓ src/ui/App.test.tsx (11 tests) 144ms
smoke-test	Run Tests	2025-12-26T03:51:49.9098867Z stdout | src/gemini_cleanup.test.tsx > gemini.tsx main function cleanup > should log error when cleanupExpiredSessions fails
smoke-test	Run Tests	2025-12-26T03:51:49.9102874Z [DEBUG] CLI: main() called
smoke-test	Run Tests	2025-12-26T03:51:49.9103497Z 
smoke-test	Run Tests	2025-12-26T03:51:50.3103404Z  ✓ src/ui/components/messages/CompressionMessage.test.tsx (8 tests) 116ms
smoke-test	Run Tests	2025-12-26T03:51:50.7437169Z  ✓ src/gemini_cleanup.test.tsx (1 test) 528ms
smoke-test	Run Tests	2025-12-26T03:51:50.7439527Z    ✓ gemini.tsx main function cleanup > should log error when cleanupExpiredSessions fails  526ms
smoke-test	Run Tests	2025-12-26T03:51:51.5457007Z stdout | src/commands/mcp/remove.test.ts > mcp remove command > unit tests with mocks > should remove a server from project settings
smoke-test	Run Tests	2025-12-26T03:51:51.5459893Z Server "test-server" removed from project settings.
smoke-test	Run Tests	2025-12-26T03:51:51.5460495Z 
smoke-test	Run Tests	2025-12-26T03:51:51.8243359Z  ✓ src/commands/mcp/remove.test.ts (6 tests) 95ms
smoke-test	Run Tests	2025-12-26T03:51:53.8996736Z  ✓ src/ui/components/PermissionsModifyTrustDialog.test.tsx (7 tests) 273ms
smoke-test	Run Tests	2025-12-26T03:51:54.2313706Z  ✓ src/ui/hooks/useLoadingIndicator.test.tsx (6 tests) 57ms
smoke-test	Run Tests	2025-12-26T03:51:54.3346252Z  ✓ src/ui/utils/textUtils.test.ts (10 tests) 12ms
smoke-test	Run Tests	2025-12-26T03:51:56.3794563Z  ✓ src/ui/components/ThemeDialog.test.tsx (9 tests) 1087ms
smoke-test	Run Tests	2025-12-26T03:51:56.3802410Z    ✓ ThemeDialog Snapshots > should render correctly in theme selection mode  368ms
smoke-test	Run Tests	2025-12-26T03:51:57.6744170Z  ✓ src/ui/hooks/useHistoryManager.test.ts (8 tests) 51ms
smoke-test	Run Tests	2025-12-26T03:51:57.8241415Z  ✓ src/ui/contexts/SessionContext.test.tsx (4 tests) 52ms
smoke-test	Run Tests	2025-12-26T03:51:58.0813847Z  ✓ src/config/extensions/github_fetch.test.ts (8 tests) 11ms
smoke-test	Run Tests	2025-12-26T03:51:59.5612915Z  ✓ src/commands/extensions/enable.test.ts (7 tests) 28ms
smoke-test	Run Tests	2025-12-26T03:52:01.6085933Z  ✓ src/ui/components/ToolStatsDisplay.test.tsx (5 tests) 163ms
smoke-test	Run Tests	2025-12-26T03:52:01.7232447Z  ✓ src/ui/components/messages/ToolConfirmationMessage.test.tsx (12 tests) 311ms
smoke-test	Run Tests	2025-12-26T03:52:03.6919033Z  ✓ src/ui/utils/MarkdownDisplay.test.tsx (30 tests) 578ms
smoke-test	Run Tests	2025-12-26T03:52:04.1758623Z stderr | src/ui/themes/theme-manager.test.ts > ThemeManager > when loading a theme from a file > should not load a theme if the file does not exist
smoke-test	Run Tests	2025-12-26T03:52:04.1761154Z Theme file at "./my-theme.json" is outside your home directory. Only load themes from trusted sources.
smoke-test	Run Tests	2025-12-26T03:52:04.1762968Z 
smoke-test	Run Tests	2025-12-26T03:52:04.1776131Z stderr | src/ui/themes/theme-manager.test.ts > ThemeManager > when loading a theme from a file > should not load a theme from a file with invalid JSON
smoke-test	Run Tests	2025-12-26T03:52:04.1781635Z Theme file at "./my-theme.json" is outside your home directory. Only load themes from trusted sources.
smoke-test	Run Tests	2025-12-26T03:52:04.1786839Z 
smoke-test	Run Tests	2025-12-26T03:52:04.3892509Z  ✓ src/ui/themes/theme-manager.test.ts (12 tests) 35ms
smoke-test	Run Tests	2025-12-26T03:52:04.6790037Z  ✓ src/commands/extensions/link.test.ts (5 tests) 16ms
smoke-test	Run Tests	2025-12-26T03:52:06.6005145Z  ✓ src/commands/mcp/list.test.ts (4 tests) 14ms
smoke-test	Run Tests	2025-12-26T03:52:07.8047770Z  ✓ src/ui/contexts/MouseContext.test.tsx (15 tests) 56ms
smoke-test	Run Tests	2025-12-26T03:52:08.2614329Z  ✓ src/ui/components/DialogManager.test.tsx (18 tests) 124ms
smoke-test	Run Tests	2025-12-26T03:52:10.1176364Z  ✓ src/ui/components/shared/RadioButtonSelect.test.tsx (5 tests) 55ms
smoke-test	Run Tests	2025-12-26T03:52:10.5050090Z  ✓ src/ui/utils/terminalCapabilityManager.test.ts (7 tests) 18ms
smoke-test	Run Tests	2025-12-26T03:52:10.5312346Z stdout | src/commands/extensions/install.test.ts > handleInstall > should install an extension from a http source
smoke-test	Run Tests	2025-12-26T03:52:10.5315925Z Extension "http-extension" installed successfully and enabled.
smoke-test	Run Tests	2025-12-26T03:52:10.5317304Z 
smoke-test	Run Tests	2025-12-26T03:52:10.5334291Z stdout | src/commands/extensions/install.test.ts > handleInstall > should install an extension from a https source
smoke-test	Run Tests	2025-12-26T03:52:10.5335573Z Extension "https-extension" installed successfully and enabled.
smoke-test	Run Tests	2025-12-26T03:52:10.5336033Z 
smoke-test	Run Tests	2025-12-26T03:52:10.5341308Z stdout | src/commands/extensions/install.test.ts > handleInstall > should install an extension from a git source
smoke-test	Run Tests	2025-12-26T03:52:10.5343637Z Extension "git-extension" installed successfully and enabled.
smoke-test	Run Tests	2025-12-26T03:52:10.5344086Z 
smoke-test	Run Tests	2025-12-26T03:52:10.5360165Z stdout | src/commands/extensions/install.test.ts > handleInstall > should install an extension from a sso source
smoke-test	Run Tests	2025-12-26T03:52:10.5363670Z Extension "sso-extension" installed successfully and enabled.
smoke-test	Run Tests	2025-12-26T03:52:10.5364131Z 
smoke-test	Run Tests	2025-12-26T03:52:10.5370168Z stdout | src/commands/extensions/install.test.ts > handleInstall > should install an extension from a local path
smoke-test	Run Tests	2025-12-26T03:52:10.5372232Z Extension "local-extension" installed successfully and enabled.
smoke-test	Run Tests	2025-12-26T03:52:10.5372690Z 
smoke-test	Run Tests	2025-12-26T03:52:10.6923414Z  ✓ src/commands/extensions/install.test.ts (8 tests) 33ms
smoke-test	Run Tests	2025-12-26T03:52:11.9187739Z  ✓ src/ui/components/AppHeader.test.tsx (8 tests) 211ms
smoke-test	Run Tests	2025-12-26T03:52:13.1668308Z  ✓ src/ui/components/Notifications.test.tsx (8 tests) 102ms
smoke-test	Run Tests	2025-12-26T03:52:13.5219232Z  ✓ src/config/settings_repro.test.ts (1 test) 13ms
smoke-test	Run Tests	2025-12-26T03:52:14.5083298Z  ✓ src/ui/components/messages/ShellToolMessage.test.tsx (3 tests) 181ms
smoke-test	Run Tests	2025-12-26T03:52:16.5092004Z  ✓ src/ui/hooks/useConsoleMessages.test.tsx (7 tests) 60ms
smoke-test	Run Tests	2025-12-26T03:52:16.9885702Z  ✓ src/utils/sandboxUtils.test.ts (17 tests) 29ms
smoke-test	Run Tests	2025-12-26T03:52:17.0268534Z  ✓ src/ui/components/views/McpStatus.test.tsx (12 tests) 174ms
smoke-test	Run Tests	2025-12-26T03:52:17.2016440Z  ✓ src/ui/utils/terminalSetup.test.ts (9 tests) 20ms
smoke-test	Run Tests	2025-12-26T03:52:19.6255017Z stdout | src/ui/commands/aboutCommand.test.ts > aboutCommand > should call addItem with all version info
smoke-test	Run Tests	2025-12-26T03:52:19.6256695Z AboutCommand: Retrieved cached Google account { cachedAccount: 'test-email@example.com' }
smoke-test	Run Tests	2025-12-26T03:52:19.6296842Z 
smoke-test	Run Tests	2025-12-26T03:52:19.6297643Z stdout | src/ui/commands/aboutCommand.test.ts > aboutCommand > should show the correct sandbox environment variable
smoke-test	Run Tests	2025-12-26T03:52:19.6298968Z AboutCommand: Retrieved cached Google account { cachedAccount: 'test-email@example.com' }
smoke-test	Run Tests	2025-12-26T03:52:19.6299567Z 
smoke-test	Run Tests	2025-12-26T03:52:19.6308895Z stdout | src/ui/commands/aboutCommand.test.ts > aboutCommand > should show sandbox-exec profile when applicable
smoke-test	Run Tests	2025-12-26T03:52:19.6313497Z AboutCommand: Retrieved cached Google account { cachedAccount: 'test-email@example.com' }
smoke-test	Run Tests	2025-12-26T03:52:19.6315782Z 
smoke-test	Run Tests	2025-12-26T03:52:19.6320867Z stdout | src/ui/commands/aboutCommand.test.ts > aboutCommand > should not show ide client when it is not detected
smoke-test	Run Tests	2025-12-26T03:52:19.6324629Z AboutCommand: Retrieved cached Google account { cachedAccount: 'test-email@example.com' }
smoke-test	Run Tests	2025-12-26T03:52:19.6328005Z 
smoke-test	Run Tests	2025-12-26T03:52:19.8230119Z  ✓ src/ui/commands/aboutCommand.test.ts (5 tests) 22ms
smoke-test	Run Tests	2025-12-26T03:52:19.9065230Z  ✓ src/ui/utils/mouse.test.ts (17 tests) 11ms
smoke-test	Run Tests	2025-12-26T03:52:20.8656255Z  ✓ src/ui/components/messages/ToolResultDisplay.test.tsx (8 tests) 515ms
smoke-test	Run Tests	2025-12-26T03:52:20.8664294Z    ✓ ToolResultDisplay > truncates very long string results  439ms
smoke-test	Run Tests	2025-12-26T03:52:21.3347277Z  ✓ src/ui/utils/highlight.test.ts (16 tests) 14ms
smoke-test	Run Tests	2025-12-26T03:52:21.6625998Z  ✓ src/ui/utils/updateCheck.test.ts (10 tests) 15ms
smoke-test	Run Tests	2025-12-26T03:52:23.3516052Z  ✓ src/ui/components/messages/Todo.test.tsx (14 tests) 150ms
smoke-test	Run Tests	2025-12-26T03:52:23.6367593Z  ✓ src/ui/components/AlternateBufferQuittingDisplay.test.tsx (5 tests) 198ms
smoke-test	Run Tests	2025-12-26T03:52:23.7622606Z  ✓ src/utils/commands.test.ts (12 tests) 13ms
smoke-test	Run Tests	2025-12-26T03:52:25.0873725Z  ✓ src/ui/hooks/useFlickerDetector.test.ts (6 tests) 32ms
smoke-test	Run Tests	2025-12-26T03:52:25.4690012Z  ✓ src/config/keyBindings.test.ts (6 tests) 34ms
smoke-test	Run Tests	2025-12-26T03:52:25.8095417Z  ✓ src/utils/cleanup.test.ts (8 tests) 27ms
smoke-test	Run Tests	2025-12-26T03:52:26.6948433Z  ✓ src/commands/extensions/list.test.ts (5 tests) 16ms
smoke-test	Run Tests	2025-12-26T03:52:26.9543971Z  ✓ src/ui/hooks/useFocus.test.tsx (6 tests) 35ms
smoke-test	Run Tests	2025-12-26T03:52:29.2689979Z  ✓ src/ui/components/shared/EnumSelector.test.tsx (9 tests) 124ms
smoke-test	Run Tests	2025-12-26T03:52:30.0624342Z  ✓ src/ui/hooks/useBanner.test.ts (6 tests) 28ms
smoke-test	Run Tests	2025-12-26T03:52:30.7090391Z  ✓ src/ui/components/FolderTrustDialog.test.tsx (8 tests) 364ms
smoke-test	Run Tests	2025-12-26T03:52:32.1862482Z  ✓ src/ui/commands/authCommand.test.ts (9 tests) 15ms
smoke-test	Run Tests	2025-12-26T03:52:33.4459400Z  ✓ src/ui/hooks/useTimer.test.tsx (8 tests) 38ms
smoke-test	Run Tests	2025-12-26T03:52:33.4604028Z  ✓ src/ui/commands/compressCommand.test.ts (5 tests) 20ms
smoke-test	Run Tests	2025-12-26T03:52:35.7150433Z  ✓ src/ui/privacy/CloudFreePrivacyNotice.test.tsx (9 tests) 177ms
smoke-test	Run Tests	2025-12-26T03:52:35.9719319Z stdout | src/utils/gitUtils.test.ts > isGitHubRepository > returns false if the git command fails
smoke-test	Run Tests	2025-12-26T03:52:35.9724200Z Failed to get git remote: Error: oops
smoke-test	Run Tests	2025-12-26T03:52:35.9729298Z     at /home/runner/work/terminaI/terminaI/packages/cli/src/utils/gitUtils.test.ts:30:13
smoke-test	Run Tests	2025-12-26T03:52:35.9733360Z     at mockCall (file:///home/runner/work/terminaI/terminaI/node_modules/@vitest/spy/dist/index.js:96:15)
smoke-test	Run Tests	2025-12-26T03:52:35.9736238Z     at execSync (file:///home/runner/work/terminaI/terminaI/node_modules/tinyspy/dist/index.js:47:80)
smoke-test	Run Tests	2025-12-26T03:52:35.9749313Z     at Module.isGitHubRepository (/home/runner/work/terminaI/terminaI/packages/cli/src/utils/gitUtils.ts:19:7)
smoke-test	Run Tests	2025-12-26T03:52:35.9750510Z     at /home/runner/work/terminaI/terminaI/packages/cli/src/utils/gitUtils.test.ts:32:12
smoke-test	Run Tests	2025-12-26T03:52:35.9751614Z     at file:///home/runner/work/terminaI/terminaI/node_modules/@vitest/runner/dist/chunk-hooks.js:155:11
smoke-test	Run Tests	2025-12-26T03:52:35.9752790Z     at file:///home/runner/work/terminaI/terminaI/node_modules/@vitest/runner/dist/chunk-hooks.js:752:26
smoke-test	Run Tests	2025-12-26T03:52:35.9753943Z     at file:///home/runner/work/terminaI/terminaI/node_modules/@vitest/runner/dist/chunk-hooks.js:1897:20
smoke-test	Run Tests	2025-12-26T03:52:35.9755037Z     at new Promise (<anonymous>)
smoke-test	Run Tests	2025-12-26T03:52:35.9755919Z     at runWithTimeout (file:///home/runner/work/terminaI/terminaI/node_modules/@vitest/runner/dist/chunk-hooks.js:1863:10)
smoke-test	Run Tests	2025-12-26T03:52:35.9756677Z 
smoke-test	Run Tests	2025-12-26T03:52:35.9805964Z stdout | src/utils/gitUtils.test.ts > getLatestRelease > throws an error if the fetch fails
smoke-test	Run Tests	2025-12-26T03:52:35.9812675Z Failed to determine latest run-gemini-cli release: nope
smoke-test	Run Tests	2025-12-26T03:52:35.9813098Z 
smoke-test	Run Tests	2025-12-26T03:52:35.9821100Z stdout | src/utils/gitUtils.test.ts > getLatestRelease > throws an error if the fetch does not return a json body
smoke-test	Run Tests	2025-12-26T03:52:35.9826342Z Failed to determine latest run-gemini-cli release: Error: Response did not include tag_name field
smoke-test	Run Tests	2025-12-26T03:52:35.9827595Z     at Module.getLatestGitHubRelease (/home/runner/work/terminaI/terminaI/packages/cli/src/utils/gitUtils.ts:84:13)
smoke-test	Run Tests	2025-12-26T03:52:35.9828732Z     at processTicksAndRejections (node:internal/process/task_queues:95:5)
smoke-test	Run Tests	2025-12-26T03:52:35.9830235Z     at /home/runner/work/terminaI/terminaI/packages/cli/src/utils/gitUtils.test.ts:136:5
smoke-test	Run Tests	2025-12-26T03:52:35.9831330Z     at file:///home/runner/work/terminaI/terminaI/node_modules/@vitest/runner/dist/chunk-hooks.js:752:20
smoke-test	Run Tests	2025-12-26T03:52:35.9831996Z 
smoke-test	Run Tests	2025-12-26T03:52:36.1627123Z  ✓ src/ui/commands/bugCommand.test.ts (2 tests) 10ms
smoke-test	Run Tests	2025-12-26T03:52:36.1960936Z  ✓ src/utils/gitUtils.test.ts (12 tests) 28ms
smoke-test	Run Tests	2025-12-26T03:52:38.5108125Z  ✓ src/core/initializer.test.ts (5 tests) 17ms
smoke-test	Run Tests	2025-12-26T03:52:38.9207127Z  ✓ src/commands/extensions/examples/mcp-server/example.test.ts (7 tests) 40ms
smoke-test	Run Tests	2025-12-26T03:52:39.6040176Z  ✓ src/ui/components/ConfigInitDisplay.test.tsx (4 tests) 67ms
smoke-test	Run Tests	2025-12-26T03:52:39.6611831Z  ✓ src/ui/auth/ApiAuthDialog.test.tsx (6 tests) 130ms
smoke-test	Run Tests	2025-12-26T03:52:40.0701126Z  ✓ src/utils/readStdin.test.ts (6 tests) 35ms
smoke-test	Run Tests	2025-12-26T03:52:40.5023874Z  ✓ src/ui/commands/permissionsCommand.test.ts (7 tests) 23ms
smoke-test	Run Tests	2025-12-26T03:52:41.7608838Z stdout | src/commands/extensions/validate.test.ts > handleValidate > should validate an extension from a local dir
smoke-test	Run Tests	2025-12-26T03:52:41.7635508Z Extension local-ext-name has been successfully validated.
smoke-test	Run Tests	2025-12-26T03:52:41.7636362Z 
smoke-test	Run Tests	2025-12-26T03:52:41.7748601Z stderr | src/commands/extensions/validate.test.ts > handleValidate > should warn if version is not formatted with semver
smoke-test	Run Tests	2025-12-26T03:52:41.7754104Z Validation warnings:
smoke-test	Run Tests	2025-12-26T03:52:41.7755127Z stdout | src/commands/extensions/validate.test.ts > handleValidate > should warn if version is not formatted with semver
smoke-test	Run Tests	2025-12-26T03:52:41.7756116Z Extension valid-name has been successfully validated.
smoke-test	Run Tests	2025-12-26T03:52:41.7757104Z   - Warning: Version '1' does not appear to be standard semver (e.g., 1.0.0).
smoke-test	Run Tests	2025-12-26T03:52:41.7757585Z 
smoke-test	Run Tests	2025-12-26T03:52:41.7757745Z 
smoke-test	Run Tests	2025-12-26T03:52:41.9837650Z  ✓ src/commands/extensions/validate.test.ts (5 tests) 49ms
smoke-test	Run Tests	2025-12-26T03:52:43.0161859Z  ✓ src/ui/hooks/usePrivacySettings.test.tsx (4 tests) 89ms
smoke-test	Run Tests	2025-12-26T03:52:44.2199315Z  ✓ src/ui/components/GradientRegression.test.tsx (5 tests) 306ms
smoke-test	Run Tests	2025-12-26T03:52:44.2453833Z stderr | ../../node_modules/react-reconciler/cjs/react-reconciler.development.js:13614:19
smoke-test	Run Tests	2025-12-26T03:52:44.2455448Z An update to Header inside a test was not wrapped in act(...).
smoke-test	Run Tests	2025-12-26T03:52:44.2459399Z 
smoke-test	Run Tests	2025-12-26T03:52:44.2460307Z When testing, code that causes React state updates should be wrapped into act(...):
smoke-test	Run Tests	2025-12-26T03:52:44.2462611Z 
smoke-test	Run Tests	2025-12-26T03:52:44.2462780Z act(() => {
smoke-test	Run Tests	2025-12-26T03:52:44.2463112Z   /* fire events that update state */
smoke-test	Run Tests	2025-12-26T03:52:44.2463493Z });
smoke-test	Run Tests	2025-12-26T03:52:44.2463752Z /* assert on the output */
smoke-test	Run Tests	2025-12-26T03:52:44.2463998Z 
smoke-test	Run Tests	2025-12-26T03:52:44.2464641Z This ensures that you're testing the behavior the user would see in the browser. Learn more at https://react.dev/link/wrap-tests-with-act
smoke-test	Run Tests	2025-12-26T03:52:44.2465645Z 
smoke-test	Run Tests	2025-12-26T03:52:45.2851546Z  ✓ src/ui/components/PrepareLabel.test.tsx (6 tests) 77ms
smoke-test	Run Tests	2025-12-26T03:52:46.4840938Z  ✓ src/ui/hooks/useAnimatedScrollbar.test.tsx (7 tests) 54ms
smoke-test	Run Tests	2025-12-26T03:52:46.8612158Z  ✓ src/ui/commands/toolsCommand.test.ts (4 tests) 19ms
smoke-test	Run Tests	2025-12-26T03:52:46.9379457Z  ✓ src/ui/commands/clearCommand.test.ts (2 tests) 15ms
smoke-test	Run Tests	2025-12-26T03:52:47.3650835Z 
smoke-test	Run Tests	2025-12-26T03:52:47.3680312Z 🌐 Web Remote available at: http://127.0.0.1:41242/ui?token=0f4486c8e1df46d02a95e41af5a8d49451a5c373ea68d346de7d2ce81d53a9ee
smoke-test	Run Tests	2025-12-26T03:52:47.3681650Z    (assets served from /home/runner/work/terminaI/terminaI/packages/cli/packages/web-client)
smoke-test	Run Tests	2025-12-26T03:52:47.3682777Z stdout | src/utils/webRemoteServer.test.ts > webRemoteServer > starts server and sets allowed origins
smoke-test	Run Tests	2025-12-26T03:52:47.3683798Z ▄▄▄▄▄▄▄▄▄▄▄▄▄▄▄▄▄▄▄▄▄▄▄▄▄▄▄▄▄▄▄▄▄▄▄▄▄▄▄
smoke-test	Run Tests	2025-12-26T03:52:47.3684378Z █ ▄▄▄▄▄ █▄▀▀▄▄ ▄█▀  ▀████▄ ▀█ █ ▄▄▄▄▄ █
smoke-test	Run Tests	2025-12-26T03:52:47.3685102Z █ █   █ ███▄█   █ ▀▀▄▄ ▀█  █ ██ █   █ █
smoke-test	Run Tests	2025-12-26T03:52:47.3685601Z █ █▄▄▄█ ██▄▀▄▀▄██ ▄▀▄ ▄▄▀▀▀ █▀█ █▄▄▄█ █
smoke-test	Run Tests	2025-12-26T03:52:47.3686109Z █▄▄▄▄▄▄▄█ █ ▀▄▀ ▀▄█▄▀ █ ▀ ▀ ▀ █▄▄▄▄▄▄▄█
smoke-test	Run Tests	2025-12-26T03:52:47.3686626Z █▄▄▀ ▄█▄▀█▄▄▄▀██ ▀▄▄ ██▀▀▀██▀▄▀▄█▀▀██▄█
smoke-test	Run Tests	2025-12-26T03:52:47.3687795Z █▀ ▀█ █▄ ▀▄▀ ▀█ ▄█▀███▄▄  ██▄▄▄ ▀▄█  ▄█
smoke-test	Run Tests	2025-12-26T03:52:47.3688337Z █▀▀▀ ▄▄▄ ▀▀ ▄▄▀▀  █▄▄▀█  ▀▀▄   ▄▀▀ ▀ ██
smoke-test	Run Tests	2025-12-26T03:52:47.3688890Z █▀█  ▄▄▄▄▄██ ▄▄  █▄▄▄▄▄▀█▄▄  ▀█▄▄▄█▀█ █
smoke-test	Run Tests	2025-12-26T03:52:47.3689407Z █  ▄█▄█▄  █ ▀▀▄   ▀▀▀███▄▄  ▀█▄▄▄██ ▄▄█
smoke-test	Run Tests	2025-12-26T03:52:47.3689891Z █▄█ ▄█▄▄█▀ ▄▄▀ █▄▀▄█ ▄▄  ▄   ▀█ ▀ █▄█ █
smoke-test	Run Tests	2025-12-26T03:52:47.3690391Z █▀ █▄ ▄▄▄██▄█▄██ ▄▄▀  █▀▀▀██▀▄▀▄█ █▀ ▄█
smoke-test	Run Tests	2025-12-26T03:52:47.3690912Z ███ ▀▀▄▄▀▀▀▄█▄▄ ▄█ ▄██▄█ ▄▄█▄█ ▄▀▀▄ ▀ █
smoke-test	Run Tests	2025-12-26T03:52:47.3691441Z █ ▀▀▀▄▄▄▀ ▀ █▀▀▀  █▄█▀██ ▀▀▀ ▀▄▄ ▀▀█▀▄█
smoke-test	Run Tests	2025-12-26T03:52:47.3691996Z █ ▄▀▀█ ▄▄ ▀▄█▀▄█ ▄▄▀▄██▀▀▄██ █ █▄▀█▀▄ █
smoke-test	Run Tests	2025-12-26T03:52:47.3692516Z █▄██▄▄█▄█ ▄▀ ▄    █▄▀███▄▄  ▀ ▄▄▄  ▄ ██
smoke-test	Run Tests	2025-12-26T03:52:47.3693003Z █ ▄▄▄▄▄ ██▄█▀▄ ▄▄ ▄  ▄▄▀▄▄  █ █▄█ ▄██ █
smoke-test	Run Tests	2025-12-26T03:52:47.3693502Z █ █   █ █ ▄▀▄ █  ▀▄▀ ██▀▀▄█      ▄█▀█▄█
smoke-test	Run Tests	2025-12-26T03:52:47.3694010Z █ █▄▄▄█ █▀██ ██▀   ▀█▄▄█ ▀█▀▄▄█▀█ ▄▀▀ █
smoke-test	Run Tests	2025-12-26T03:52:47.3694536Z █▄▄▄▄▄▄▄█▄▄█▄▄██▄██▄███▄▄██▄█▄█▄██▄██▄█
smoke-test	Run Tests	2025-12-26T03:52:47.3695128Z 
smoke-test	Run Tests	2025-12-26T03:52:47.3695483Z 
smoke-test	Run Tests	2025-12-26T03:52:47.3873920Z  ✓ src/utils/webRemoteServer.test.ts (3 tests) 123ms
smoke-test	Run Tests	2025-12-26T03:52:48.5167577Z  ✓ src/ui/components/AnsiOutput.test.tsx (12 tests) 90ms
smoke-test	Run Tests	2025-12-26T03:52:50.1343498Z  ✓ src/ui/commands/policiesCommand.test.ts (4 tests) 17ms
smoke-test	Run Tests	2025-12-26T03:52:50.3266788Z  ✓ src/ui/components/views/ExtensionsList.test.tsx (10 tests) 88ms
smoke-test	Run Tests	2025-12-26T03:52:50.7058344Z  ✓ src/utils/dialogScopeUtils.test.ts (4 tests) 8ms
smoke-test	Run Tests	2025-12-26T03:52:51.0358826Z  ✓ src/zed-integration/fileSystemService.test.ts (4 tests) 10ms
smoke-test	Run Tests	2025-12-26T03:52:51.4453999Z  ✓ src/config/extensions/variables.test.ts (10 tests) 15ms
smoke-test	Run Tests	2025-12-26T03:52:51.8087821Z  ✓ src/ui/commands/statsCommand.test.ts (4 tests) 24ms
smoke-test	Run Tests	2025-12-26T03:52:53.6341564Z  ✓ src/ui/components/shared/Scrollable.test.tsx (4 tests) 123ms
smoke-test	Run Tests	2025-12-26T03:52:53.7202570Z  ✓ src/ui/commands/initCommand.test.ts (3 tests) 13ms
smoke-test	Run Tests	2025-12-26T03:52:55.1955694Z  ✓ src/ui/components/ConsentPrompt.test.tsx (5 tests) 104ms
smoke-test	Run Tests	2025-12-26T03:52:55.5553947Z  ✓ src/ui/utils/textOutput.test.ts (10 tests) 18ms
smoke-test	Run Tests	2025-12-26T03:52:56.3788394Z  ✓ src/config/auth.test.ts (8 tests) 8ms
smoke-test	Run Tests	2025-12-26T03:52:56.7895829Z  ✓ src/utils/userStartupWarnings.test.ts (5 tests) 18ms
smoke-test	Run Tests	2025-12-26T03:52:57.0441261Z  ✓ src/ui/components/SuggestionsDisplay.test.tsx (6 tests) 100ms
smoke-test	Run Tests	2025-12-26T03:52:57.7349699Z  ✓ src/ui/commands/docsCommand.test.ts (3 tests) 17ms
smoke-test	Run Tests	2025-12-26T03:52:58.0181075Z stdout | src/commands/extensions/new.test.ts > extensions new command > should create directory when no template is provided
smoke-test	Run Tests	2025-12-26T03:52:58.0184995Z Successfully created new extension at /some/path.
smoke-test	Run Tests	2025-12-26T03:52:58.0187968Z You can install this using "gemini extensions link /some/path" to test it out.
smoke-test	Run Tests	2025-12-26T03:52:58.0190446Z 
smoke-test	Run Tests	2025-12-26T03:52:58.0276614Z stdout | src/commands/extensions/new.test.ts > extensions new command > should create directory and copy files when path does not exist
smoke-test	Run Tests	2025-12-26T03:52:58.0282361Z Successfully created new extension from template "context" at /some/path.
smoke-test	Run Tests	2025-12-26T03:52:58.0283673Z You can install this using "gemini extensions link /some/path" to test it out.
smoke-test	Run Tests	2025-12-26T03:52:58.0284153Z 
smoke-test	Run Tests	2025-12-26T03:52:58.2511736Z  ✓ src/commands/extensions/new.test.ts (4 tests) 51ms
smoke-test	Run Tests	2025-12-26T03:53:00.1805182Z  ✓ src/ui/components/ContextSummaryDisplay.test.tsx (4 tests) 80ms
smoke-test	Run Tests	2025-12-26T03:53:00.6313650Z  ✓ src/commands/extensions.test.tsx (3 tests) 14ms
smoke-test	Run Tests	2025-12-26T03:53:01.7966929Z  ✓ src/ui/components/IdeTrustChangeDialog.test.tsx (6 tests) 165ms
smoke-test	Run Tests	2025-12-26T03:53:03.0491797Z  ✓ src/config/extensions/storage.test.ts (5 tests) 27ms
smoke-test	Run Tests	2025-12-26T03:53:04.1360020Z  ✓ src/test-utils/render.test.tsx (6 tests) 58ms
smoke-test	Run Tests	2025-12-26T03:53:05.2898918Z  ✓ src/ui/components/ShellInputPrompt.test.tsx (7 tests) 38ms
smoke-test	Run Tests	2025-12-26T03:53:05.8559279Z  ✓ src/ui/utils/displayUtils.test.ts (8 tests) 12ms
smoke-test	Run Tests	2025-12-26T03:53:07.6044154Z  ✓ src/ui/components/GeminiRespondingSpinner.test.tsx (5 tests) 58ms
smoke-test	Run Tests	2025-12-26T03:53:08.0519513Z  ✓ src/utils/persistentState.test.ts (5 tests) 20ms
smoke-test	Run Tests	2025-12-26T03:53:08.7365451Z  ✓ src/ui/hooks/useBatchedScroll.test.ts (7 tests) 37ms
smoke-test	Run Tests	2025-12-26T03:53:09.3774416Z  ✓ src/ui/components/LogoutConfirmationDialog.test.tsx (5 tests) 139ms
smoke-test	Run Tests	2025-12-26T03:53:10.7985448Z  ✓ src/ui/commands/terminalSetupCommand.test.ts (5 tests) 9ms
smoke-test	Run Tests	2025-12-26T03:53:12.5793159Z  ✓ src/ui/auth/AuthInProgress.test.tsx (5 tests) 68ms
smoke-test	Run Tests	2025-12-26T03:53:13.5437330Z  ✓ src/commands/mcp.test.ts (3 tests) 38ms
smoke-test	Run Tests	2025-12-26T03:53:14.2852769Z  ✓ src/ui/components/QueuedMessageDisplay.test.tsx (5 tests) 84ms
smoke-test	Run Tests	2025-12-26T03:53:16.2702493Z  ✓ src/utils/startupWarnings.test.ts (4 tests) 9ms
smoke-test	Run Tests	2025-12-26T03:53:16.5060857Z  ✓ src/ui/components/messages/ToolMessageRawMarkdown.test.tsx (6 tests) 191ms
smoke-test	Run Tests	2025-12-26T03:53:17.6694634Z  ✓ src/ui/components/shared/DescriptiveRadioButtonSelect.test.tsx (2 tests) 119ms
smoke-test	Run Tests	2025-12-26T03:53:19.7953534Z  ✓ src/ui/hooks/useMouseClick.test.ts (2 tests) 36ms
smoke-test	Run Tests	2025-12-26T03:53:20.0690788Z  ✓ src/ui/components/SessionSummaryDisplay.test.tsx (1 test) 105ms
smoke-test	Run Tests	2025-12-26T03:53:21.2245200Z  ✓ src/ui/hooks/useMemoryMonitor.test.tsx (3 tests) 41ms
smoke-test	Run Tests	2025-12-26T03:53:22.7499604Z  ✓ src/ui/utils/ui-sizing.test.ts (10 tests) 11ms
smoke-test	Run Tests	2025-12-26T03:53:23.0976565Z  ✓ src/ui/utils/markdownUtilities.test.ts (7 tests) 9ms
smoke-test	Run Tests	2025-12-26T03:53:23.4001104Z  ✓ src/ui/utils/formatters.test.ts (14 tests) 9ms
smoke-test	Run Tests	2025-12-26T03:53:23.5679500Z  ✓ src/ui/components/DetailedMessagesDisplay.test.tsx (3 tests) 88ms
smoke-test	Run Tests	2025-12-26T03:53:24.6080298Z  ✓ src/ui/hooks/useMouse.test.ts (4 tests) 60ms
smoke-test	Run Tests	2025-12-26T03:53:26.6776877Z  ✓ src/ui/hooks/useReactToolScheduler.test.ts (1 test) 32ms
smoke-test	Run Tests	2025-12-26T03:53:27.0495617Z  ✓ src/ui/components/ShowMoreLines.test.tsx (5 tests) 36ms
smoke-test	Run Tests	2025-12-26T03:53:28.0660413Z  ✓ src/ui/privacy/PrivacyNotice.test.tsx (4 tests) 66ms
smoke-test	Run Tests	2025-12-26T03:53:28.4670785Z  ✓ src/voice/stt/StreamingWhisper.test.ts (2 tests) 24ms
smoke-test	Run Tests	2025-12-26T03:53:28.7788926Z  ✓ src/test-utils/mockCommandContext.test.ts (3 tests) 9ms
smoke-test	Run Tests	2025-12-26T03:53:29.1088394Z  ✓ src/utils/windowTitle.test.ts (7 tests) 14ms
smoke-test	Run Tests	2025-12-26T03:53:29.4357089Z  ✓ src/ui/utils/directoryUtils.test.ts (5 tests) 6ms
smoke-test	Run Tests	2025-12-26T03:53:30.2084570Z  ✓ src/ui/components/Help.test.tsx (3 tests) 186ms
smoke-test	Run Tests	2025-12-26T03:53:30.6427991Z  ✓ src/ui/components/AboutBox.test.tsx (8 tests) 163ms
smoke-test	Run Tests	2025-12-26T03:53:32.2858821Z  ✓ src/ui/utils/clipboardUtils.windows.test.ts (1 test) 6ms
smoke-test	Run Tests	2025-12-26T03:53:33.6976950Z  ✓ src/ui/components/ExitWarning.test.tsx (4 tests) 52ms
smoke-test	Run Tests	2025-12-26T03:53:34.2071827Z  ✓ src/ui/components/Table.test.tsx (3 tests) 85ms
smoke-test	Run Tests	2025-12-26T03:53:34.6012925Z  ✓ src/ui/utils/input.test.ts (6 tests) 7ms
smoke-test	Run Tests	2025-12-26T03:53:35.6719652Z  ✓ src/ui/components/QuittingDisplay.test.tsx (2 tests) 46ms
smoke-test	Run Tests	2025-12-26T03:53:37.1593233Z  ✓ src/ui/utils/CodeColorizer.test.tsx (1 test) 64ms
smoke-test	Run Tests	2025-12-26T03:53:38.1401727Z  ✓ src/ui/components/ShellConfirmationDialog.test.tsx (4 tests) 202ms
smoke-test	Run Tests	2025-12-26T03:53:39.2209308Z  ✓ src/ui/components/views/ToolsList.test.tsx (3 tests) 131ms
smoke-test	Run Tests	2025-12-26T03:53:39.5912485Z  ✓ src/core/auth.test.ts (3 tests) 10ms
smoke-test	Run Tests	2025-12-26T03:53:39.8767007Z  ✓ src/voice/ConversationStack.test.ts (4 tests) 7ms
smoke-test	Run Tests	2025-12-26T03:53:40.0697152Z  ✓ src/core/theme.test.ts (3 tests) 9ms
smoke-test	Run Tests	2025-12-26T03:53:40.1323579Z  ✓ src/ui/commands/modelCommand.test.ts (3 tests) 10ms
smoke-test	Run Tests	2025-12-26T03:53:40.8365570Z  ✓ src/ui/commands/sessionsCommand.test.ts (4 tests) 9ms
smoke-test	Run Tests	2025-12-26T03:53:41.2133812Z  ✓ src/ui/components/ContextUsageDisplay.test.tsx (3 tests) 48ms
smoke-test	Run Tests	2025-12-26T03:53:41.5853175Z  ✓ src/voice/VoiceStateMachine.test.ts (3 tests) 11ms
smoke-test	Run Tests	2025-12-26T03:53:41.9048298Z  ✓ src/ui/commands/helpCommand.test.ts (2 tests) 14ms
smoke-test	Run Tests	2025-12-26T03:53:42.2408504Z  ✓ src/ui/commands/quitCommand.test.ts (1 test) 11ms
smoke-test	Run Tests	2025-12-26T03:53:43.6919077Z  ✓ src/ui/components/messages/GeminiMessage.test.tsx (4 tests) 143ms
smoke-test	Run Tests	2025-12-26T03:53:44.0975000Z  ✓ src/ui/kit/InteractiveBox.test.tsx (2 tests) 69ms
smoke-test	Run Tests	2025-12-26T03:53:44.9789833Z  ✓ src/services/prompt-processors/argumentProcessor.test.ts (2 tests) 11ms
smoke-test	Run Tests	2025-12-26T03:53:47.0921977Z  ✓ src/ui/components/views/ChatList.test.tsx (3 tests) 66ms
smoke-test	Run Tests	2025-12-26T03:53:47.4140058Z  ✓ src/ui/components/MemoryUsageDisplay.test.tsx (2 tests) 49ms
smoke-test	Run Tests	2025-12-26T03:53:48.1150238Z  ✓ src/ui/components/VoiceOrb.test.tsx (2 tests) 75ms
smoke-test	Run Tests	2025-12-26T03:53:48.4219759Z  ✓ src/ui/hooks/useModelCommand.test.tsx (3 tests) 34ms
smoke-test	Run Tests	2025-12-26T03:53:48.4628715Z  ✓ src/ui/commands/privacyCommand.test.ts (2 tests) 8ms
smoke-test	Run Tests	2025-12-26T03:53:48.7439572Z  ✓ src/voice/spokenReply.test.ts (4 tests) 10ms
smoke-test	Run Tests	2025-12-26T03:53:50.8743253Z  ✓ src/ui/components/AutoAcceptIndicator.test.tsx (3 tests) 51ms
smoke-test	Run Tests	2025-12-26T03:53:51.8249403Z  ✓ src/ui/components/LoopDetectionConfirmation.test.tsx (2 tests) 116ms
smoke-test	Run Tests	2025-12-26T03:53:52.1483916Z  ✓ src/ui/components/messages/UserMessage.test.tsx (3 tests) 52ms
smoke-test	Run Tests	2025-12-26T03:53:52.1939312Z  ✓ src/voice/tts/auto.test.ts (4 tests) 8ms
smoke-test	Run Tests	2025-12-26T03:53:52.4637618Z  ✓ src/ui/commands/themeCommand.test.ts (2 tests) 9ms
smoke-test	Run Tests	2025-12-26T03:53:54.3435109Z  ✓ src/ui/privacy/CloudPaidPrivacyNotice.test.tsx (2 tests) 84ms
smoke-test	Run Tests	2025-12-26T03:53:54.6936028Z  ✓ src/voice/voiceController.test.ts (2 tests) 23ms
smoke-test	Run Tests	2025-12-26T03:53:55.3949971Z  ✓ src/ui/privacy/GeminiPrivacyNotice.test.tsx (2 tests) 105ms
smoke-test	Run Tests	2025-12-26T03:53:55.8713229Z  ✓ src/ui/components/RawMarkdownIndicator.test.tsx (2 tests) 39ms
smoke-test	Run Tests	2025-12-26T03:53:56.0360253Z  ✓ src/commands/utils.test.ts (2 tests) 8ms
smoke-test	Run Tests	2025-12-26T03:53:56.1705217Z  ✓ src/ui/commands/settingsCommand.test.ts (2 tests) 9ms
smoke-test	Run Tests	2025-12-26T03:53:56.3604453Z  ✓ src/ui/commands/corgiCommand.test.ts (2 tests) 13ms
smoke-test	Run Tests	2025-12-26T03:53:56.4884061Z  ✓ src/utils/resolvePath.test.ts (7 tests) 5ms
smoke-test	Run Tests	2025-12-26T03:53:56.7924373Z  ✓ src/ui/commands/editorCommand.test.ts (2 tests) 9ms
smoke-test	Run Tests	2025-12-26T03:53:58.0604930Z  ✓ src/ui/components/CopyModeWarning.test.tsx (2 tests) 47ms
smoke-test	Run Tests	2025-12-26T03:53:58.4011106Z  ✓ src/utils/checks.test.ts (3 tests) 9ms
smoke-test	Run Tests	2025-12-26T03:53:58.7068291Z  ✓ src/utils/events.test.ts (2 tests) 10ms
smoke-test	Run Tests	2025-12-26T03:53:59.7100624Z  ✓ src/ui/components/messages/InfoMessage.test.tsx (3 tests) 62ms
smoke-test	Run Tests	2025-12-26T03:54:00.0958281Z  ✓ src/ui/components/ConsoleSummaryDisplay.test.tsx (3 tests) 69ms
smoke-test	Run Tests	2025-12-26T03:54:00.4824556Z  ✓ src/config/settingPaths.test.ts (2 tests) 11ms
smoke-test	Run Tests	2025-12-26T03:54:02.0216326Z  ✓ src/ui/components/ThemedGradient.test.tsx (1 test) 49ms
smoke-test	Run Tests	2025-12-26T03:54:03.0484118Z  ✓ src/ui/components/Banner.test.tsx (3 tests) 82ms
smoke-test	Run Tests	2025-12-26T03:54:03.8850410Z  ✓ src/ui/components/CliSpinner.test.tsx (1 test) 71ms
smoke-test	Run Tests	2025-12-26T03:54:05.3822977Z  ✓ src/ui/components/messages/WarningMessage.test.tsx (2 tests) 58ms
smoke-test	Run Tests	2025-12-26T03:54:06.4803469Z  ✓ src/ui/components/messages/ErrorMessage.test.tsx (2 tests) 38ms
smoke-test	Run Tests	2025-12-26T03:54:07.2754913Z  ✓ src/ui/components/Tips.test.tsx (2 tests) 44ms
smoke-test	Run Tests	2025-12-26T03:54:07.6661021Z  ✓ src/utils/updateEventEmitter.test.ts (1 test) 9ms
smoke-test	Run Tests	2025-12-26T03:54:08.8435396Z  ✓ src/ui/components/StickyHeader.test.tsx (2 tests) 76ms
smoke-test	Run Tests	2025-12-26T03:54:09.2047415Z  ✓ src/utils/processUtils.test.ts (1 test) 7ms
smoke-test	Run Tests	2025-12-26T03:54:09.2273294Z  ✓ src/utils/math.test.ts (7 tests) 8ms
smoke-test	Run Tests	2025-12-26T03:54:10.9292456Z  ✓ src/ui/utils/InlineMarkdownRenderer.test.ts (7 tests) 14ms
smoke-test	Run Tests	2025-12-26T03:54:12.2158200Z  ✓ src/ui/components/UpdateNotification.test.tsx (1 test) 47ms
smoke-test	Run Tests	2025-12-26T03:54:12.2724628Z  ✓ src/ui/components/ShellModeIndicator.test.tsx (1 test) 33ms
smoke-test	Run Tests	2025-12-26T03:54:18.3143010Z 
smoke-test	Run Tests	2025-12-26T03:54:18.3144029Z ⎯⎯⎯⎯⎯⎯⎯ Failed Tests 9 ⎯⎯⎯⎯⎯⎯⎯
smoke-test	Run Tests	2025-12-26T03:54:18.3144585Z 
smoke-test	Run Tests	2025-12-26T03:54:18.3148618Z  FAIL  src/gemini.test.tsx > gemini.tsx main function kitty protocol > should call setRawMode and detectCapabilities when isInteractive is true
smoke-test	Run Tests	2025-12-26T03:54:18.3168237Z Error: Test timed out in 5000ms.
smoke-test	Run Tests	2025-12-26T03:54:18.3169057Z If this is a long-running test, pass a timeout value as the last argument or configure it globally with "testTimeout".
smoke-test	Run Tests	2025-12-26T03:54:18.3170002Z  ❯ src/gemini.test.tsx:480:3
smoke-test	Run Tests	2025-12-26T03:54:18.3380860Z     478|   });
smoke-test	Run Tests	2025-12-26T03:54:18.3381249Z     479| 
smoke-test	Run Tests	2025-12-26T03:54:18.3381999Z     480|   it('should call setRawMode and detectCapabilities when isInteractive…
smoke-test	Run Tests	2025-12-26T03:54:18.3382583Z        |   ^
smoke-test	Run Tests	2025-12-26T03:54:18.3382962Z     481|     const { terminalCapabilityManager } = await import(
smoke-test	Run Tests	2025-12-26T03:54:18.3383899Z     482|       './ui/utils/terminalCapabilityManager.js'
smoke-test	Run Tests	2025-12-26T03:54:18.3384125Z 
smoke-test	Run Tests	2025-12-26T03:54:18.3384291Z ⎯⎯⎯⎯⎯⎯⎯⎯⎯⎯⎯⎯⎯⎯⎯⎯⎯⎯⎯⎯⎯⎯⎯⎯[1/9]⎯
smoke-test	Run Tests	2025-12-26T03:54:18.3384455Z 
smoke-test	Run Tests	2025-12-26T03:54:18.3384877Z  FAIL  src/gemini.test.tsx > gemini.tsx main function kitty protocol > should handle session selector error
smoke-test	Run Tests	2025-12-26T03:54:18.3388037Z Error: Test timed out in 5000ms.
smoke-test	Run Tests	2025-12-26T03:54:18.3388795Z If this is a long-running test, pass a timeout value as the last argument or configure it globally with "testTimeout".
smoke-test	Run Tests	2025-12-26T03:54:18.3389516Z  ❯ src/gemini.test.tsx:833:3
smoke-test	Run Tests	2025-12-26T03:54:18.3395474Z     831|   });
smoke-test	Run Tests	2025-12-26T03:54:18.3395776Z     832| 
smoke-test	Run Tests	2025-12-26T03:54:18.3396153Z     833|   it('should handle session selector error', async () => {
smoke-test	Run Tests	2025-12-26T03:54:18.3396636Z        |   ^
smoke-test	Run Tests	2025-12-26T03:54:18.3397032Z     834|     const { loadCliConfig, parseArguments } = await import(
smoke-test	Run Tests	2025-12-26T03:54:18.3397538Z     835|       './config/config.js'
smoke-test	Run Tests	2025-12-26T03:54:18.3397739Z 
smoke-test	Run Tests	2025-12-26T03:54:18.3397923Z ⎯⎯⎯⎯⎯⎯⎯⎯⎯⎯⎯⎯⎯⎯⎯⎯⎯⎯⎯⎯⎯⎯⎯⎯[2/9]⎯
smoke-test	Run Tests	2025-12-26T03:54:18.3398070Z 
smoke-test	Run Tests	2025-12-26T03:54:18.3398728Z  FAIL  src/config/config.integration.test.ts > Configuration Integration Tests > Approval Mode Integration Tests > 'should parse --approval-mode=auto_edi…'
smoke-test	Run Tests	2025-12-26T03:54:18.3400620Z  FAIL  src/config/config.integration.test.ts > Configuration Integration Tests > Approval Mode Integration Tests > 'should parse --approval-mode=yolo cor…'
smoke-test	Run Tests	2025-12-26T03:54:18.3402144Z  FAIL  src/config/config.integration.test.ts > Configuration Integration Tests > Approval Mode Integration Tests > 'should parse --approval-mode=default …'
smoke-test	Run Tests	2025-12-26T03:54:18.3403190Z  FAIL  src/config/config.integration.test.ts > Configuration Integration Tests > Approval Mode Integration Tests > 'should parse legacy --yolo flag corre…'
smoke-test	Run Tests	2025-12-26T03:54:18.3404333Z  FAIL  src/config/config.integration.test.ts > Configuration Integration Tests > Approval Mode Integration Tests > 'should handle no approval mode argume…'
smoke-test	Run Tests	2025-12-26T03:54:18.3406231Z  FAIL  src/config/config.integration.test.ts > Configuration Integration Tests > Approval Mode Integration Tests > 'should reject invalid approval mode v…'
smoke-test	Run Tests	2025-12-26T03:54:18.3407286Z  FAIL  src/config/config.integration.test.ts > Configuration Integration Tests > Approval Mode Integration Tests > 'should reject conflicting --yolo and …'
smoke-test	Run Tests	2025-12-26T03:54:18.3408197Z RuntimeError: Aborted(CompileError: WebAssembly.instantiate(): BufferSource argument is empty). Build with -sASSERTIONS for more info.
smoke-test	Run Tests	2025-12-26T03:54:18.3408913Z  ❯ x ../../node_modules/yoga-layout/dist/binaries/yoga-wasm-base64-esm.js:13:73
smoke-test	Run Tests	2025-12-26T03:54:18.3409438Z  ❯ ../../node_modules/yoga-layout/dist/binaries/yoga-wasm-base64-esm.js:63:418
smoke-test	Run Tests	2025-12-26T03:54:18.3409713Z 
smoke-test	Run Tests	2025-12-26T03:54:18.3409854Z ⎯⎯⎯⎯⎯⎯⎯⎯⎯⎯⎯⎯⎯⎯⎯⎯⎯⎯⎯⎯⎯⎯⎯⎯[3/9]⎯
smoke-test	Run Tests	2025-12-26T03:54:18.3410001Z 
smoke-test	Run Tests	2025-12-26T03:54:18.3410008Z 
smoke-test	Run Tests	2025-12-26T03:54:18.3420975Z  Test Files  2 failed | 285 passed (287)
smoke-test	Run Tests	2025-12-26T03:54:18.3435643Z       Tests  9 failed | 3549 passed | 1 skipped (3559)
smoke-test	Run Tests	2025-12-26T03:54:18.3436432Z    Start at  03:49:45
smoke-test	Run Tests	2025-12-26T03:54:18.3444198Z    Duration  272.71s (transform 9.00s, setup 3.30s, collect 605.11s, tests 47.80s, environment 125ms, prepare 31.85s)
smoke-test	Run Tests	2025-12-26T03:54:18.3444980Z 
smoke-test	Run Tests	2025-12-26T03:54:18.9869835Z JUNIT report written to /home/runner/work/terminaI/terminaI/packages/cli/junit.xml
smoke-test	Run Tests	2025-12-26T03:54:19.0952107Z npm error Lifecycle script `test:ci` failed with error:
smoke-test	Run Tests	2025-12-26T03:54:19.0957509Z npm error code 1
smoke-test	Run Tests	2025-12-26T03:54:19.0958150Z npm error path /home/runner/work/terminaI/terminaI/packages/cli
smoke-test	Run Tests	2025-12-26T03:54:19.0958940Z npm error workspace @terminai/cli@0.21.0
smoke-test	Run Tests	2025-12-26T03:54:19.0959606Z npm error location /home/runner/work/terminaI/terminaI/packages/cli
smoke-test	Run Tests	2025-12-26T03:54:19.0960145Z npm error command failed
smoke-test	Run Tests	2025-12-26T03:54:19.0960944Z npm error command sh -c vitest run
smoke-test	Run Tests	2025-12-26T03:54:19.0962811Z 
smoke-test	Run Tests	2025-12-26T03:54:19.0973363Z 
smoke-test	Run Tests	2025-12-26T03:54:19.0973543Z > @terminai/core@0.21.0 test:ci
smoke-test	Run Tests	2025-12-26T03:54:19.0973778Z > vitest run
smoke-test	Run Tests	2025-12-26T03:54:19.0973921Z 
smoke-test	Run Tests	2025-12-26T03:54:19.5318611Z 
smoke-test	Run Tests	2025-12-26T03:54:19.5319944Z  RUN  v3.2.4 /home/runner/work/terminaI/terminaI/packages/core
smoke-test	Run Tests	2025-12-26T03:54:19.5320592Z       Coverage enabled with v8
smoke-test	Run Tests	2025-12-26T03:54:19.5320795Z 
smoke-test	Run Tests	2025-12-26T03:54:23.7626508Z  ✓ src/core/coreToolScheduler.test.ts (38 tests) 395ms
smoke-test	Run Tests	2025-12-26T03:54:24.3500630Z  ✓ src/core/client.test.ts (56 tests | 1 skipped) 595ms
smoke-test	Run Tests	2025-12-26T03:54:25.9228874Z  ✓ src/config/config.test.ts (122 tests) 182ms
smoke-test	Run Tests	2025-12-26T03:54:26.5747824Z  ↓ src/telemetry/loggers.test.ts (35 tests | 35 skipped)
smoke-test	Run Tests	2025-12-26T03:54:28.5044296Z  ✓ src/tools/mcp-client.test.ts (55 tests) 368ms
smoke-test	Run Tests	2025-12-26T03:54:28.8393634Z  ✓ src/agents/local-executor.test.ts (32 tests) 104ms
smoke-test	Run Tests	2025-12-26T03:54:29.4449671Z  ✓ src/tools/ripGrep.test.ts (51 tests | 1 skipped) 359ms
smoke-test	Run Tests	2025-12-26T03:54:30.4780932Z  ✓ src/mcp/oauth-provider.test.ts (34 tests) 1261ms
smoke-test	Run Tests	2025-12-26T03:54:30.4782302Z    ✓ MCPOAuthProvider > authenticate > should handle invalid callback request  1002ms
smoke-test	Run Tests	2025-12-26T03:54:30.4872454Z  ✓ src/services/shellExecutionService.test.ts (53 tests | 1 skipped) 538ms
smoke-test	Run Tests	2025-12-26T03:54:30.5530597Z  ✓ src/core/geminiChat.test.ts (43 tests) 6720ms
smoke-test	Run Tests	2025-12-26T03:54:30.5538022Z    ✓ GeminiChat > sendMessageStream > should fail if the stream ends with an empty part and has no finishReason  505ms
smoke-test	Run Tests	2025-12-26T03:54:30.5539713Z    ✓ GeminiChat > sendMessageStream > should throw an error when a tool call is followed by an empty stream response  504ms
smoke-test	Run Tests	2025-12-26T03:54:30.5542969Z    ✓ GeminiChat > sendMessageStream > should throw InvalidStreamError when no tool call and no finish reason  505ms
smoke-test	Run Tests	2025-12-26T03:54:30.5545969Z    ✓ GeminiChat > sendMessageStream > should throw InvalidStreamError when no tool call and empty response text  505ms
smoke-test	Run Tests	2025-12-26T03:54:30.5547486Z    ✓ GeminiChat > sendMessageStream > should throw InvalidStreamError when finishReason is MALFORMED_FUNCTION_CALL  505ms
smoke-test	Run Tests	2025-12-26T03:54:30.5548851Z    ✓ GeminiChat > sendMessageStream > should retry when finishReason is MALFORMED_FUNCTION_CALL  506ms
smoke-test	Run Tests	2025-12-26T03:54:30.5550694Z    ✓ GeminiChat > sendMessageStream with retries > should yield a RETRY event when an invalid stream is encountered  505ms
smoke-test	Run Tests	2025-12-26T03:54:30.5552138Z    ✓ GeminiChat > sendMessageStream with retries > should retry on invalid content, succeed, and report metrics  507ms
smoke-test	Run Tests	2025-12-26T03:54:30.5553402Z    ✓ GeminiChat > sendMessageStream with retries > should set temperature to 1 on retry  508ms
smoke-test	Run Tests	2025-12-26T03:54:30.5555074Z    ✓ GeminiChat > sendMessageStream with retries > should fail after all retries on persistent invalid content and report metrics  505ms
smoke-test	Run Tests	2025-12-26T03:54:30.5556517Z    ✓ GeminiChat > should correctly retry and append to an existing history mid-conversation  506ms
smoke-test	Run Tests	2025-12-26T03:54:30.5557723Z    ✓ GeminiChat > should retry if the model returns a completely empty stream (no chunks)  506ms
smoke-test	Run Tests	2025-12-26T03:54:30.5558871Z    ✓ GeminiChat > should discard valid partial content from a failed attempt upon retry  506ms
smoke-test	Run Tests	2025-12-26T03:54:31.4127981Z  ✓ src/policy/policy-engine.test.ts (60 tests) 77ms
smoke-test	Run Tests	2025-12-26T03:54:33.4128731Z  ✓ src/code_assist/oauth2.test.ts (28 tests) 147ms
smoke-test	Run Tests	2025-12-26T03:54:34.3236200Z  ✓ src/tools/edit.test.ts (56 tests) 292ms
smoke-test	Run Tests	2025-12-26T03:54:35.1116894Z  ✓ src/utils/fileUtils.test.ts (72 tests) 141ms
smoke-test	Run Tests	2025-12-26T03:54:36.5929365Z  ✓ src/services/loopDetectionService.test.ts (47 tests) 447ms
smoke-test	Run Tests	2025-12-26T03:54:37.4441284Z  ✓ src/ide/ide-client.test.ts (36 tests) 100ms
smoke-test	Run Tests	2025-12-26T03:54:37.7296811Z  ↓ src/telemetry/clearcut-logger/clearcut-logger.test.ts (45 tests | 45 skipped)
smoke-test	Run Tests	2025-12-26T03:54:40.2877869Z  ✓ src/utils/memoryDiscovery.test.ts (29 tests) 190ms
smoke-test	Run Tests	2025-12-26T03:54:40.6087216Z  ✓ src/tools/write-file.test.ts (31 tests) 200ms
smoke-test	Run Tests	2025-12-26T03:54:40.7465250Z  ✓ src/utils/memoryImportProcessor.test.ts (25 tests) 64ms
smoke-test	Run Tests	2025-12-26T03:54:41.4053744Z  ✓ src/tools/mcp-tool.test.ts (43 tests) 144ms
smoke-test	Run Tests	2025-12-26T03:54:42.0591094Z  ✓ src/utils/editCorrector.test.ts (40 tests) 67ms
smoke-test	Run Tests	2025-12-26T03:54:43.4964460Z  ✓ src/core/baseLlmClient.test.ts (29 tests) 61ms
smoke-test	Run Tests	2025-12-26T03:54:43.9844479Z  ✓ src/services/sessionSummaryService.test.ts (33 tests) 53ms
smoke-test	Run Tests	2025-12-26T03:54:44.6472391Z  ✓ src/policy/config.test.ts (19 tests) 330ms
smoke-test	Run Tests	2025-12-26T03:54:45.1342095Z  ✓ src/tools/read-many-files.test.ts (31 tests) 476ms
smoke-test	Run Tests	2025-12-26T03:54:47.4030062Z  ✓ src/core/logger.test.ts (39 tests) 147ms
smoke-test	Run Tests	2025-12-26T03:54:47.8983349Z  ✓ src/tools/smart-edit.test.ts (24 tests) 181ms
smoke-test	Run Tests	2025-12-26T03:54:48.1190499Z  ✓ src/hooks/hookRunner.test.ts (19 tests) 108ms
smoke-test	Run Tests	2025-12-26T03:54:48.4370323Z  ✓ src/services/modelConfigService.test.ts (26 tests) 17ms
smoke-test	Run Tests	2025-12-26T03:54:50.0238771Z  ✓ src/telemetry/metrics.test.ts (68 tests) 16793ms
smoke-test	Run Tests	2025-12-26T03:54:50.0239745Z    ✓ Telemetry Metrics > recordFlickerFrame > does not record metrics if not initialized  328ms
smoke-test	Run Tests	2025-12-26T03:54:50.0240826Z    ✓ Telemetry Metrics > recordExitFail > does not record metrics if not initialized  362ms
smoke-test	Run Tests	2025-12-26T03:54:50.0242392Z    ✓ Telemetry Metrics > OpenTelemetry GenAI Semantic Convention Metrics > recordGenAiClientTokenUsage > should record input token usage with correct attributes  370ms
smoke-test	Run Tests	2025-12-26T03:54:50.0244166Z    ✓ Telemetry Metrics > Performance Monitoring Metrics > recordMemoryUsage > should record memory usage for 'rss'  301ms
smoke-test	Run Tests	2025-12-26T03:54:50.4696539Z  ✓ src/core/turn.test.ts (21 tests) 18ms
smoke-test	Run Tests	2025-12-26T03:54:51.1637406Z  ✓ src/utils/retry.test.ts (30 tests) 95ms
smoke-test	Run Tests	2025-12-26T03:54:51.7529138Z  ✓ src/utils/filesearch/fileSearch.test.ts (27 tests) 146ms
smoke-test	Run Tests	2025-12-26T03:54:52.6832495Z  ✓ src/tools/web-fetch.test.ts (33 tests) 162ms
smoke-test	Run Tests	2025-12-26T03:54:52.7892039Z  ✓ src/telemetry/uiTelemetry.test.ts (19 tests) 19ms
smoke-test	Run Tests	2025-12-26T03:54:53.0501295Z  ✓ src/telemetry/memory-monitor.test.ts (31 tests) 44ms
smoke-test	Run Tests	2025-12-26T03:54:53.7583569Z (node:10782) MaxListenersExceededWarning: Possible EventTarget memory leak detected. 11 abort listeners added to [AbortSignal]. MaxListeners is 10. Use events.setMaxListeners() to increase limit
smoke-test	Run Tests	2025-12-26T03:54:53.7585747Z (Use `node --trace-warnings ...` to show where the warning was created)
smoke-test	Run Tests	2025-12-26T03:54:55.2152724Z  ✓ src/core/contentGenerator.test.ts (21 tests) 97ms
smoke-test	Run Tests	2025-12-26T03:54:55.2558649Z  ✓ src/tools/glob.test.ts (37 tests) 1984ms
smoke-test	Run Tests	2025-12-26T03:54:55.4477971Z  ✓ src/tools/shell.test.ts (29 tests | 1 skipped) 388ms
smoke-test	Run Tests	2025-12-26T03:54:55.9147046Z  ✓ src/core/openaiContentGenerator.test.ts (15 tests) 30ms
smoke-test	Run Tests	2025-12-26T03:54:56.2944567Z  ✓ src/utils/editor.test.ts (110 tests) 41ms
smoke-test	Run Tests	2025-12-26T03:54:58.2865635Z  ✓ src/tools/read-file.test.ts (29 tests) 231ms
smoke-test	Run Tests	2025-12-26T03:54:58.4505793Z  ✓ src/utils/shell-permissions.test.ts (43 tests | 1 skipped) 276ms
smoke-test	Run Tests	2025-12-26T03:54:58.6677992Z  ✓ src/utils/paths.test.ts (88 tests | 17 skipped) 18ms
smoke-test	Run Tests	2025-12-26T03:54:58.8347012Z  ✓ src/hooks/hookRegistry.test.ts (19 tests) 31ms
smoke-test	Run Tests	2025-12-26T03:54:59.1617505Z  ✓ src/utils/googleQuotaErrors.test.ts (20 tests) 19ms
smoke-test	Run Tests	2025-12-26T03:54:59.3215317Z  ✓ src/tools/tool-registry.test.ts (14 tests) 98ms
smoke-test	Run Tests	2025-12-26T03:54:59.5842018Z  ✓ src/utils/systemEncoding.test.ts (38 tests) 46ms
smoke-test	Run Tests	2025-12-26T03:55:00.0476202Z  ✓ src/tools/memoryTool.test.ts (19 tests) 109ms
smoke-test	Run Tests	2025-12-26T03:55:00.4307930Z (node:11192) MaxListenersExceededWarning: Possible EventTarget memory leak detected. 11 abort listeners added to [AbortSignal]. MaxListeners is 10. Use events.setMaxListeners() to increase limit
smoke-test	Run Tests	2025-12-26T03:55:00.4309532Z (Use `node --trace-warnings ...` to show where the warning was created)
smoke-test	Run Tests	2025-12-26T03:55:00.5642664Z  ✓ src/tools/grep.test.ts (24 tests) 268ms
smoke-test	Run Tests	2025-12-26T03:55:01.2808679Z  ✓ src/utils/pathReader.test.ts (18 tests) 69ms
smoke-test	Run Tests	2025-12-26T03:55:01.4533023Z  ✓ src/hooks/hookEventHandler.test.ts (10 tests) 28ms
smoke-test	Run Tests	2025-12-26T03:55:01.8121157Z  ✓ src/output/stream-json-formatter.test.ts (20 tests) 19ms
smoke-test	Run Tests	2025-12-26T03:55:02.2357925Z  ✓ src/utils/workspaceContext.test.ts (34 tests) 58ms
smoke-test	Run Tests	2025-12-26T03:55:02.8324541Z  ✓ src/code_assist/server.test.ts (19 tests) 69ms
smoke-test	Run Tests	2025-12-26T03:55:02.8604429Z  ✓ src/core/prompts.test.ts (41 tests) 47ms
smoke-test	Run Tests	2025-12-26T03:55:03.3233031Z  ✓ src/mcp/token-storage/keychain-token-storage.test.ts (29 tests) 134ms
smoke-test	Run Tests	2025-12-26T03:55:03.6996387Z  ✓ src/mcp/oauth-token-storage.test.ts (28 tests) 21ms
smoke-test	Run Tests	2025-12-26T03:55:04.1763546Z  ✓ src/telemetry/sanitize.test.ts (18 tests) 14ms
smoke-test	Run Tests	2025-12-26T03:55:04.5252400Z  ✓ src/hooks/types.test.ts (35 tests) 18ms
smoke-test	Run Tests	2025-12-26T03:55:04.8538170Z  ✓ src/utils/googleErrors.test.ts (13 tests) 14ms
smoke-test	Run Tests	2025-12-26T03:55:05.3661361Z  ✓ src/utils/filesearch/crawler.test.ts (18 tests) 106ms
smoke-test	Run Tests	2025-12-26T03:55:05.5592706Z  ✓ src/agents/registry.test.ts (23 tests) 27ms
smoke-test	Run Tests	2025-12-26T03:55:05.6886134Z  ✓ src/mcp/oauth-utils.test.ts (31 tests) 28ms
smoke-test	Run Tests	2025-12-26T03:55:06.0139331Z  ✓ src/code_assist/converter.test.ts (24 tests) 10ms
smoke-test	Run Tests	2025-12-26T03:55:06.1551585Z  ✓ src/hooks/hookAggregator.test.ts (10 tests) 13ms
smoke-test	Run Tests	2025-12-26T03:55:06.2280180Z (node:11425) MaxListenersExceededWarning: Possible EventEmitter memory leak detected. 11 SIGTERM listeners added to [process]. MaxListeners is 10. Use emitter.setMaxListeners() to increase limit
smoke-test	Run Tests	2025-12-26T03:55:06.2305591Z (Use `node --trace-warnings ...` to show where the warning was created)
smoke-test	Run Tests	2025-12-26T03:55:06.2307524Z (node:11425) MaxListenersExceededWarning: Possible EventEmitter memory leak detected. 11 SIGINT listeners added to [process]. MaxListeners is 10. Use emitter.setMaxListeners() to increase limit
smoke-test	Run Tests	2025-12-26T03:55:06.4240890Z  ✓ src/telemetry/sdk.test.ts (16 tests) 57ms
smoke-test	Run Tests	2025-12-26T03:55:06.4260934Z  ✓ src/policy/toml-loader.test.ts (25 tests) 81ms
smoke-test	Run Tests	2025-12-26T03:55:06.7625297Z  ✓ src/ide/ideContext.test.ts (23 tests) 25ms
smoke-test	Run Tests	2025-12-26T03:55:06.8295116Z  ✓ src/tools/modifiable-tool.test.ts (12 tests) 55ms
smoke-test	Run Tests	2025-12-26T03:55:07.1748833Z  ✓ src/hooks/hookPlanner.test.ts (10 tests) 18ms
smoke-test	Run Tests	2025-12-26T03:55:07.9452733Z  ✓ src/tools/ls.test.ts (21 tests) 223ms
smoke-test	Run Tests	2025-12-26T03:55:08.4912208Z  ✓ src/telemetry/gcp-exporters.test.ts (18 tests) 46ms
smoke-test	Run Tests	2025-12-26T03:55:08.7548521Z  ✓ src/fallback/handler.test.ts (14 tests) 39ms
smoke-test	Run Tests	2025-12-26T03:55:09.4955225Z  ✓ src/code_assist/telemetry.test.ts (16 tests) 26ms
smoke-test	Run Tests	2025-12-26T03:55:11.1260766Z  ✓ src/utils/llm-edit-fixer.test.ts (8 tests) 34ms
smoke-test	Run Tests	2025-12-26T03:55:11.4218768Z  ✓ src/hooks/hookSystem.test.ts (8 tests) 84ms
smoke-test	Run Tests	2025-12-26T03:55:11.5875118Z  ✓ src/utils/generateContentResponseUtilities.test.ts (34 tests) 11ms
smoke-test	Run Tests	2025-12-26T03:55:11.8378909Z  ✓ src/utils/userAccountManager.test.ts (23 tests) 42ms
smoke-test	Run Tests	2025-12-26T03:55:11.9916557Z  ✓ src/utils/getFolderStructure.test.ts (15 tests) 87ms
smoke-test	Run Tests	2025-12-26T03:55:12.2036142Z  ✓ src/services/chatRecordingService.test.ts (10 tests) 28ms
smoke-test	Run Tests	2025-12-26T03:55:14.5794100Z  ✓ src/telemetry/startupProfiler.test.ts (22 tests) 39ms
smoke-test	Run Tests	2025-12-26T03:55:14.6569222Z  ✓ src/core/nonInteractiveToolExecutor.test.ts (8 tests) 21ms
smoke-test	Run Tests	2025-12-26T03:55:14.9745008Z  ✓ src/tools/repl.test.ts (14 tests) 87ms
smoke-test	Run Tests	2025-12-26T03:55:14.9785031Z  ✓ src/utils/gitIgnoreParser.test.ts (25 tests) 91ms
smoke-test	Run Tests	2025-12-26T03:55:15.3916062Z  ✓ src/services/fileDiscoveryService.test.ts (20 tests) 94ms
smoke-test	Run Tests	2025-12-26T03:55:15.4341693Z  ✓ src/services/gitService.test.ts (17 tests) 64ms
smoke-test	Run Tests	2025-12-26T03:55:15.7097384Z  ✓ src/utils/partUtils.test.ts (37 tests) 17ms
smoke-test	Run Tests	2025-12-26T03:55:16.1640786Z  ✓ src/utils/bfsFileSearch.test.ts (16 tests) 147ms
smoke-test	Run Tests	2025-12-26T03:55:16.5268185Z  ✓ src/utils/ignorePatterns.test.ts (28 tests) 20ms
smoke-test	Run Tests	2025-12-26T03:55:16.9671030Z  ✓ src/safety/checker-runner.test.ts (9 tests) 32ms
smoke-test	Run Tests	2025-12-26T03:55:17.2730071Z  ✓ src/utils/checkpointUtils.test.ts (15 tests) 16ms
smoke-test	Run Tests	2025-12-26T03:55:17.4239654Z  ✓ src/services/chatCompressionService.test.ts (17 tests) 19ms
smoke-test	Run Tests	2025-12-26T03:55:17.6827536Z  ✓ src/code_assist/oauth-credential-storage.test.ts (16 tests) 29ms
smoke-test	Run Tests	2025-12-26T03:55:17.7925331Z  ✓ src/output/json-formatter.test.ts (17 tests) 14ms
smoke-test	Run Tests	2025-12-26T03:55:17.9764174Z  ✓ src/telemetry/activity-monitor.test.ts (22 tests) 16ms
smoke-test	Run Tests	2025-12-26T03:55:18.1109380Z  ✓ src/agents/local-invocation.test.ts (11 tests) 24ms
smoke-test	Run Tests	2025-12-26T03:55:18.3786299Z  ✓ src/telemetry/semantic.test.ts (21 tests) 10ms
smoke-test	Run Tests	2025-12-26T03:55:18.9769895Z  ✓ src/mcp/token-storage/file-token-storage.test.ts (16 tests) 838ms
smoke-test	Run Tests	2025-12-26T03:55:19.1426608Z  ✓ src/utils/shell-utils.test.ts (34 tests | 1 skipped) 147ms
smoke-test	Run Tests	2025-12-26T03:55:19.3317791Z  ✓ src/safety/approval-ladder/__tests__/computeMinimumReviewLevel.test.ts (17 tests) 10ms
smoke-test	Run Tests	2025-12-26T03:55:19.9925838Z  ✓ src/tools/message-bus-integration.test.ts (9 tests) 92ms
smoke-test	Run Tests	2025-12-26T03:55:20.3136490Z  ✓ src/services/modelConfig.integration.test.ts (10 tests) 11ms
smoke-test	Run Tests	2025-12-26T03:55:20.7812357Z  ✓ src/routing/strategies/classifierStrategy.test.ts (8 tests) 18ms
smoke-test	Run Tests	2025-12-26T03:55:21.0483301Z  ✓ src/tools/web-search.test.ts (10 tests) 116ms
smoke-test	Run Tests	2025-12-26T03:55:21.1605573Z  ✓ src/safety/built-in.test.ts (14 tests) 52ms
smoke-test	Run Tests	2025-12-26T03:55:21.4777489Z  ✓ src/telemetry/rate-limiter.test.ts (24 tests) 16ms
smoke-test	Run Tests	2025-12-26T03:55:21.4809106Z  ✓ src/utils/events.test.ts (15 tests) 81ms
smoke-test	Run Tests	2025-12-26T03:55:21.7823437Z  ✓ src/utils/nextSpeakerChecker.test.ts (10 tests) 33ms
smoke-test	Run Tests	2025-12-26T03:55:21.7961914Z  ✓ src/mcp/token-storage/hybrid-token-storage.test.ts (11 tests) 22ms
smoke-test	Run Tests	2025-12-26T03:55:24.2985053Z  ✓ src/utils/summarizer.test.ts (8 tests) 81ms
smoke-test	Run Tests	2025-12-26T03:55:24.4028420Z  ✓ src/tools/mcp-client-manager.test.ts (11 tests) 20ms
smoke-test	Run Tests	2025-12-26T03:55:24.6372068Z  ✓ src/ide/ide-installer.test.ts (15 tests) 16ms
smoke-test	Run Tests	2025-12-26T03:55:25.2035925Z  ✓ src/core/geminiChat_network_retry.test.ts (3 tests) 1026ms
smoke-test	Run Tests	2025-12-26T03:55:25.2037408Z    ✓ GeminiChat Network Retries > should retry when a 503 ApiError occurs during stream iteration  517ms
smoke-test	Run Tests	2025-12-26T03:55:25.2039674Z    ✓ GeminiChat Network Retries > should retry on generic network error if retryFetchErrors is true  503ms
smoke-test	Run Tests	2025-12-26T03:55:25.5656916Z  ✓ src/availability/policyHelpers.test.ts (12 tests) 16ms
smoke-test	Run Tests	2025-12-26T03:55:26.2208205Z  ✓ src/confirmation-bus/message-bus.test.ts (10 tests) 19ms
smoke-test	Run Tests	2025-12-26T03:55:26.5477857Z  ✓ src/utils/secure-browser-launcher.test.ts (14 tests) 23ms
smoke-test	Run Tests	2025-12-26T03:55:26.9607890Z  ✓ src/utils/extensionLoader.test.ts (9 tests | 1 skipped) 15ms
smoke-test	Run Tests	2025-12-26T03:55:26.9824900Z  ✓ src/utils/terminalSerializer.test.ts (17 tests) 108ms
smoke-test	Run Tests	2025-12-26T03:55:27.1468756Z  ✓ src/core/loggingContentGenerator.test.ts (7 tests) 24ms
smoke-test	Run Tests	2025-12-26T03:55:27.3307309Z  ✓ src/utils/channel.test.ts (22 tests) 18ms
smoke-test	Run Tests	2025-12-26T03:55:27.4860934Z  ✓ src/mcp/google-auth-provider.test.ts (15 tests) 50ms
smoke-test	Run Tests	2025-12-26T03:55:27.7195286Z  ✓ src/agents/toml-loader.test.ts (13 tests) 38ms
smoke-test	Run Tests	2025-12-26T03:55:27.8174273Z  ✓ src/utils/errorReporting.test.ts (6 tests) 31ms
smoke-test	Run Tests	2025-12-26T03:55:28.1143391Z  ✓ src/telemetry/high-water-mark-tracker.test.ts (18 tests) 16ms
smoke-test	Run Tests	2025-12-26T03:55:28.3741929Z  ✓ src/policy/persistence.test.ts (5 tests) 35ms
smoke-test	Run Tests	2025-12-26T03:55:28.7889287Z  ✓ src/tools/__tests__/shell.pin.test.ts (11 tests) 25ms
smoke-test	Run Tests	2025-12-26T03:55:29.0535072Z  ✓ src/safety/approval-ladder/__tests__/buildShellActionProfile.test.ts (18 tests) 16ms
smoke-test	Run Tests	2025-12-26T03:55:29.3744511Z  ✓ src/tools/tools.test.ts (11 tests) 14ms
smoke-test	Run Tests	2025-12-26T03:55:29.4110502Z  ✓ src/hooks/hookTranslator.test.ts (10 tests) 10ms
smoke-test	Run Tests	2025-12-26T03:55:29.7134455Z  ✓ src/config/models.test.ts (23 tests) 10ms
smoke-test	Run Tests	2025-12-26T03:55:29.8638365Z  ✓ src/services/sessionSummaryUtils.test.ts (10 tests) 23ms
smoke-test	Run Tests	2025-12-26T03:55:30.1916286Z  ✓ src/routing/strategies/compositeStrategy.test.ts (6 tests) 17ms
smoke-test	Run Tests	2025-12-26T03:55:30.4182127Z  ✓ src/tools/file-ops.test.ts (9 tests) 125ms
smoke-test	Run Tests	2025-12-26T03:55:30.7718049Z  ✓ src/ide/process-utils.test.ts (8 tests) 10ms
smoke-test	Run Tests	2025-12-26T03:55:31.0672245Z  ✓ src/commands/restore.test.ts (6 tests) 17ms
smoke-test	Run Tests	2025-12-26T03:55:32.1524454Z  ✓ src/tools/process-manager.test.ts (6 tests) 149ms
smoke-test	Run Tests	2025-12-26T03:55:32.4893707Z  ✓ src/ide/detect-ide.test.ts (15 tests) 9ms
smoke-test	Run Tests	2025-12-26T03:55:33.0043424Z  ✓ src/code_assist/setup.test.ts (7 tests) 15ms
smoke-test	Run Tests	2025-12-26T03:55:33.7964633Z  ✓ src/telemetry/config.test.ts (14 tests) 10ms
smoke-test	Run Tests	2025-12-26T03:55:34.2850586Z  ✓ src/core/fakeContentGenerator.test.ts (7 tests) 10ms
smoke-test	Run Tests	2025-12-26T03:55:34.6474419Z  ✓ src/utils/environmentContext.test.ts (6 tests) 44ms
smoke-test	Run Tests	2025-12-26T03:55:35.3652448Z  ✓ src/tools/confirmation-policy.test.ts (8 tests) 214ms
smoke-test	Run Tests	2025-12-26T03:55:35.4021837Z  ✓ src/agents/delegate-to-agent-tool.test.ts (8 tests) 94ms
smoke-test	Run Tests	2025-12-26T03:55:35.7597736Z  ✓ src/agents/subagent-tool-wrapper.test.ts (7 tests) 70ms
smoke-test	Run Tests	2025-12-26T03:55:35.8349340Z  ✓ src/mcp/sa-impersonation-provider.test.ts (8 tests) 23ms
smoke-test	Run Tests	2025-12-26T03:55:36.0963597Z  ✓ src/tools/diffOptions.test.ts (9 tests) 10ms
smoke-test	Run Tests	2025-12-26T03:55:36.4187557Z  ✓ src/services/contextManager.test.ts (4 tests) 16ms
smoke-test	Run Tests	2025-12-26T03:55:36.7766793Z  ✓ src/utils/filesearch/ignore.test.ts (12 tests) 29ms
smoke-test	Run Tests	2025-12-26T03:55:38.0373819Z  ✓ src/code_assist/codeAssist.test.ts (7 tests) 15ms
smoke-test	Run Tests	2025-12-26T03:55:38.3810040Z  ✓ src/mcp/token-storage/base-token-storage.test.ts (12 tests) 12ms
smoke-test	Run Tests	2025-12-26T03:55:38.6486141Z  ✓ src/utils/errors.test.ts (15 tests) 9ms
smoke-test	Run Tests	2025-12-26T03:55:38.8500463Z  ✓ src/routing/modelRouterService.test.ts (5 tests) 48ms
smoke-test	Run Tests	2025-12-26T03:55:38.9162409Z  ✓ src/agents/schema-utils.test.ts (6 tests) 9ms
smoke-test	Run Tests	2025-12-26T03:55:39.1547077Z  ✓ src/telemetry/activity-detector.test.ts (13 tests) 15ms
smoke-test	Run Tests	2025-12-26T03:55:39.5282361Z  ✓ src/tools/agent-control.test.ts (6 tests) 166ms
smoke-test	Run Tests	2025-12-26T03:55:39.5290888Z  ✓ src/core/recordingContentGenerator.test.ts (4 tests) 11ms
smoke-test	Run Tests	2025-12-26T03:55:39.8675110Z  ✓ src/availability/modelAvailabilityService.test.ts (9 tests) 10ms
smoke-test	Run Tests	2025-12-26T03:55:39.8886663Z  ✓ src/code_assist/experiments/client_metadata.test.ts (12 tests) 32ms
smoke-test	Run Tests	2025-12-26T03:55:40.1575058Z  ✓ src/agents/utils.test.ts (12 tests) 9ms
smoke-test	Run Tests	2025-12-26T03:55:41.5782351Z  ✓ src/utils/flashFallback.test.ts (4 tests) 18ms
smoke-test	Run Tests	2025-12-26T03:55:41.9354535Z  ✓ src/routing/strategies/fallbackStrategy.test.ts (4 tests) 10ms
smoke-test	Run Tests	2025-12-26T03:55:42.4640368Z  ✓ src/tools/write-todos.test.ts (9 tests) 53ms
smoke-test	Run Tests	2025-12-26T03:55:42.5109026Z  ✓ src/utils/errorParsing.test.ts (10 tests) 6ms
smoke-test	Run Tests	2025-12-26T03:55:42.8166345Z  ✓ src/computer/PersistentShell.test.ts (7 tests) 14ms
smoke-test	Run Tests	2025-12-26T03:55:42.8196628Z  ✓ src/code_assist/experiments/experiments.test.ts (4 tests) 15ms
smoke-test	Run Tests	2025-12-26T03:55:43.0965652Z  ✓ src/tools/base-tool-invocation.test.ts (2 tests) 13ms
smoke-test	Run Tests	2025-12-26T03:55:43.1432412Z  ✓ src/utils/filesearch/crawlCache.test.ts (9 tests) 13ms
smoke-test	Run Tests	2025-12-26T03:55:43.1677464Z  ✓ src/utils/tokenCalculation.test.ts (7 tests) 8ms
smoke-test	Run Tests	2025-12-26T03:55:43.5006804Z  ✓ src/utils/pathCorrector.test.ts (4 tests) 17ms
smoke-test	Run Tests	2025-12-26T03:55:43.5706887Z  ✓ src/services/modelConfig.golden.test.ts (2 tests) 9ms
smoke-test	Run Tests	2025-12-26T03:55:43.8328563Z  ✓ src/prompts/prompt-registry.test.ts (7 tests) 22ms
smoke-test	Run Tests	2025-12-26T03:55:43.8673804Z  ✓ src/utils/delay.test.ts (7 tests) 19ms
smoke-test	Run Tests	2025-12-26T03:55:44.1327714Z  ✓ src/availability/policyCatalog.test.ts (10 tests) 10ms
smoke-test	Run Tests	2025-12-26T03:55:44.1822202Z  ✓ src/utils/installationManager.test.ts (4 tests) 9ms
smoke-test	Run Tests	2025-12-26T03:55:44.4509933Z  ✓ src/brain/__tests__/riskAssessor.test.ts (5 tests) 12ms
smoke-test	Run Tests	2025-12-26T03:55:45.0978013Z  ✓ src/policy/shell-safety.test.ts (5 tests) 114ms
smoke-test	Run Tests	2025-12-26T03:55:45.3812787Z  ✓ src/gui/selectors/__tests__/selectors.test.ts (10 tests) 10ms
smoke-test	Run Tests	2025-12-26T03:55:45.5871858Z  ✓ src/utils/debugLogger.test.ts (6 tests) 8ms
smoke-test	Run Tests	2025-12-26T03:55:45.9029435Z  ✓ src/utils/schemaValidator.test.ts (7 tests) 48ms
smoke-test	Run Tests	2025-12-26T03:55:46.1895662Z  ✓ src/computer/ComputerSessionManager.test.ts (6 tests) 624ms
smoke-test	Run Tests	2025-12-26T03:55:46.1897338Z    ✓ ComputerSessionManager > executes code causing output and resolve  602ms
smoke-test	Run Tests	2025-12-26T03:55:48.0759882Z  ✓ src/utils/tool-utils.test.ts (8 tests) 4ms
smoke-test	Run Tests	2025-12-26T03:55:48.3010877Z  ✓ src/utils/customHeaderUtils.test.ts (11 tests) 5ms
smoke-test	Run Tests	2025-12-26T03:55:48.5002900Z  ✓ src/brain/__tests__/taskDecomposer.test.ts (3 tests) 6ms
smoke-test	Run Tests	2025-12-26T03:55:48.7134233Z  ✓ src/core/apiKeyCredentialStorage.test.ts (7 tests) 15ms
smoke-test	Run Tests	2025-12-26T03:55:48.7709061Z  ✓ src/brain/__tests__/thinkingOrchestrator.test.ts (3 tests) 2640ms
smoke-test	Run Tests	2025-12-26T03:55:48.9385331Z  ✓ src/utils/textUtils.test.ts (12 tests) 7ms
smoke-test	Run Tests	2025-12-26T03:55:49.1823965Z  ✓ src/utils/thoughtUtils.test.ts (11 tests) 5ms
smoke-test	Run Tests	2025-12-26T03:55:49.2588486Z  ✓ src/tools/get-internal-docs.test.ts (4 tests) 57ms
smoke-test	Run Tests	2025-12-26T03:55:49.4912407Z  ✓ src/utils/safeJsonStringify.test.ts (8 tests) 5ms
smoke-test	Run Tests	2025-12-26T03:55:49.7079873Z  ✓ src/brain/__tests__/environmentDetector.test.ts (6 tests) 5ms
smoke-test	Run Tests	2025-12-26T03:55:49.8740795Z  ✓ src/brain/__tests__/advisors.test.ts (6 tests) 2635ms
smoke-test	Run Tests	2025-12-26T03:55:49.9376051Z  ✓ src/resources/resource-registry.test.ts (4 tests) 6ms
smoke-test	Run Tests	2025-12-26T03:55:50.1632948Z  ✓ src/gui/protocol/__tests__/schema.test.ts (8 tests) 11ms
smoke-test	Run Tests	2025-12-26T03:55:50.2115155Z  ✓ src/config/storage.test.ts (8 tests) 5ms
smoke-test	Run Tests	2025-12-26T03:55:50.4283550Z  ✓ src/utils/geminiIgnoreParser.test.ts (2 tests) 18ms
smoke-test	Run Tests	2025-12-26T03:55:50.6816836Z  ✓ src/agents/introspection-agent.test.ts (5 tests) 5ms
smoke-test	Run Tests	2025-12-26T03:55:50.9277555Z  ✓ src/brain/__tests__/executionRouter.test.ts (4 tests) 5ms
smoke-test	Run Tests	2025-12-26T03:55:51.1741806Z  ✓ src/routing/strategies/overrideStrategy.test.ts (3 tests) 5ms
smoke-test	Run Tests	2025-12-26T03:55:51.4673628Z  ✓ src/brain/__tests__/historyTracker.test.ts (3 tests) 17ms
smoke-test	Run Tests	2025-12-26T03:55:51.7348346Z  ✓ src/brain/__tests__/pacLoop.test.ts (3 tests) 7ms
smoke-test	Run Tests	2025-12-26T03:55:51.9706717Z  ✓ src/safety/context-builder.test.ts (3 tests) 10ms
smoke-test	Run Tests	2025-12-26T03:55:52.2358481Z  ✓ src/tools/tool-names.test.ts (5 tests) 8ms
smoke-test	Run Tests	2025-12-26T03:55:52.5235330Z  ✓ src/core/providerTypes.test.ts (4 tests) 6ms
smoke-test	Run Tests	2025-12-26T03:55:52.7003910Z  ✓ src/telemetry/telemetry.test.ts (2 tests) 25ms
smoke-test	Run Tests	2025-12-26T03:55:52.7875169Z working stdout ✓ src/utils/stdio.test.ts (2 tests) 6ms
smoke-test	Run Tests	2025-12-26T03:55:53.0043465Z  ✓ src/utils/filesearch/result-cache.test.ts (3 tests) 5ms
smoke-test	Run Tests	2025-12-26T03:55:53.2563140Z  ✓ src/services/fileSystemService.test.ts (3 tests) 8ms
smoke-test	Run Tests	2025-12-26T03:55:53.4917520Z  ✓ src/agents/codebase-investigator.test.ts (2 tests) 4ms
smoke-test	Run Tests	2025-12-26T03:55:53.9345126Z  ✓ src/agents/remote-invocation.test.ts (2 tests) 5ms
smoke-test	Run Tests	2025-12-26T03:55:54.1843871Z  ✓ src/prompts/mcp-prompts.test.ts (2 tests) 7ms
smoke-test	Run Tests	2025-12-26T03:55:54.4183604Z  ✓ src/safety/registry.test.ts (4 tests) 8ms
smoke-test	Run Tests	2025-12-26T03:55:54.6655870Z  ✓ src/utils/version.test.ts (3 tests) 8ms
smoke-test	Run Tests	2025-12-26T03:55:54.9181367Z  ✓ src/telemetry/telemetry-utils.test.ts (6 tests) 4ms
smoke-test	Run Tests	2025-12-26T03:55:54.9637761Z  ✓ src/config/flashFallback.test.ts (2 tests) 6ms
smoke-test	Run Tests	2025-12-26T03:55:55.1940084Z  ✓ src/brain/__tests__/confidenceHandler.test.ts (4 tests) 6ms
smoke-test	Run Tests	2025-12-26T03:55:55.2757485Z  ✓ src/routing/strategies/defaultStrategy.test.ts (1 test) 5ms
smoke-test	Run Tests	2025-12-26T03:55:55.4585522Z  ✓ src/core/tokenLimits.test.ts (5 tests) 5ms
smoke-test	Run Tests	2025-12-26T03:55:55.5389448Z  ✓ src/safety/risk-classifier.test.ts (5 tests) 7ms
smoke-test	Run Tests	2025-12-26T03:55:55.6917617Z  ✓ src/utils/formatters.test.ts (4 tests) 5ms
smoke-test	Run Tests	2025-12-26T03:55:55.7640103Z  ✓ src/commands/init.test.ts (2 tests) 4ms
smoke-test	Run Tests	2025-12-26T03:55:55.9225278Z  ✓ src/commands/extensions.test.ts (1 test) 7ms
smoke-test	Run Tests	2025-12-26T03:55:55.9900124Z  ✓ src/index.test.ts (1 test) 3ms
smoke-test	Run Tests	2025-12-26T03:55:57.4495100Z  ✓ src/brain/__tests__/cognitiveArchitecture.test.ts (6 tests) 8013ms
smoke-test	Run Tests	2025-12-26T03:55:57.4496245Z    ✓ Cognitive Architecture Integration > SystemSpec > should scan system synchronously  2608ms
smoke-test	Run Tests	2025-12-26T03:55:57.4497237Z    ✓ Cognitive Architecture Integration > SystemSpec > should format spec for prompt  2703ms
smoke-test	Run Tests	2025-12-26T03:55:57.4498038Z    ✓ Cognitive Architecture Integration > Consensus Framework > should run advisors and select an approach  2697ms
smoke-test	Run Tests	2025-12-26T03:56:00.8573682Z 
smoke-test	Run Tests	2025-12-26T03:56:00.8589404Z  Test Files  223 passed | 2 skipped (225)
smoke-test	Run Tests	2025-12-26T03:56:00.8603158Z       Tests  3828 passed | 104 skipped (3932)
smoke-test	Run Tests	2025-12-26T03:56:00.8603876Z    Start at  03:54:19
smoke-test	Run Tests	2025-12-26T03:56:00.8610652Z    Duration  101.32s (transform 6.79s, setup 843ms, collect 159.53s, tests 55.90s, environment 78ms, prepare 22.61s)
smoke-test	Run Tests	2025-12-26T03:56:00.8611331Z 
smoke-test	Run Tests	2025-12-26T03:56:01.6206915Z JUNIT report written to /home/runner/work/terminaI/terminaI/packages/core/junit.xml
smoke-test	Run Tests	2025-12-26T03:56:01.6241731Z  % Coverage report from v8
smoke-test	Run Tests	2025-12-26T03:56:02.5540654Z 
smoke-test	Run Tests	2025-12-26T03:56:02.5541090Z > @terminai/cli-wrapper@0.21.0 test:ci
smoke-test	Run Tests	2025-12-26T03:56:02.5541421Z > vitest run --passWithNoTests
smoke-test	Run Tests	2025-12-26T03:56:02.5541584Z 
smoke-test	Run Tests	2025-12-26T03:56:02.8464214Z 
smoke-test	Run Tests	2025-12-26T03:56:02.8469005Z  RUN  v3.2.4 /home/runner/work/terminaI/terminaI/packages/termai
smoke-test	Run Tests	2025-12-26T03:56:02.8469562Z 
smoke-test	Run Tests	2025-12-26T03:56:02.8553369Z No test files found, exiting with code 0
smoke-test	Run Tests	2025-12-26T03:56:02.8553824Z 
smoke-test	Run Tests	2025-12-26T03:56:02.8554962Z working stderrinclude: **/*.{test,spec}.?(c|m)[jt]s?(x)
smoke-test	Run Tests	2025-12-26T03:56:02.8556443Z exclude:  **/node_modules/**, **/dist/**, **/cypress/**, **/.{idea,git,cache,output,temp}/**, **/{karma,rollup,webpack,vite,vitest,jest,ava,babel,nyc,cypress,tsup,build,eslint,prettier}.config.*
smoke-test	Run Tests	2025-12-26T03:56:02.8557618Z 
smoke-test	Run Tests	2025-12-26T03:56:02.8700580Z 
smoke-test	Run Tests	2025-12-26T03:56:02.8701110Z > @terminai/vscode-ide-companion@0.21.0 test:ci
smoke-test	Run Tests	2025-12-26T03:56:02.8701584Z > vitest run --coverage
smoke-test	Run Tests	2025-12-26T03:56:02.8701728Z 
smoke-test	Run Tests	2025-12-26T03:56:03.2963014Z 
smoke-test	Run Tests	2025-12-26T03:56:03.2967971Z  RUN  v3.2.4 /home/runner/work/terminaI/terminaI/packages/vscode-ide-companion
smoke-test	Run Tests	2025-12-26T03:56:03.2968653Z       Coverage enabled with v8
smoke-test	Run Tests	2025-12-26T03:56:03.2968870Z 
smoke-test	Run Tests	2025-12-26T03:56:03.8069015Z  ✓ src/open-files-manager.test.ts (17 tests) 48ms
smoke-test	Run Tests	2025-12-26T03:56:04.3227695Z  ✓ src/ide-server.test.ts (13 tests | 1 skipped) 146ms
smoke-test	Run Tests	2025-12-26T03:56:04.3335865Z  ✓ src/extension.test.ts (11 tests) 111ms
smoke-test	Run Tests	2025-12-26T03:56:04.5807888Z 
smoke-test	Run Tests	2025-12-26T03:56:04.5812399Z  Test Files  3 passed (3)
smoke-test	Run Tests	2025-12-26T03:56:04.5814936Z       Tests  40 passed | 1 skipped (41)
smoke-test	Run Tests	2025-12-26T03:56:04.5816624Z    Start at  03:56:03
smoke-test	Run Tests	2025-12-26T03:56:04.5817351Z    Duration  1.28s (transform 472ms, setup 0ms, collect 1.40s, tests 305ms, environment 1ms, prepare 313ms)
smoke-test	Run Tests	2025-12-26T03:56:04.5817962Z 
smoke-test	Run Tests	2025-12-26T03:56:04.5827234Z  % Coverage report from v8
smoke-test	Run Tests	2025-12-26T03:56:04.5864053Z -------------------|---------|----------|---------|---------|-------------------
smoke-test	Run Tests	2025-12-26T03:56:04.5865203Z File               | % Stmts | % Branch | % Funcs | % Lines | Uncovered Line #s 
smoke-test	Run Tests	2025-12-26T03:56:04.5865823Z -------------------|---------|----------|---------|---------|-------------------
smoke-test	Run Tests	2025-12-26T03:56:04.5871972Z All files          |   46.72 |       75 |    55.1 |   46.72 |                   
smoke-test	Run Tests	2025-12-26T03:56:04.5872819Z  ...-ide-companion |       0 |        0 |       0 |       0 |                   
smoke-test	Run Tests	2025-12-26T03:56:04.5875123Z   esbuild.js       |       0 |        0 |       0 |       0 | 1-69              
smoke-test	Run Tests	2025-12-26T03:56:04.5876508Z  ...panion/scripts |       0 |        0 |       0 |       0 |                   
smoke-test	Run Tests	2025-12-26T03:56:04.5877708Z   ...de-release.js |       0 |        0 |       0 |       0 | 1-99              
smoke-test	Run Tests	2025-12-26T03:56:04.5878179Z   ...te-notices.js |       0 |        0 |       0 |       0 | 1-189             
smoke-test	Run Tests	2025-12-26T03:56:04.5878711Z  ...-companion/src |   61.68 |    77.45 |   57.77 |   61.68 |                   
smoke-test	Run Tests	2025-12-26T03:56:04.5880486Z   diff-manager.ts  |   24.86 |       80 |      25 |   24.86 | ...28-229,232-257 
smoke-test	Run Tests	2025-12-26T03:56:04.5882213Z   extension.ts     |   67.19 |       80 |      50 |   67.19 | ...11-215,220-234 
smoke-test	Run Tests	2025-12-26T03:56:04.5886474Z   ide-server.ts    |   64.93 |    70.83 |   68.75 |   64.93 | ...53-456,465-476 
smoke-test	Run Tests	2025-12-26T03:56:04.5887796Z   ...es-manager.ts |   94.32 |    85.29 |     100 |   94.32 | ...86,144-145,152 
smoke-test	Run Tests	2025-12-26T03:56:04.5895570Z  ...nion/src/utils |   88.23 |    66.66 |     100 |   88.23 |                   
smoke-test	Run Tests	2025-12-26T03:56:04.5896256Z   logger.ts        |   88.23 |    66.66 |     100 |   88.23 | 22-23             
smoke-test	Run Tests	2025-12-26T03:56:04.5897225Z -------------------|---------|----------|---------|---------|-------------------
smoke-test	Run Tests	2025-12-26T03:56:04.6550883Z ##[error]Process completed with exit code 1.
smoke-test	Create Issue on Failure	﻿2025-12-26T03:56:04.6642033Z ##[group]Run gh issue create \
smoke-test	Create Issue on Failure	2025-12-26T03:56:04.6642324Z [36;1mgh issue create \[0m
smoke-test	Create Issue on Failure	2025-12-26T03:56:04.6642642Z [36;1m  --title 'Smoke test failed on ${REF} @ $(date +'%Y-%m-%d')' \[0m
smoke-test	Create Issue on Failure	2025-12-26T03:56:04.6643106Z [36;1m  --body 'Smoke test build failed. See the full run for details: ${DETAILS_URL}' \[0m
smoke-test	Create Issue on Failure	2025-12-26T03:56:04.6643476Z [36;1m  --label 'priority/p0'[0m
smoke-test	Create Issue on Failure	2025-12-26T03:56:04.6676599Z shell: /usr/bin/bash -e {0}
smoke-test	Create Issue on Failure	2025-12-26T03:56:04.6676832Z env:
smoke-test	Create Issue on Failure	2025-12-26T03:56:04.6677323Z   GITHUB_TOKEN: ***
smoke-test	Create Issue on Failure	2025-12-26T03:56:04.6677657Z   DETAILS_URL: https://github.com/Prof-Harita/terminaI/actions/runs/20515447519
smoke-test	Create Issue on Failure	2025-12-26T03:56:04.6678020Z   REF: 
smoke-test	Create Issue on Failure	2025-12-26T03:56:04.6678184Z ##[endgroup]
smoke-test	Create Issue on Failure	2025-12-26T03:56:05.5722989Z https://github.com/Prof-Harita/terminaI/issues/3
smoke-test	Post Checkout	﻿2025-12-26T03:56:05.5832230Z Post job cleanup.
smoke-test	Post Checkout	2025-12-26T03:56:05.6614057Z [command]/usr/bin/git version
smoke-test	Post Checkout	2025-12-26T03:56:05.6650401Z git version 2.52.0
smoke-test	Post Checkout	2025-12-26T03:56:05.6721900Z Temporarily overriding HOME='/home/runner/work/_temp/35518cc4-eab0-40c4-adf1-7c15c7c04cd1' before making global git config changes
smoke-test	Post Checkout	2025-12-26T03:56:05.6723142Z Adding repository directory to the temporary git global config as a safe directory
smoke-test	Post Checkout	2025-12-26T03:56:05.6728135Z [command]/usr/bin/git config --global --add safe.directory /home/runner/work/terminaI/terminaI
smoke-test	Post Checkout	2025-12-26T03:56:05.6765444Z [command]/usr/bin/git config --local --name-only --get-regexp core\.sshCommand
smoke-test	Post Checkout	2025-12-26T03:56:05.6797629Z [command]/usr/bin/git submodule foreach --recursive sh -c "git config --local --name-only --get-regexp 'core\.sshCommand' && git config --local --unset-all 'core.sshCommand' || :"
smoke-test	Post Checkout	2025-12-26T03:56:05.7030974Z [command]/usr/bin/git config --local --name-only --get-regexp http\.https\:\/\/github\.com\/\.extraheader
smoke-test	Post Checkout	2025-12-26T03:56:05.7054595Z http.https://github.com/.extraheader
smoke-test	Post Checkout	2025-12-26T03:56:05.7064202Z [command]/usr/bin/git config --local --unset-all http.https://github.com/.extraheader
smoke-test	Post Checkout	2025-12-26T03:56:05.7097986Z [command]/usr/bin/git submodule foreach --recursive sh -c "git config --local --name-only --get-regexp 'http\.https\:\/\/github\.com\/\.extraheader' && git config --local --unset-all 'http.https://github.com/.extraheader' || :"
smoke-test	Complete job	﻿2025-12-26T03:56:05.7439889Z Cleaning up orphan processes
